13:47:18  Output dir : /home/amirabbas-kazeminia/Projects/pruning/outputs/complex2_resnet/f0c9f385/b039d203/62acb063
13:47:18  Log dir    : /home/amirabbas-kazeminia/Projects/pruning/logs/complex2_resnet/f0c9f385/b039d203/62acb063
13:47:18  Model: ResNet(
  (blocks): ModuleList(
    (0): ResidualBlock(
      (branch): Sequential(
        (0): Linear(in_features=1, out_features=128, bias=True)
        (1): ReLU()
        (2): Linear(in_features=128, out_features=128, bias=True)
      )
      (shortcut): Linear(in_features=1, out_features=128, bias=False)
      (relu): ReLU()
    )
    (1): ResidualBlock(
      (branch): Sequential(
        (0): Linear(in_features=128, out_features=128, bias=True)
        (1): ReLU()
        (2): Linear(in_features=128, out_features=128, bias=True)
      )
      (shortcut): Identity()
      (relu): ReLU()
    )
  )
  (head): Linear(in_features=128, out_features=1, bias=True)
)
13:47:18  Fitting complex2(x) with 50049 parameters
13:47:18  === Training ===
13:47:21  Epoch   50 | train 67.492836 | val 57.509193
13:47:21  Epoch  100 | train 0.926442 | val 0.712558
13:47:21  Epoch  150 | train 0.035849 | val 0.024841
13:47:21  Epoch  200 | train 0.036306 | val 0.042245
13:47:21  Epoch  250 | train 0.016992 | val 0.016967
13:47:21  Epoch  300 | train 0.046020 | val 0.043082
13:47:21  Epoch  350 | train 0.139675 | val 0.082933
13:47:21  Epoch  400 | train 0.016322 | val 0.019252
13:47:21  Epoch  450 | train 0.023912 | val 0.040079
13:47:21  Epoch  500 | train 0.019329 | val 0.014724
13:47:21  Epoch  550 | train 0.011053 | val 0.013061
13:47:21  Epoch  600 | train 0.014261 | val 0.016775
13:47:21  Epoch  650 | train 0.059065 | val 0.090745
13:47:22  Epoch  700 | train 0.012948 | val 0.010078
13:47:22  Epoch  750 | train 0.011994 | val 0.011337
13:47:22  Epoch  800 | train 0.011431 | val 0.012222
13:47:22  Epoch  850 | train 0.034917 | val 0.028900
13:47:22  Epoch  900 | train 0.011525 | val 0.015239
13:47:22  Epoch  950 | train 0.202899 | val 0.550083
13:47:22  Epoch 1000 | train 0.011245 | val 0.010661
13:47:22  Epoch 1050 | train 0.008302 | val 0.011604
13:47:22  Epoch 1100 | train 0.007834 | val 0.012213
13:47:22  Epoch 1150 | train 0.007504 | val 0.012660
13:47:22  Epoch 1200 | train 0.007220 | val 0.013038
13:47:22  Epoch 1250 | train 0.007334 | val 0.017232
13:47:22  Epoch 1300 | train 0.046149 | val 0.255281
13:47:23  Epoch 1350 | train 0.007177 | val 0.014573
13:47:23  Epoch 1400 | train 0.005967 | val 0.015005
13:47:23  Epoch 1450 | train 0.008183 | val 0.016477
13:47:23  Epoch 1500 | train 0.174999 | val 0.734964
13:47:23  Epoch 1550 | train 0.005749 | val 0.015192
13:47:23  Epoch 1600 | train 0.004304 | val 0.015490
13:47:23  Epoch 1650 | train 0.004189 | val 0.015926
13:47:23  Epoch 1700 | train 0.004127 | val 0.016087
13:47:23  Epoch 1750 | train 0.023604 | val 0.066499
13:47:23  Epoch 1800 | train 0.030918 | val 0.062390
13:47:23  Epoch 1850 | train 0.005144 | val 0.018258
13:47:23  Epoch 1900 | train 0.004626 | val 0.017950
13:47:23  Epoch 1950 | train 0.143737 | val 0.316289
13:47:24  Epoch 2000 | train 0.006795 | val 0.023440
13:47:24  Epoch 2050 | train 0.531102 | val 0.409155
13:47:24  Epoch 2100 | train 0.006166 | val 0.014937
13:47:24  Epoch 2150 | train 0.004438 | val 0.015046
13:47:24  Epoch 2200 | train 0.004114 | val 0.015331
13:47:24  Epoch 2250 | train 0.003967 | val 0.015467
13:47:24  Epoch 2300 | train 0.003868 | val 0.015312
13:47:24  Epoch 2350 | train 0.003777 | val 0.015556
13:47:24  Epoch 2400 | train 0.015741 | val 0.039836
13:47:24  Epoch 2450 | train 4.322772 | val 10.683814
13:47:24  Epoch 2500 | train 0.014654 | val 0.036401
13:47:24  Epoch 2550 | train 0.004241 | val 0.017553
13:47:25  Epoch 2600 | train 0.003790 | val 0.019237
13:47:25  Epoch 2650 | train 0.003638 | val 0.019881
13:47:25  Epoch 2700 | train 0.003539 | val 0.020099
13:47:25  Epoch 2750 | train 0.005865 | val 0.021009
13:47:25  Epoch 2800 | train 0.011774 | val 0.029496
13:47:25  Epoch 2850 | train 0.003380 | val 0.019443
13:47:25  Epoch 2900 | train 0.127721 | val 0.249490
13:47:25  Epoch 2950 | train 0.005834 | val 0.021573
13:47:25  Epoch 3000 | train 0.003719 | val 0.019110
13:47:25  Epoch 3050 | train 0.002924 | val 0.018948
13:47:25  Epoch 3100 | train 0.002817 | val 0.019868
13:47:25  Epoch 3150 | train 0.002878 | val 0.021674
13:47:25  Epoch 3200 | train 0.615605 | val 1.695794
13:47:26  Epoch 3250 | train 0.005093 | val 0.029854
13:47:26  Epoch 3300 | train 0.002613 | val 0.019296
13:47:26  Epoch 3350 | train 0.002475 | val 0.020227
13:47:26  Epoch 3400 | train 0.159303 | val 0.366996
13:47:26  Epoch 3450 | train 0.003414 | val 0.020513
13:47:26  Epoch 3500 | train 0.002448 | val 0.020834
13:47:26  Epoch 3550 | train 0.202114 | val 0.434514
13:47:26  Epoch 3600 | train 0.004439 | val 0.022715
13:47:26  Epoch 3650 | train 0.002470 | val 0.020164
13:47:26  Epoch 3700 | train 0.023763 | val 0.216609
13:47:26  Epoch 3750 | train 0.003947 | val 0.019741
13:47:26  Epoch 3800 | train 0.037613 | val 0.132628
13:47:26  Epoch 3850 | train 0.027861 | val 0.054343
13:47:27  Epoch 3900 | train 0.002907 | val 0.016469
13:47:27  Epoch 3950 | train 0.057262 | val 0.076859
13:47:27  Epoch 4000 | train 0.002730 | val 0.015123
13:47:27  Epoch 4050 | train 0.002560 | val 0.015988
13:47:27  Epoch 4100 | train 0.010949 | val 0.143780
13:47:27  Epoch 4150 | train 0.003131 | val 0.016157
13:47:27  Epoch 4200 | train 0.002304 | val 0.018826
13:47:27  Epoch 4250 | train 0.002195 | val 0.018911
13:47:27  Epoch 4300 | train 0.002155 | val 0.019168
13:47:27  Epoch 4350 | train 0.126929 | val 0.506654
13:47:27  Epoch 4400 | train 0.005341 | val 0.029221
13:47:27  Epoch 4450 | train 0.002611 | val 0.018480
13:47:27  Epoch 4500 | train 0.002327 | val 0.019154
13:47:28  Epoch 4550 | train 0.002194 | val 0.019143
13:47:28  Epoch 4600 | train 0.003606 | val 0.027522
13:47:28  Epoch 4650 | train 0.032490 | val 0.063463
13:47:28  Epoch 4700 | train 0.002240 | val 0.018624
13:47:28  Epoch 4750 | train 0.015907 | val 0.079946
13:47:28  Epoch 4800 | train 0.010631 | val 0.030637
13:47:28  Epoch 4850 | train 0.002357 | val 0.018982
13:47:28  Epoch 4900 | train 0.034871 | val 0.027771
13:47:28  Epoch 4950 | train 0.002318 | val 0.018688
13:47:28  Epoch 5000 | train 0.002182 | val 0.019561
13:47:28  === Pruning ===
13:47:28    Layer 0: silent=5  redundant=25  | removed=30  remaining=98
13:47:28    Layer 1: silent=39  redundant=0  | removed=39  remaining=89
13:47:28    Total removed: 69
13:47:28  === Efficiency: original vs pruned ===
13:47:28    Parameters :   50,049  →    36,126   (27.8% reduction)
13:47:28    Model size :   195.50 KB  →    141.12 KB
13:47:28    FLOPs      :   99,072  →    71,364   (28.0% reduction)
13:47:28    Infer time :    34.91 µs  →     45.78 µs   (-31.1% faster)
13:47:28  === Fine-tuning ===
13:47:28  Epoch   50 | train 1.445081 | val 1.583429
13:47:29  Epoch  100 | train 0.193738 | val 0.303866
13:47:29  Epoch  150 | train 0.081747 | val 0.142620
13:47:29  Epoch  200 | train 0.056558 | val 0.094709
13:47:29  Epoch  250 | train 0.042281 | val 0.070510
13:47:29  Epoch  300 | train 0.032036 | val 0.054735
13:47:29  Epoch  350 | train 0.024263 | val 0.044199
13:47:29  Epoch  400 | train 0.018617 | val 0.036757
13:47:29  Epoch  450 | train 0.014442 | val 0.031317
13:47:29  Epoch  500 | train 0.011329 | val 0.027969
13:47:29  Epoch  550 | train 0.009076 | val 0.025840
13:47:29  Epoch  600 | train 0.007595 | val 0.024568
13:47:29  Epoch  650 | train 0.006587 | val 0.023957
13:47:29  Epoch  700 | train 0.005863 | val 0.023490
13:47:29  Epoch  750 | train 0.005313 | val 0.023263
13:47:29  Epoch  800 | train 0.004839 | val 0.023215
13:47:30  Epoch  850 | train 0.004478 | val 0.022993
13:47:30  Epoch  900 | train 0.004206 | val 0.022748
13:47:30  Epoch  950 | train 0.004050 | val 0.022562
13:47:30  Epoch 1000 | train 0.003956 | val 0.022432
13:47:30  Epoch 1050 | train 0.003882 | val 0.022271
13:47:30  Epoch 1100 | train 0.003823 | val 0.022167
13:47:30  Epoch 1150 | train 0.003775 | val 0.021967
13:47:30  Epoch 1200 | train 0.003734 | val 0.021877
13:47:30  Epoch 1250 | train 0.003698 | val 0.021726
13:47:30  Epoch 1300 | train 0.003666 | val 0.021628
13:47:30  Epoch 1350 | train 0.003635 | val 0.021523
13:47:30  Epoch 1400 | train 0.003607 | val 0.021464
13:47:30  Epoch 1450 | train 0.003580 | val 0.021387
13:47:30  Epoch 1500 | train 0.003553 | val 0.021325
13:47:30  Epoch 1550 | train 0.003527 | val 0.021302
13:47:31  Epoch 1600 | train 0.003502 | val 0.021260
13:47:31  Epoch 1650 | train 0.003477 | val 0.021257
13:47:31  Epoch 1700 | train 0.003453 | val 0.021250
13:47:31  Epoch 1750 | train 0.003430 | val 0.021235
13:47:31  Epoch 1800 | train 0.003406 | val 0.021227
13:47:31  Epoch 1850 | train 0.003383 | val 0.021213
13:47:31  Epoch 1900 | train 0.003360 | val 0.021218
13:47:31  Epoch 1950 | train 0.003337 | val 0.021218
13:47:31  Epoch 2000 | train 0.003314 | val 0.021210
13:47:31  Epoch 2050 | train 0.003290 | val 0.021208
13:47:31  Epoch 2100 | train 0.003268 | val 0.021228
13:47:31  Epoch 2150 | train 0.003244 | val 0.021288
13:47:31  Epoch 2200 | train 0.003221 | val 0.021323
13:47:31  Epoch 2250 | train 0.003198 | val 0.021396
13:47:31  Epoch 2300 | train 0.003174 | val 0.021438
13:47:31  Epoch 2350 | train 0.003150 | val 0.021496
13:47:32  Epoch 2400 | train 0.003126 | val 0.021584
13:47:32  Epoch 2450 | train 0.003102 | val 0.021649
13:47:32  Epoch 2500 | train 0.003078 | val 0.021664
13:47:32  Epoch 2550 | train 0.003054 | val 0.021677
13:47:32  Epoch 2600 | train 0.003030 | val 0.021669
13:47:32  Epoch 2650 | train 0.003005 | val 0.021646
13:47:32  Epoch 2700 | train 0.002980 | val 0.021651
13:47:32  Epoch 2750 | train 0.002955 | val 0.021612
13:47:32  Epoch 2800 | train 0.002931 | val 0.021565
13:47:32  Epoch 2850 | train 0.002906 | val 0.021495
13:47:32  Epoch 2900 | train 0.002881 | val 0.021431
13:47:32  Epoch 2950 | train 0.002853 | val 0.021467
13:47:32  Epoch 3000 | train 0.002813 | val 0.021409
13:47:32  Epoch 3050 | train 0.002773 | val 0.021434
13:47:32  Epoch 3100 | train 0.002738 | val 0.021480
13:47:33  Epoch 3150 | train 0.002703 | val 0.021525
13:47:33  Epoch 3200 | train 0.002669 | val 0.021530
13:47:33  Epoch 3250 | train 0.002636 | val 0.021650
13:47:33  Epoch 3300 | train 0.002601 | val 0.021773
13:47:33  Epoch 3350 | train 0.002567 | val 0.021941
13:47:33  Epoch 3400 | train 0.002532 | val 0.022008
13:47:33  Epoch 3450 | train 0.002496 | val 0.022057
13:47:33  Epoch 3500 | train 0.002461 | val 0.021980
13:47:33  Epoch 3550 | train 0.002427 | val 0.021969
13:47:33  Epoch 3600 | train 0.002392 | val 0.021921
13:47:33  Epoch 3650 | train 0.002357 | val 0.021893
13:47:33  Epoch 3700 | train 0.002323 | val 0.021804
13:47:33  Epoch 3750 | train 0.002287 | val 0.021744
13:47:33  Epoch 3800 | train 0.002248 | val 0.021712
13:47:33  Epoch 3850 | train 0.002211 | val 0.021642
13:47:34  Epoch 3900 | train 0.002173 | val 0.021595
13:47:34  Epoch 3950 | train 0.002134 | val 0.021598
13:47:34  Epoch 4000 | train 0.002098 | val 0.021604
13:47:34  Epoch 4050 | train 0.002062 | val 0.021598
13:47:34  Epoch 4100 | train 0.002027 | val 0.021458
13:47:34  Epoch 4150 | train 0.001992 | val 0.021840
13:47:34  Epoch 4200 | train 0.001956 | val 0.021502
13:47:34  Epoch 4250 | train 0.001923 | val 0.021647
13:47:34  Epoch 4300 | train 0.001898 | val 0.021478
13:47:34  Epoch 4350 | train 0.001864 | val 0.021660
13:47:34  Epoch 4400 | train 0.001829 | val 0.021581
13:47:34  Epoch 4450 | train 0.001798 | val 0.021936
13:47:34  Epoch 4500 | train 0.001768 | val 0.021661
13:47:34  Epoch 4550 | train 0.001739 | val 0.021842
13:47:34  Epoch 4600 | train 0.001711 | val 0.021896
13:47:34  Epoch 4650 | train 0.001684 | val 0.021945
13:47:35  Epoch 4700 | train 0.001664 | val 0.021915
13:47:35  Epoch 4750 | train 0.001633 | val 0.021747
13:47:35  Epoch 4800 | train 0.001608 | val 0.022087
13:47:35  Epoch 4850 | train 0.001581 | val 0.021872
13:47:35  Epoch 4900 | train 0.001560 | val 0.021896
13:47:35  Epoch 4950 | train 0.001545 | val 0.022057
13:47:35  Epoch 5000 | train 0.001550 | val 0.022527
13:47:35  Epoch 5050 | train 0.001508 | val 0.022081
13:47:35  Epoch 5100 | train 0.001491 | val 0.022248
13:47:35  Epoch 5150 | train 0.001491 | val 0.021770
13:47:35  Epoch 5200 | train 0.001464 | val 0.022148
13:47:35  Epoch 5250 | train 0.001444 | val 0.022168
13:47:35  Epoch 5300 | train 0.001434 | val 0.022115
13:47:35  Epoch 5350 | train 0.001428 | val 0.021835
13:47:35  Epoch 5400 | train 0.001454 | val 0.021635
13:47:36  Epoch 5450 | train 0.001508 | val 0.023068
13:47:36  Epoch 5500 | train 0.001437 | val 0.021590
13:47:36  Epoch 5550 | train 0.001445 | val 0.021653
13:47:36  Epoch 5600 | train 0.001372 | val 0.021946
13:47:36  Epoch 5650 | train 0.001427 | val 0.021514
13:47:36  Epoch 5700 | train 0.001350 | val 0.021904
13:47:36  Epoch 5750 | train 0.001649 | val 0.021898
13:47:36  Epoch 5800 | train 0.001376 | val 0.021674
13:47:36  Epoch 5850 | train 0.001827 | val 0.021641
13:47:36  Epoch 5900 | train 0.001344 | val 0.022259
13:47:36  Epoch 5950 | train 0.001421 | val 0.021413
13:47:36  Epoch 6000 | train 0.001302 | val 0.021996
13:47:36  Epoch 6050 | train 0.001342 | val 0.022346
13:47:36  Epoch 6100 | train 0.001303 | val 0.022169
13:47:37  Epoch 6150 | train 0.001287 | val 0.021979
13:47:37  Epoch 6200 | train 0.001278 | val 0.022106
13:47:37  Epoch 6250 | train 0.001289 | val 0.022422
13:47:37  Epoch 6300 | train 0.001526 | val 0.023320
13:47:37  Epoch 6350 | train 0.001266 | val 0.022172
13:47:37  Epoch 6400 | train 0.001501 | val 0.023526
13:47:37  Epoch 6450 | train 0.001373 | val 0.022164
13:47:37  Epoch 6500 | train 0.001931 | val 0.022651
13:47:37  Epoch 6550 | train 0.001244 | val 0.022256
13:47:37  Epoch 6600 | train 0.003396 | val 0.025024
13:47:37  Epoch 6650 | train 0.001243 | val 0.022101
13:47:37  Epoch 6700 | train 0.001230 | val 0.022331
13:47:37  Epoch 6750 | train 0.003462 | val 0.028558
13:47:37  Epoch 6800 | train 0.001234 | val 0.022502
13:47:37  Epoch 6850 | train 0.007797 | val 0.036116
13:47:37  Epoch 6900 | train 0.001228 | val 0.022265
13:47:38  Epoch 6950 | train 0.001221 | val 0.022182
13:47:38  Epoch 7000 | train 0.001582 | val 0.023186
13:47:38  Epoch 7050 | train 0.001201 | val 0.022294
13:47:38  Epoch 7100 | train 0.001628 | val 0.024283
13:47:38  Epoch 7150 | train 0.001229 | val 0.022786
13:47:38  Epoch 7200 | train 0.001272 | val 0.022070
13:47:38  Epoch 7250 | train 0.001185 | val 0.022238
13:47:38  Epoch 7300 | train 0.001173 | val 0.022411
13:47:38  Epoch 7350 | train 0.001255 | val 0.022588
13:47:38  Epoch 7400 | train 0.001176 | val 0.022572
13:47:38  Epoch 7450 | train 0.004860 | val 0.028603
13:47:38  Epoch 7500 | train 0.001248 | val 0.023038
13:47:38  Epoch 7550 | train 0.001632 | val 0.022798
13:47:38  Epoch 7600 | train 0.001399 | val 0.022340
13:47:38  Epoch 7650 | train 0.001293 | val 0.022432
13:47:39  Epoch 7700 | train 0.001360 | val 0.023615
13:47:39  Epoch 7750 | train 0.001152 | val 0.022846
13:47:39  Epoch 7800 | train 0.005500 | val 0.031900
13:47:39  Epoch 7850 | train 0.001225 | val 0.023331
13:47:39  Epoch 7900 | train 0.001996 | val 0.023403
13:47:39  Epoch 7950 | train 0.001702 | val 0.023111
13:47:39  Epoch 8000 | train 0.004165 | val 0.031549
13:47:39  Epoch 8050 | train 0.001204 | val 0.023790
13:47:39  Epoch 8100 | train 0.001125 | val 0.023219
13:47:39  Epoch 8150 | train 0.001165 | val 0.023608
13:47:39  Epoch 8200 | train 0.001134 | val 0.023325
13:47:39  Epoch 8250 | train 0.001273 | val 0.023226
13:47:39  Epoch 8300 | train 0.001332 | val 0.024286
13:47:39  Epoch 8350 | train 0.001477 | val 0.024984
13:47:40  Epoch 8400 | train 0.001264 | val 0.023347
13:47:40  Epoch 8450 | train 0.003709 | val 0.027823
13:47:40  Epoch 8500 | train 0.001118 | val 0.023770
13:47:40  Epoch 8550 | train 0.001923 | val 0.024573
13:47:40  Epoch 8600 | train 0.001110 | val 0.023649
13:47:40  Epoch 8650 | train 0.008197 | val 0.033667
13:47:40  Epoch 8700 | train 0.001123 | val 0.023614
13:47:40  Epoch 8750 | train 0.001144 | val 0.023699
13:47:40  Epoch 8800 | train 0.001124 | val 0.023689
13:47:40  Epoch 8850 | train 0.001102 | val 0.024068
13:47:40  Epoch 8900 | train 0.001308 | val 0.023652
13:47:40  Epoch 8950 | train 0.001135 | val 0.024206
13:47:40  Epoch 9000 | train 0.001223 | val 0.024804
13:47:40  Epoch 9050 | train 0.001163 | val 0.024441
13:47:40  Epoch 9100 | train 0.001092 | val 0.024186
13:47:41  Epoch 9150 | train 0.001159 | val 0.024022
13:47:41  Epoch 9200 | train 0.001441 | val 0.025392
13:47:41  Epoch 9250 | train 0.001091 | val 0.024419
13:47:41  Epoch 9300 | train 0.003509 | val 0.025917
13:47:41  Epoch 9350 | train 0.001086 | val 0.024596
13:47:41  Epoch 9400 | train 0.001089 | val 0.024803
13:47:41  Epoch 9450 | train 0.001138 | val 0.025672
13:47:41  Epoch 9500 | train 0.001082 | val 0.024666
13:47:41  Epoch 9550 | train 0.002606 | val 0.026883
13:47:41  Epoch 9600 | train 0.001146 | val 0.024606
13:47:41  Epoch 9650 | train 0.001077 | val 0.024918
13:47:41  Epoch 9700 | train 0.001087 | val 0.024898
13:47:41  Epoch 9750 | train 0.002460 | val 0.026332
13:47:41  Epoch 9800 | train 0.001079 | val 0.025050
13:47:41  Epoch 9850 | train 0.001151 | val 0.025738
13:47:42  Epoch 9900 | train 0.001235 | val 0.026140
13:47:42  Epoch 9950 | train 0.001075 | val 0.025548
13:47:42  Epoch 10000 | train 0.001402 | val 0.025341
13:47:42  === Efficiency: original vs fine-tuned ===
13:47:42    Parameters :   50,049  →    36,126   (27.8% reduction)
13:47:42    Model size :   195.50 KB  →    141.12 KB
13:47:42    FLOPs      :   99,072  →    71,364   (28.0% reduction)
13:47:42    Infer time :    36.26 µs  →     47.83 µs   (-31.9% faster)
13:47:42  Saved results to /home/amirabbas-kazeminia/Projects/pruning/outputs/complex2_resnet/f0c9f385/b039d203/62acb063/results.json
13:48:51  Experiment already exists at /home/amirabbas-kazeminia/Projects/pruning/outputs/complex2_resnet/f0c9f385/b039d203/62acb063 — skipping.
13:48:59  Output dir : /home/amirabbas-kazeminia/Projects/pruning/outputs/complex2_resnet/f0c9f385/b039d203/62acb063
13:48:59  Log dir    : /home/amirabbas-kazeminia/Projects/pruning/logs/complex2_resnet/f0c9f385/b039d203/62acb063
13:48:59  Model: ResNet(
  (blocks): ModuleList(
    (0): ResidualBlock(
      (branch): Sequential(
        (0): Linear(in_features=1, out_features=128, bias=True)
        (1): ReLU()
        (2): Linear(in_features=128, out_features=128, bias=True)
      )
      (shortcut): Linear(in_features=1, out_features=128, bias=False)
      (relu): ReLU()
    )
    (1): ResidualBlock(
      (branch): Sequential(
        (0): Linear(in_features=128, out_features=128, bias=True)
        (1): ReLU()
        (2): Linear(in_features=128, out_features=128, bias=True)
      )
      (shortcut): Identity()
      (relu): ReLU()
    )
  )
  (head): Linear(in_features=128, out_features=1, bias=True)
)
13:48:59  Fitting complex2(x) with 50049 parameters
13:48:59  === Training ===
13:49:01  Epoch   50 | train 67.492836 | val 57.509193
13:49:01  Epoch  100 | train 0.926442 | val 0.712558
13:49:01  Epoch  150 | train 0.035849 | val 0.024841
13:49:01  Epoch  200 | train 0.036306 | val 0.042245
13:49:01  Epoch  250 | train 0.016992 | val 0.016967
13:49:01  Epoch  300 | train 0.046020 | val 0.043082
13:49:01  Epoch  350 | train 0.139675 | val 0.082933
13:49:01  Epoch  400 | train 0.016322 | val 0.019252
13:49:01  Epoch  450 | train 0.023912 | val 0.040079
13:49:01  Epoch  500 | train 0.019329 | val 0.014724
13:49:02  Epoch  550 | train 0.011053 | val 0.013061
13:49:02  Epoch  600 | train 0.014261 | val 0.016775
13:49:02  Epoch  650 | train 0.059065 | val 0.090745
13:49:02  Epoch  700 | train 0.012948 | val 0.010078
13:49:02  Epoch  750 | train 0.011994 | val 0.011337
13:49:02  Epoch  800 | train 0.011431 | val 0.012222
13:49:02  Epoch  850 | train 0.034917 | val 0.028900
13:49:02  Epoch  900 | train 0.011525 | val 0.015239
13:49:02  Epoch  950 | train 0.202899 | val 0.550083
13:49:02  Epoch 1000 | train 0.011245 | val 0.010661
13:49:02  Epoch 1050 | train 0.008302 | val 0.011604
13:49:02  Epoch 1100 | train 0.007834 | val 0.012213
13:49:02  Epoch 1150 | train 0.007504 | val 0.012660
13:49:03  Epoch 1200 | train 0.007220 | val 0.013038
13:49:03  Epoch 1250 | train 0.007334 | val 0.017232
13:49:03  Epoch 1300 | train 0.046149 | val 0.255281
13:49:03  Epoch 1350 | train 0.007177 | val 0.014573
13:49:03  Epoch 1400 | train 0.005967 | val 0.015005
13:49:03  Epoch 1450 | train 0.008183 | val 0.016477
13:49:03  Epoch 1500 | train 0.174999 | val 0.734964
13:49:03  Epoch 1550 | train 0.005749 | val 0.015192
13:49:03  Epoch 1600 | train 0.004304 | val 0.015490
13:49:03  Epoch 1650 | train 0.004189 | val 0.015926
13:49:03  Epoch 1700 | train 0.004127 | val 0.016087
13:49:03  Epoch 1750 | train 0.023604 | val 0.066499
13:49:03  Epoch 1800 | train 0.030918 | val 0.062390
13:49:04  Epoch 1850 | train 0.005144 | val 0.018258
13:49:04  Epoch 1900 | train 0.004626 | val 0.017950
13:49:04  Epoch 1950 | train 0.143737 | val 0.316289
13:49:04  Epoch 2000 | train 0.006795 | val 0.023440
13:49:04  Epoch 2050 | train 0.531102 | val 0.409155
13:49:04  Epoch 2100 | train 0.006166 | val 0.014937
13:49:04  Epoch 2150 | train 0.004438 | val 0.015046
13:49:04  Epoch 2200 | train 0.004114 | val 0.015331
13:49:04  Epoch 2250 | train 0.003967 | val 0.015467
13:49:04  Epoch 2300 | train 0.003868 | val 0.015312
13:49:04  Epoch 2350 | train 0.003777 | val 0.015556
13:49:04  Epoch 2400 | train 0.015741 | val 0.039836
13:49:04  Epoch 2450 | train 4.322772 | val 10.683814
13:49:05  Epoch 2500 | train 0.014654 | val 0.036401
13:49:05  Epoch 2550 | train 0.004241 | val 0.017553
13:49:05  Epoch 2600 | train 0.003790 | val 0.019237
13:49:05  Epoch 2650 | train 0.003638 | val 0.019881
13:49:05  Epoch 2700 | train 0.003539 | val 0.020099
13:49:05  Epoch 2750 | train 0.005865 | val 0.021009
13:49:05  Epoch 2800 | train 0.011774 | val 0.029496
13:49:05  Epoch 2850 | train 0.003380 | val 0.019443
13:49:05  Epoch 2900 | train 0.127721 | val 0.249490
13:49:05  Epoch 2950 | train 0.005834 | val 0.021573
13:49:05  Epoch 3000 | train 0.003719 | val 0.019110
13:49:05  Epoch 3050 | train 0.002924 | val 0.018948
13:49:05  Epoch 3100 | train 0.002817 | val 0.019868
13:49:06  Epoch 3150 | train 0.002878 | val 0.021674
13:49:06  Epoch 3200 | train 0.615605 | val 1.695794
13:49:06  Epoch 3250 | train 0.005093 | val 0.029854
13:49:06  Epoch 3300 | train 0.002613 | val 0.019296
13:49:06  Epoch 3350 | train 0.002475 | val 0.020227
13:49:06  Epoch 3400 | train 0.159303 | val 0.366996
13:49:06  Epoch 3450 | train 0.003414 | val 0.020513
13:49:06  Epoch 3500 | train 0.002448 | val 0.020834
13:49:06  Epoch 3550 | train 0.202114 | val 0.434514
13:49:06  Epoch 3600 | train 0.004439 | val 0.022715
13:49:06  Epoch 3650 | train 0.002470 | val 0.020164
13:49:06  Epoch 3700 | train 0.023763 | val 0.216609
13:49:07  Epoch 3750 | train 0.003947 | val 0.019741
13:49:07  Epoch 3800 | train 0.037613 | val 0.132628
13:49:07  Epoch 3850 | train 0.027861 | val 0.054343
13:49:07  Epoch 3900 | train 0.002907 | val 0.016469
13:49:07  Epoch 3950 | train 0.057262 | val 0.076859
13:49:07  Epoch 4000 | train 0.002730 | val 0.015123
13:49:07  Epoch 4050 | train 0.002560 | val 0.015988
13:49:07  Epoch 4100 | train 0.010949 | val 0.143780
13:49:07  Epoch 4150 | train 0.003131 | val 0.016157
13:49:07  Epoch 4200 | train 0.002304 | val 0.018826
13:49:07  Epoch 4250 | train 0.002195 | val 0.018911
13:49:07  Epoch 4300 | train 0.002155 | val 0.019168
13:49:07  Epoch 4350 | train 0.126929 | val 0.506654
13:49:08  Epoch 4400 | train 0.005341 | val 0.029221
13:49:08  Epoch 4450 | train 0.002611 | val 0.018480
13:49:08  Epoch 4500 | train 0.002327 | val 0.019154
13:49:08  Epoch 4550 | train 0.002194 | val 0.019143
13:49:08  Epoch 4600 | train 0.003606 | val 0.027522
13:49:08  Epoch 4650 | train 0.032490 | val 0.063463
13:49:08  Epoch 4700 | train 0.002240 | val 0.018624
13:49:08  Epoch 4750 | train 0.015907 | val 0.079946
13:49:08  Epoch 4800 | train 0.010631 | val 0.030637
13:49:08  Epoch 4850 | train 0.002357 | val 0.018982
13:49:08  Epoch 4900 | train 0.034871 | val 0.027771
13:49:08  Epoch 4950 | train 0.002318 | val 0.018688
13:49:09  Epoch 5000 | train 0.002182 | val 0.019561
13:49:09  === Pruning ===
13:49:09    Layer 0: silent=5  redundant=25  | removed=30  remaining=98
13:49:09    Layer 1: silent=39  redundant=0  | removed=39  remaining=89
13:49:09    Total removed: 69
13:49:09  === Efficiency: original vs pruned ===
13:49:09    Parameters :   50,049  →    36,126   (27.8% reduction)
13:49:09    Model size :   195.50 KB  →    141.12 KB
13:49:09    FLOPs      :   99,072  →    71,364   (28.0% reduction)
13:49:09    Infer time :    39.33 µs  →     46.98 µs   (-19.4% faster)
13:49:09  === Fine-tuning ===
13:49:09  Epoch   50 | train 1.445081 | val 1.583429
13:49:09  Epoch  100 | train 0.193738 | val 0.303866
13:49:09  Epoch  150 | train 0.081747 | val 0.142620
13:49:09  Epoch  200 | train 0.056558 | val 0.094709
13:49:09  Epoch  250 | train 0.042281 | val 0.070510
13:49:09  Epoch  300 | train 0.032036 | val 0.054735
13:49:09  Epoch  350 | train 0.024263 | val 0.044199
13:49:09  Epoch  400 | train 0.018617 | val 0.036757
13:49:09  Epoch  450 | train 0.014442 | val 0.031317
13:49:09  Epoch  500 | train 0.011329 | val 0.027969
13:49:09  Epoch  550 | train 0.009076 | val 0.025840
13:49:10  Epoch  600 | train 0.007595 | val 0.024568
13:49:10  Epoch  650 | train 0.006587 | val 0.023957
13:49:10  Epoch  700 | train 0.005863 | val 0.023490
13:49:10  Epoch  750 | train 0.005313 | val 0.023263
13:49:10  Epoch  800 | train 0.004839 | val 0.023215
13:49:10  Epoch  850 | train 0.004478 | val 0.022993
13:49:10  Epoch  900 | train 0.004206 | val 0.022748
13:49:10  Epoch  950 | train 0.004050 | val 0.022562
13:49:10  Epoch 1000 | train 0.003956 | val 0.022432
13:49:10  Epoch 1050 | train 0.003882 | val 0.022271
13:49:10  Epoch 1100 | train 0.003823 | val 0.022167
13:49:10  Epoch 1150 | train 0.003775 | val 0.021967
13:49:10  Epoch 1200 | train 0.003734 | val 0.021877
13:49:10  Epoch 1250 | train 0.003698 | val 0.021726
13:49:10  Epoch 1300 | train 0.003666 | val 0.021628
13:49:11  Epoch 1350 | train 0.003635 | val 0.021523
13:49:11  Epoch 1400 | train 0.003607 | val 0.021464
13:49:11  Epoch 1450 | train 0.003580 | val 0.021387
13:49:11  Epoch 1500 | train 0.003553 | val 0.021325
13:49:11  Epoch 1550 | train 0.003527 | val 0.021302
13:49:11  Epoch 1600 | train 0.003502 | val 0.021260
13:49:11  Epoch 1650 | train 0.003477 | val 0.021257
13:49:11  Epoch 1700 | train 0.003453 | val 0.021250
13:49:11  Epoch 1750 | train 0.003430 | val 0.021235
13:49:11  Epoch 1800 | train 0.003406 | val 0.021227
13:49:11  Epoch 1850 | train 0.003383 | val 0.021213
13:49:11  Epoch 1900 | train 0.003360 | val 0.021218
13:49:11  Epoch 1950 | train 0.003337 | val 0.021218
13:49:11  Epoch 2000 | train 0.003314 | val 0.021210
13:49:11  Epoch 2050 | train 0.003290 | val 0.021208
13:49:11  Epoch 2100 | train 0.003268 | val 0.021228
13:49:12  Epoch 2150 | train 0.003244 | val 0.021288
13:49:12  Epoch 2200 | train 0.003221 | val 0.021323
13:49:12  Epoch 2250 | train 0.003198 | val 0.021396
13:49:12  Epoch 2300 | train 0.003174 | val 0.021438
13:49:12  Epoch 2350 | train 0.003150 | val 0.021496
13:49:12  Epoch 2400 | train 0.003126 | val 0.021584
13:49:12  Epoch 2450 | train 0.003102 | val 0.021649
13:49:12  Epoch 2500 | train 0.003078 | val 0.021664
13:49:12  Epoch 2550 | train 0.003054 | val 0.021677
13:49:12  Epoch 2600 | train 0.003030 | val 0.021669
13:49:12  Epoch 2650 | train 0.003005 | val 0.021646
13:49:12  Epoch 2700 | train 0.002980 | val 0.021651
13:49:12  Epoch 2750 | train 0.002955 | val 0.021612
13:49:12  Epoch 2800 | train 0.002931 | val 0.021565
13:49:13  Epoch 2850 | train 0.002906 | val 0.021495
13:49:13  Epoch 2900 | train 0.002881 | val 0.021431
13:49:13  Epoch 2950 | train 0.002853 | val 0.021467
13:49:13  Epoch 3000 | train 0.002813 | val 0.021409
13:49:13  Epoch 3050 | train 0.002773 | val 0.021434
13:49:13  Epoch 3100 | train 0.002738 | val 0.021480
13:49:13  Epoch 3150 | train 0.002703 | val 0.021525
13:49:13  Epoch 3200 | train 0.002669 | val 0.021530
13:49:13  Epoch 3250 | train 0.002636 | val 0.021650
13:49:13  Epoch 3300 | train 0.002601 | val 0.021773
13:49:13  Epoch 3350 | train 0.002567 | val 0.021941
13:49:13  Epoch 3400 | train 0.002532 | val 0.022008
13:49:13  Epoch 3450 | train 0.002496 | val 0.022057
13:49:13  Epoch 3500 | train 0.002461 | val 0.021980
13:49:13  Epoch 3550 | train 0.002427 | val 0.021969
13:49:14  Epoch 3600 | train 0.002392 | val 0.021921
13:49:14  Epoch 3650 | train 0.002357 | val 0.021893
13:49:14  Epoch 3700 | train 0.002323 | val 0.021804
13:49:14  Epoch 3750 | train 0.002287 | val 0.021744
13:49:14  Epoch 3800 | train 0.002248 | val 0.021712
13:49:14  Epoch 3850 | train 0.002211 | val 0.021642
13:49:14  Epoch 3900 | train 0.002173 | val 0.021595
13:49:14  Epoch 3950 | train 0.002134 | val 0.021598
13:49:14  Epoch 4000 | train 0.002098 | val 0.021604
13:49:14  Epoch 4050 | train 0.002062 | val 0.021598
13:49:14  Epoch 4100 | train 0.002027 | val 0.021458
13:49:14  Epoch 4150 | train 0.001992 | val 0.021840
13:49:14  Epoch 4200 | train 0.001956 | val 0.021502
13:49:14  Epoch 4250 | train 0.001923 | val 0.021647
13:49:14  Epoch 4300 | train 0.001898 | val 0.021478
13:49:15  Epoch 4350 | train 0.001864 | val 0.021660
13:49:15  Epoch 4400 | train 0.001829 | val 0.021581
13:49:15  Epoch 4450 | train 0.001798 | val 0.021936
13:49:15  Epoch 4500 | train 0.001768 | val 0.021661
13:49:15  Epoch 4550 | train 0.001739 | val 0.021842
13:49:15  Epoch 4600 | train 0.001711 | val 0.021896
13:49:15  Epoch 4650 | train 0.001684 | val 0.021945
13:49:15  Epoch 4700 | train 0.001664 | val 0.021915
13:49:15  Epoch 4750 | train 0.001633 | val 0.021747
13:49:15  Epoch 4800 | train 0.001608 | val 0.022087
13:49:15  Epoch 4850 | train 0.001581 | val 0.021872
13:49:15  Epoch 4900 | train 0.001560 | val 0.021896
13:49:15  Epoch 4950 | train 0.001545 | val 0.022057
13:49:16  Epoch 5000 | train 0.001550 | val 0.022527
13:49:16  Epoch 5050 | train 0.001508 | val 0.022081
13:49:16  Epoch 5100 | train 0.001491 | val 0.022248
13:49:16  Epoch 5150 | train 0.001491 | val 0.021770
13:49:16  Epoch 5200 | train 0.001464 | val 0.022148
13:49:16  Epoch 5250 | train 0.001444 | val 0.022168
13:49:16  Epoch 5300 | train 0.001434 | val 0.022115
13:49:16  Epoch 5350 | train 0.001428 | val 0.021835
13:49:16  Epoch 5400 | train 0.001454 | val 0.021635
13:49:16  Epoch 5450 | train 0.001508 | val 0.023068
13:49:16  Epoch 5500 | train 0.001437 | val 0.021590
13:49:16  Epoch 5550 | train 0.001445 | val 0.021653
13:49:16  Epoch 5600 | train 0.001372 | val 0.021946
13:49:16  Epoch 5650 | train 0.001427 | val 0.021514
13:49:17  Epoch 5700 | train 0.001350 | val 0.021904
13:49:17  Epoch 5750 | train 0.001649 | val 0.021898
13:49:17  Epoch 5800 | train 0.001376 | val 0.021674
13:49:17  Epoch 5850 | train 0.001827 | val 0.021641
13:49:17  Epoch 5900 | train 0.001344 | val 0.022259
13:49:17  Epoch 5950 | train 0.001421 | val 0.021413
13:49:17  Epoch 6000 | train 0.001302 | val 0.021996
13:49:17  Epoch 6050 | train 0.001342 | val 0.022346
13:49:17  Epoch 6100 | train 0.001303 | val 0.022169
13:49:17  Epoch 6150 | train 0.001287 | val 0.021979
13:49:17  Epoch 6200 | train 0.001278 | val 0.022106
13:49:17  Epoch 6250 | train 0.001289 | val 0.022422
13:49:17  Epoch 6300 | train 0.001526 | val 0.023320
13:49:17  Epoch 6350 | train 0.001266 | val 0.022172
13:49:17  Epoch 6400 | train 0.001501 | val 0.023526
13:49:17  Epoch 6450 | train 0.001373 | val 0.022164
13:49:18  Epoch 6500 | train 0.001931 | val 0.022651
13:49:18  Epoch 6550 | train 0.001244 | val 0.022256
13:49:18  Epoch 6600 | train 0.003396 | val 0.025024
13:49:18  Epoch 6650 | train 0.001243 | val 0.022101
13:49:18  Epoch 6700 | train 0.001230 | val 0.022331
13:49:18  Epoch 6750 | train 0.003462 | val 0.028558
13:49:18  Epoch 6800 | train 0.001234 | val 0.022502
13:49:18  Epoch 6850 | train 0.007797 | val 0.036116
13:49:18  Epoch 6900 | train 0.001228 | val 0.022265
13:49:18  Epoch 6950 | train 0.001221 | val 0.022182
13:49:18  Epoch 7000 | train 0.001582 | val 0.023186
13:49:18  Epoch 7050 | train 0.001201 | val 0.022294
13:49:18  Epoch 7100 | train 0.001628 | val 0.024283
13:49:18  Epoch 7150 | train 0.001229 | val 0.022786
13:49:18  Epoch 7200 | train 0.001272 | val 0.022070
13:49:19  Epoch 7250 | train 0.001185 | val 0.022238
13:49:19  Epoch 7300 | train 0.001173 | val 0.022411
13:49:19  Epoch 7350 | train 0.001255 | val 0.022588
13:49:19  Epoch 7400 | train 0.001176 | val 0.022572
13:49:19  Epoch 7450 | train 0.004860 | val 0.028603
13:49:19  Epoch 7500 | train 0.001248 | val 0.023038
13:49:19  Epoch 7550 | train 0.001632 | val 0.022798
13:49:19  Epoch 7600 | train 0.001399 | val 0.022340
13:49:19  Epoch 7650 | train 0.001293 | val 0.022432
13:49:19  Epoch 7700 | train 0.001360 | val 0.023615
13:49:19  Epoch 7750 | train 0.001152 | val 0.022846
13:49:19  Epoch 7800 | train 0.005500 | val 0.031900
13:49:19  Epoch 7850 | train 0.001225 | val 0.023331
13:49:19  Epoch 7900 | train 0.001996 | val 0.023403
13:49:19  Epoch 7950 | train 0.001702 | val 0.023111
13:49:20  Epoch 8000 | train 0.004165 | val 0.031549
13:49:20  Epoch 8050 | train 0.001204 | val 0.023790
13:49:20  Epoch 8100 | train 0.001125 | val 0.023219
13:49:20  Epoch 8150 | train 0.001165 | val 0.023608
13:49:20  Epoch 8200 | train 0.001134 | val 0.023325
13:49:20  Epoch 8250 | train 0.001273 | val 0.023226
13:49:20  Epoch 8300 | train 0.001332 | val 0.024286
13:49:20  Epoch 8350 | train 0.001477 | val 0.024984
13:49:20  Epoch 8400 | train 0.001264 | val 0.023347
13:49:20  Epoch 8450 | train 0.003709 | val 0.027823
13:49:20  Epoch 8500 | train 0.001118 | val 0.023770
13:49:20  Epoch 8550 | train 0.001923 | val 0.024573
13:49:20  Epoch 8600 | train 0.001110 | val 0.023649
13:49:20  Epoch 8650 | train 0.008197 | val 0.033667
13:49:20  Epoch 8700 | train 0.001123 | val 0.023614
13:49:20  Epoch 8750 | train 0.001144 | val 0.023699
13:49:21  Epoch 8800 | train 0.001124 | val 0.023689
13:49:21  Epoch 8850 | train 0.001102 | val 0.024068
13:49:21  Epoch 8900 | train 0.001308 | val 0.023652
13:49:21  Epoch 8950 | train 0.001135 | val 0.024206
13:49:21  Epoch 9000 | train 0.001223 | val 0.024804
13:49:21  Epoch 9050 | train 0.001163 | val 0.024441
13:49:21  Epoch 9100 | train 0.001092 | val 0.024186
13:49:21  Epoch 9150 | train 0.001159 | val 0.024022
13:49:21  Epoch 9200 | train 0.001441 | val 0.025392
13:49:21  Epoch 9250 | train 0.001091 | val 0.024419
13:49:21  Epoch 9300 | train 0.003509 | val 0.025917
13:49:21  Epoch 9350 | train 0.001086 | val 0.024596
13:49:21  Epoch 9400 | train 0.001089 | val 0.024803
13:49:21  Epoch 9450 | train 0.001138 | val 0.025672
13:49:21  Epoch 9500 | train 0.001082 | val 0.024666
13:49:22  Epoch 9550 | train 0.002606 | val 0.026883
13:49:22  Epoch 9600 | train 0.001146 | val 0.024606
13:49:22  Epoch 9650 | train 0.001077 | val 0.024918
13:49:22  Epoch 9700 | train 0.001087 | val 0.024898
13:49:22  Epoch 9750 | train 0.002460 | val 0.026332
13:49:22  Epoch 9800 | train 0.001079 | val 0.025050
13:49:22  Epoch 9850 | train 0.001151 | val 0.025738
13:49:22  Epoch 9900 | train 0.001235 | val 0.026140
13:49:22  Epoch 9950 | train 0.001075 | val 0.025548
13:49:22  Epoch 10000 | train 0.001402 | val 0.025341
13:49:22  === Efficiency: original vs fine-tuned ===
13:49:22    Parameters :   50,049  →    36,126   (27.8% reduction)
13:49:22    Model size :   195.50 KB  →    141.12 KB
13:49:22    FLOPs      :   99,072  →    71,364   (28.0% reduction)
13:49:22    Infer time :    38.63 µs  →     47.90 µs   (-24.0% faster)
13:49:22  Saved results to /home/amirabbas-kazeminia/Projects/pruning/outputs/complex2_resnet/f0c9f385/b039d203/62acb063/results.json
13:49:23  Saved pruning summary to /home/amirabbas-kazeminia/Projects/pruning/outputs/complex2_resnet/f0c9f385/b039d203/62acb063/pruning_summary.png
