15:56:53  ============================================================
15:56:53  Experiment: mnist_pixel_cnn
15:56:53  ============================================================
15:56:53  Model      : CNN  (94,186 params)
15:56:53  Task       : multiclass  (10 classes)
15:56:53  Data       : mnist  (train=1600, val=400)
15:56:53  === Training ===
15:56:54  Epoch   10 | train 0.855104 | val 0.830268 | acc 0.8825
15:56:55  Epoch   20 | train 0.368429 | val 0.864137 | acc 0.6875
15:56:56  Epoch   30 | train 0.235124 | val 0.376828 | acc 0.8850
15:56:57  Epoch   40 | train 0.133717 | val 0.497587 | acc 0.8375
15:56:58  Epoch   50 | train 0.111869 | val 0.619831 | acc 0.8050
15:56:59  Epoch   60 | train 0.085447 | val 1.791574 | acc 0.5225
15:57:00  Epoch   70 | train 0.077277 | val 0.316471 | acc 0.8950
15:57:00  Epoch   80 | train 0.051792 | val 0.358314 | acc 0.8775
15:57:01  Epoch   90 | train 0.041219 | val 1.486761 | acc 0.5925
15:57:02  Epoch  100 | train 0.036313 | val 0.282977 | acc 0.8925
15:57:03  Epoch  110 | train 0.018905 | val 0.659619 | acc 0.8075
15:57:04  Epoch  120 | train 0.037685 | val 0.183729 | acc 0.9500
15:57:05  Epoch  130 | train 0.012240 | val 0.178691 | acc 0.9475
15:57:06  Epoch  140 | train 0.009917 | val 0.392167 | acc 0.8725
15:57:06  Epoch  150 | train 0.031304 | val 0.859114 | acc 0.7350
15:57:07  Epoch  160 | train 0.008883 | val 0.368904 | acc 0.8850
15:57:08  Epoch  170 | train 0.006628 | val 0.163793 | acc 0.9500
15:57:09  Epoch  180 | train 0.006293 | val 2.088510 | acc 0.5350
15:57:10  Epoch  190 | train 0.012833 | val 0.772448 | acc 0.7700
15:57:11  Epoch  200 | train 0.007794 | val 0.150133 | acc 0.9600
15:57:12  Epoch  210 | train 0.005289 | val 0.278822 | acc 0.9200
15:57:12  Epoch  220 | train 0.005985 | val 0.300790 | acc 0.9125
15:57:13  Epoch  230 | train 0.009440 | val 0.817832 | acc 0.7525
15:57:14  Epoch  240 | train 0.003742 | val 0.239397 | acc 0.9175
15:57:15  Epoch  250 | train 0.003379 | val 0.177957 | acc 0.9475
15:57:16  Epoch  260 | train 0.005050 | val 1.628227 | acc 0.6225
15:57:17  Epoch  270 | train 0.070633 | val 3.612192 | acc 0.4175
15:57:18  Epoch  280 | train 0.004679 | val 0.154166 | acc 0.9550
15:57:18  Epoch  290 | train 0.003425 | val 0.157269 | acc 0.9550
15:57:19  Epoch  300 | train 0.003124 | val 0.762478 | acc 0.7975
15:57:20  Epoch  310 | train 0.115901 | val 5.427922 | acc 0.3475
15:57:21  Epoch  320 | train 0.005121 | val 0.194153 | acc 0.9400
15:57:22  Epoch  330 | train 0.004581 | val 0.187037 | acc 0.9525
15:57:23  Epoch  340 | train 0.025416 | val 2.014300 | acc 0.6275
15:57:24  Epoch  350 | train 0.003401 | val 0.148903 | acc 0.9525
15:57:24  Epoch  360 | train 0.002998 | val 0.143752 | acc 0.9550
15:57:25  Epoch  370 | train 0.002865 | val 0.382460 | acc 0.8925
15:57:26  Epoch  380 | train 0.055099 | val 0.447450 | acc 0.8725
15:57:27  Epoch  390 | train 0.003796 | val 0.231509 | acc 0.9200
15:57:28  Epoch  400 | train 0.003670 | val 0.285933 | acc 0.9025
15:57:29  Epoch  410 | train 0.003930 | val 0.189456 | acc 0.9275
15:57:30  Epoch  420 | train 0.002850 | val 0.185966 | acc 0.9400
15:57:30  Epoch  430 | train 0.015131 | val 1.371028 | acc 0.6650
15:57:31  Epoch  440 | train 0.006032 | val 0.179489 | acc 0.9500
15:57:32  Epoch  450 | train 0.003065 | val 0.143302 | acc 0.9625
15:57:33  Epoch  460 | train 0.002863 | val 0.169857 | acc 0.9525
15:57:34  Epoch  470 | train 0.018780 | val 5.527143 | acc 0.3750
15:57:35  Epoch  480 | train 0.002673 | val 0.174727 | acc 0.9500
15:57:36  Epoch  490 | train 0.002396 | val 0.211636 | acc 0.9375
15:57:36  Epoch  500 | train 0.002880 | val 0.179174 | acc 0.9550
15:57:36  Final val accuracy: 0.9550
15:57:36  === Pruning ===
15:57:37    Layer 0: silent=0  redundant=0  | removed=0  remaining=32
15:57:37    Layer 1: silent=0  redundant=0  | removed=0  remaining=64
15:57:37    Layer 2: silent=0  redundant=11  | removed=11  remaining=117
15:57:37    Total removed: 11
15:57:37  === Efficiency: original vs pruned ===
15:57:37    Parameters :   94,186  →    87,718   (6.9% reduction)
15:57:37    Model size :   367.91 KB  →    342.65 KB
15:57:37    FLOPs      : 11,835,904  →  11,024,676   (6.8% reduction)
15:57:37    Infer time :    91.31 µs  →     86.68 µs   (5.1% faster)
15:57:37  === Fine-tuning ===
15:57:38  Epoch   10 | train 0.003650 | val 0.163405 | acc 0.9450
15:57:39  Epoch   20 | train 0.003577 | val 0.144505 | acc 0.9650
15:57:40  Epoch   30 | train 0.003198 | val 0.133678 | acc 0.9600
15:57:41  Epoch   40 | train 0.003332 | val 0.137460 | acc 0.9600
15:57:42  Epoch   50 | train 0.003348 | val 0.215267 | acc 0.9250
15:57:43  Epoch   60 | train 0.003257 | val 0.154229 | acc 0.9600
15:57:44  Epoch   70 | train 0.003321 | val 0.173101 | acc 0.9500
15:57:45  Epoch   80 | train 0.003039 | val 0.140631 | acc 0.9550
15:57:46  Epoch   90 | train 0.003237 | val 0.237060 | acc 0.9150
15:57:46  Epoch  100 | train 0.003071 | val 0.161381 | acc 0.9525
15:57:46  Final val accuracy (finetuned): 0.9525
15:57:47  === Efficiency: original vs fine-tuned ===
15:57:47    Parameters :   94,186  →    87,718   (6.9% reduction)
15:57:47    Model size :   367.91 KB  →    342.65 KB
15:57:47    FLOPs      : 11,835,904  →  11,024,676   (6.8% reduction)
15:57:47    Infer time :    96.92 µs  →     87.01 µs   (10.2% faster)
15:57:47  Saved results to /home/amirabbas-kazeminia/Projects/pruning/outputs/mnist_pixel_cnn/ccf81b13/75aac574/2fe8842e/results.json
15:57:47  Saved pruning summary to /home/amirabbas-kazeminia/Projects/pruning/outputs/mnist_pixel_cnn/ccf81b13/75aac574/2fe8842e/pruning_summary.png
