15:56:11  ============================================================
15:56:11  Experiment: mnist_flat_mlp
15:56:11  ============================================================
15:56:11  Model      : MLP  (567,434 params)
15:56:11  Task       : multiclass  (10 classes)
15:56:11  Data       : mnist_flat  (train=1600, val=400)
15:56:11  === Training ===
15:56:12  Epoch   10 | train 0.015430 | val 0.348733 | acc 0.9250
15:56:12  Epoch   20 | train 0.000944 | val 0.395450 | acc 0.9275
15:56:13  Epoch   30 | train 0.000512 | val 0.411645 | acc 0.9300
15:56:13  Epoch   40 | train 0.000370 | val 0.426903 | acc 0.9300
15:56:13  Epoch   50 | train 0.000302 | val 0.446579 | acc 0.9275
15:56:13  Epoch   60 | train 0.000270 | val 0.460830 | acc 0.9275
15:56:14  Epoch   70 | train 0.000270 | val 0.467761 | acc 0.9275
15:56:14  Epoch   80 | train 0.000255 | val 0.464498 | acc 0.9300
15:56:14  Epoch   90 | train 0.000256 | val 0.470244 | acc 0.9250
15:56:15  Epoch  100 | train 0.000287 | val 0.454536 | acc 0.9300
15:56:15  Epoch  110 | train 0.000239 | val 0.456163 | acc 0.9375
15:56:15  Epoch  120 | train 0.000281 | val 0.442899 | acc 0.9275
15:56:16  Epoch  130 | train 0.011159 | val 0.419921 | acc 0.9300
15:56:16  Epoch  140 | train 0.000147 | val 0.463530 | acc 0.9200
15:56:16  Epoch  150 | train 0.000129 | val 0.461679 | acc 0.9200
15:56:16  Epoch  160 | train 0.000127 | val 0.458567 | acc 0.9200
15:56:17  Epoch  170 | train 0.000143 | val 0.453708 | acc 0.9275
15:56:17  Epoch  180 | train 0.000147 | val 0.450321 | acc 0.9275
15:56:17  Epoch  190 | train 0.000165 | val 0.441114 | acc 0.9325
15:56:18  Epoch  200 | train 0.000183 | val 0.441606 | acc 0.9300
15:56:18  Epoch  210 | train 0.000194 | val 0.422412 | acc 0.9300
15:56:18  Epoch  220 | train 0.000221 | val 0.425972 | acc 0.9350
15:56:18  Epoch  230 | train 0.000231 | val 0.411441 | acc 0.9325
15:56:19  Epoch  240 | train 0.000240 | val 0.412200 | acc 0.9300
15:56:19  Epoch  250 | train 0.000252 | val 0.426476 | acc 0.9350
15:56:19  Epoch  260 | train 0.000258 | val 0.420573 | acc 0.9350
15:56:19  Epoch  270 | train 0.000266 | val 0.408612 | acc 0.9350
15:56:19  Epoch  280 | train 0.000269 | val 0.398128 | acc 0.9350
15:56:20  Epoch  290 | train 0.000269 | val 0.389186 | acc 0.9325
15:56:20  Epoch  300 | train 0.000261 | val 0.409684 | acc 0.9325
15:56:20  Epoch  310 | train 0.000262 | val 0.410240 | acc 0.9300
15:56:20  Epoch  320 | train 0.000222 | val 0.405188 | acc 0.9300
15:56:21  Epoch  330 | train 0.000217 | val 0.407032 | acc 0.9300
15:56:21  Epoch  340 | train 0.000260 | val 0.385064 | acc 0.9375
15:56:21  Epoch  350 | train 0.000261 | val 0.379067 | acc 0.9375
15:56:21  Epoch  360 | train 0.371574 | val 0.602542 | acc 0.8425
15:56:21  Epoch  370 | train 0.000103 | val 0.451917 | acc 0.9400
15:56:22  Epoch  380 | train 0.000075 | val 0.460472 | acc 0.9400
15:56:22  Epoch  390 | train 0.000079 | val 0.461298 | acc 0.9375
15:56:22  Epoch  400 | train 0.000082 | val 0.459959 | acc 0.9375
15:56:22  Epoch  410 | train 0.000091 | val 0.467998 | acc 0.9375
15:56:23  Epoch  420 | train 0.000101 | val 0.452864 | acc 0.9425
15:56:23  Epoch  430 | train 0.000111 | val 0.436391 | acc 0.9425
15:56:23  Epoch  440 | train 0.000130 | val 0.433614 | acc 0.9400
15:56:23  Epoch  450 | train 0.000144 | val 0.432915 | acc 0.9400
15:56:23  Epoch  460 | train 0.000164 | val 0.427174 | acc 0.9400
15:56:24  Epoch  470 | train 0.000185 | val 0.420730 | acc 0.9325
15:56:24  Epoch  480 | train 0.000199 | val 0.405196 | acc 0.9350
15:56:24  Epoch  490 | train 0.000198 | val 0.417006 | acc 0.9325
15:56:24  Epoch  500 | train 0.000206 | val 0.417948 | acc 0.9300
15:56:24  Final val accuracy: 0.9300
15:56:24  === Pruning ===
15:56:24    Layer 0: silent=11  redundant=58  | removed=69  remaining=443
15:56:25    Layer 1: silent=34  redundant=41  | removed=75  remaining=181
15:56:25    Layer 2: silent=20  redundant=5  | removed=25  remaining=103
15:56:25    Total removed: 169
15:56:25  === Efficiency: original vs pruned ===
15:56:25    Parameters :  567,434  →   447,905   (21.1% reduction)
15:56:25    Model size :  2216.54 KB  →   1749.63 KB
15:56:25    FLOPs      : 1,133,056  →   894,336   (21.1% reduction)
15:56:25    Infer time :    49.74 µs  →     49.11 µs   (1.3% faster)
15:56:25  === Fine-tuning ===
15:56:25  Epoch   10 | train 0.000388 | val 0.374023 | acc 0.9375
15:56:25  Epoch   20 | train 0.000250 | val 0.391564 | acc 0.9350
15:56:26  Epoch   30 | train 0.000224 | val 0.393263 | acc 0.9350
15:56:26  Epoch   40 | train 0.000220 | val 0.401174 | acc 0.9325
15:56:26  Epoch   50 | train 0.000219 | val 0.390189 | acc 0.9350
15:56:26  Epoch   60 | train 0.000213 | val 0.388312 | acc 0.9375
15:56:27  Epoch   70 | train 0.000218 | val 0.399061 | acc 0.9350
15:56:27  Epoch   80 | train 0.000208 | val 0.394884 | acc 0.9350
15:56:27  Epoch   90 | train 0.000224 | val 0.398432 | acc 0.9325
15:56:28  Epoch  100 | train 0.000217 | val 0.387811 | acc 0.9350
15:56:28  Final val accuracy (finetuned): 0.9350
15:56:28  === Efficiency: original vs fine-tuned ===
15:56:28    Parameters :  567,434  →   447,905   (21.1% reduction)
15:56:28    Model size :  2216.54 KB  →   1749.63 KB
15:56:28    FLOPs      : 1,133,056  →   894,336   (21.1% reduction)
15:56:28    Infer time :    49.28 µs  →     49.68 µs   (-0.8% faster)
15:56:28  Saved results to /home/amirabbas-kazeminia/Projects/pruning/outputs/mnist_flat_mlp/3c5109c4/05ec7e62/2fe8842e/results.json
15:56:28  Saved pruning summary to /home/amirabbas-kazeminia/Projects/pruning/outputs/mnist_flat_mlp/3c5109c4/05ec7e62/2fe8842e/pruning_summary.png
