14:53:56  Output dir : /home/amirabbas-kazeminia/Projects/pruning/outputs/circle_resnet/36199b5d/61f2ad28/a6f4d687
14:53:56  Log dir    : /home/amirabbas-kazeminia/Projects/pruning/logs/circle_resnet/36199b5d/61f2ad28/a6f4d687
14:53:56  Model: ResNet(
  (blocks): ModuleList(
    (0): ResidualBlock(
      (branch): Sequential(
        (0): Linear(in_features=2, out_features=64, bias=True)
        (1): ReLU()
        (2): Linear(in_features=64, out_features=64, bias=True)
      )
      (shortcut): Linear(in_features=2, out_features=64, bias=False)
      (relu): ReLU()
    )
    (1): ResidualBlock(
      (branch): Sequential(
        (0): Linear(in_features=64, out_features=64, bias=True)
        (1): ReLU()
        (2): Linear(in_features=64, out_features=64, bias=True)
      )
      (shortcut): Identity()
      (relu): ReLU()
    )
  )
  (head): Linear(in_features=64, out_features=1, bias=True)
)
14:53:56  Fitting circle(x) with 12865 parameters
14:53:56  === Training ===
14:53:57  Epoch  200 | train 0.416968 | val 0.372970
14:53:57  Epoch  400 | train 0.383972 | val 0.359945
14:53:57  Epoch  600 | train 0.357530 | val 0.346787
14:53:57  Epoch  800 | train 0.335508 | val 0.334490
14:53:57  Epoch 1000 | train 0.316985 | val 0.323499
14:53:58  Epoch 1200 | train 0.300523 | val 0.311523
14:53:58  Epoch 1400 | train 0.287431 | val 0.303642
14:53:58  Epoch 1600 | train 0.277205 | val 0.298264
14:53:58  Epoch 1800 | train 0.268858 | val 0.293500
14:53:58  Epoch 2000 | train 0.261930 | val 0.289491
14:53:59  Epoch 2200 | train 0.256242 | val 0.285947
14:53:59  Epoch 2400 | train 0.251588 | val 0.283013
14:53:59  Epoch 2600 | train 0.247714 | val 0.280689
14:53:59  Epoch 2800 | train 0.244467 | val 0.278758
14:53:59  Epoch 3000 | train 0.241506 | val 0.277610
14:53:59  Epoch 3200 | train 0.238962 | val 0.276240
14:54:00  Epoch 3400 | train 0.236741 | val 0.275014
14:54:00  Epoch 3600 | train 0.234651 | val 0.274123
14:54:00  Epoch 3800 | train 0.232895 | val 0.272984
14:54:00  Epoch 4000 | train 0.231242 | val 0.272204
14:54:00  Epoch 4200 | train 0.229763 | val 0.271615
14:54:01  Epoch 4400 | train 0.228347 | val 0.271100
14:54:01  Epoch 4600 | train 0.227010 | val 0.270648
14:54:01  Epoch 4800 | train 0.225671 | val 0.270098
14:54:01  Epoch 5000 | train 0.224456 | val 0.269527
14:54:01  Epoch 5200 | train 0.223273 | val 0.269055
14:54:02  Epoch 5400 | train 0.222143 | val 0.268459
14:54:02  Epoch 5600 | train 0.221086 | val 0.268019
14:54:02  Epoch 5800 | train 0.220025 | val 0.267427
14:54:02  Epoch 6000 | train 0.218990 | val 0.266883
14:54:02  Epoch 6200 | train 0.217960 | val 0.266626
14:54:03  Epoch 6400 | train 0.217002 | val 0.266400
14:54:03  Epoch 6600 | train 0.216070 | val 0.266124
14:54:03  Epoch 6800 | train 0.215075 | val 0.266127
14:54:03  Epoch 7000 | train 0.214097 | val 0.266013
14:54:03  Epoch 7200 | train 0.213117 | val 0.265721
14:54:04  Epoch 7400 | train 0.212136 | val 0.265603
14:54:04  Epoch 7600 | train 0.211225 | val 0.265365
14:54:04  Epoch 7800 | train 0.210269 | val 0.265318
14:54:04  Epoch 8000 | train 0.209292 | val 0.265226
14:54:04  Epoch 8200 | train 0.208358 | val 0.265328
14:54:04  Epoch 8400 | train 0.207455 | val 0.265333
14:54:05  Epoch 8600 | train 0.206497 | val 0.265455
14:54:05  Epoch 8800 | train 0.205504 | val 0.265943
14:54:05  Epoch 9000 | train 0.204517 | val 0.266177
14:54:05  Epoch 9200 | train 0.203529 | val 0.265886
14:54:05  Epoch 9400 | train 0.202476 | val 0.265796
14:54:06  Epoch 9600 | train 0.201469 | val 0.266083
14:54:06  Epoch 9800 | train 0.200495 | val 0.266340
14:54:06  Epoch 10000 | train 0.199588 | val 0.266653
14:54:06  Epoch 10200 | train 0.198721 | val 0.266895
14:54:06  Epoch 10400 | train 0.197867 | val 0.266934
14:54:07  Epoch 10600 | train 0.197022 | val 0.266863
14:54:07  Epoch 10800 | train 0.196159 | val 0.266916
14:54:07  Epoch 11000 | train 0.195303 | val 0.267031
14:54:07  Epoch 11200 | train 0.194453 | val 0.267515
14:54:07  Epoch 11400 | train 0.193606 | val 0.267344
14:54:08  Epoch 11600 | train 0.192773 | val 0.267574
14:54:08  Epoch 11800 | train 0.191926 | val 0.267862
14:54:08  Epoch 12000 | train 0.191107 | val 0.268369
14:54:08  Epoch 12200 | train 0.190262 | val 0.268364
14:54:08  Epoch 12400 | train 0.189437 | val 0.268813
14:54:09  Epoch 12600 | train 0.188600 | val 0.269146
14:54:09  Epoch 12800 | train 0.187742 | val 0.268664
14:54:09  Epoch 13000 | train 0.186882 | val 0.268793
14:54:09  Epoch 13200 | train 0.186025 | val 0.269483
14:54:09  Epoch 13400 | train 0.185170 | val 0.269373
14:54:10  Epoch 13600 | train 0.184325 | val 0.269741
14:54:10  Epoch 13800 | train 0.183489 | val 0.268861
14:54:10  Epoch 14000 | train 0.182658 | val 0.268692
14:54:10  Epoch 14200 | train 0.181815 | val 0.268785
14:54:10  Epoch 14400 | train 0.180975 | val 0.268900
14:54:11  Epoch 14600 | train 0.180019 | val 0.268948
14:54:11  Epoch 14800 | train 0.179039 | val 0.269282
14:54:11  Epoch 15000 | train 0.177874 | val 0.269121
14:54:11  Epoch 15200 | train 0.176792 | val 0.268545
14:54:11  Epoch 15400 | train 0.175783 | val 0.268279
14:54:11  Epoch 15600 | train 0.174843 | val 0.268017
14:54:12  Epoch 15800 | train 0.173966 | val 0.267554
14:54:12  Epoch 16000 | train 0.173136 | val 0.267122
14:54:12  Epoch 16200 | train 0.172374 | val 0.266436
14:54:12  Epoch 16400 | train 0.171782 | val 0.265292
14:54:12  Epoch 16600 | train 0.171565 | val 0.263813
14:54:13  Epoch 16800 | train 0.172531 | val 0.261385
14:54:13  Epoch 17000 | train 0.176436 | val 0.259139
14:54:13  Epoch 17200 | train 0.179873 | val 0.258740
14:54:13  Epoch 17400 | train 0.183731 | val 0.258954
14:54:13  Epoch 17600 | train 0.184237 | val 0.258967
14:54:14  Epoch 17800 | train 0.183824 | val 0.258998
14:54:14  Epoch 18000 | train 0.184288 | val 0.259054
14:54:14  Epoch 18200 | train 0.184017 | val 0.259211
14:54:14  Epoch 18400 | train 0.183226 | val 0.259440
14:54:14  Epoch 18600 | train 0.183015 | val 0.259686
14:54:15  Epoch 18800 | train 0.182815 | val 0.259839
14:54:15  Epoch 19000 | train 0.181530 | val 0.259900
14:54:15  Epoch 19200 | train 0.181014 | val 0.260352
14:54:15  Epoch 19400 | train 0.178435 | val 0.259786
14:54:15  Epoch 19600 | train 0.180424 | val 0.260626
14:54:16  Epoch 19800 | train 0.180124 | val 0.260656
14:54:16  Epoch 20000 | train 0.179326 | val 0.260606
14:54:16  Epoch 20200 | train 0.174189 | val 0.260094
14:54:16  Epoch 20400 | train 0.179149 | val 0.261356
14:54:16  Epoch 20600 | train 0.178305 | val 0.261354
14:54:17  Epoch 20800 | train 0.177222 | val 0.261498
14:54:17  Epoch 21000 | train 0.177408 | val 0.261712
14:54:17  Epoch 21200 | train 0.176885 | val 0.262035
14:54:17  Epoch 21400 | train 0.175859 | val 0.262026
14:54:17  Epoch 21600 | train 0.175047 | val 0.262203
14:54:17  Epoch 21800 | train 0.174089 | val 0.262238
14:54:18  Epoch 22000 | train 0.173806 | val 0.262077
14:54:18  Epoch 22200 | train 0.173841 | val 0.262202
14:54:18  Epoch 22400 | train 0.172677 | val 0.261915
14:54:18  Epoch 22600 | train 0.172302 | val 0.262622
14:54:18  Epoch 22800 | train 0.172796 | val 0.262989
14:54:19  Epoch 23000 | train 0.172513 | val 0.263103
14:54:19  Epoch 23200 | train 0.173265 | val 0.263772
14:54:19  Epoch 23400 | train 0.171236 | val 0.263684
14:54:19  Epoch 23600 | train 0.171186 | val 0.263882
14:54:19  Epoch 23800 | train 0.170002 | val 0.264194
14:54:20  Epoch 24000 | train 0.172490 | val 0.265302
14:54:20  Epoch 24200 | train 0.171649 | val 0.265696
14:54:20  Epoch 24400 | train 0.166957 | val 0.264111
14:54:20  Epoch 24600 | train 0.169768 | val 0.265080
14:54:20  Epoch 24800 | train 0.167904 | val 0.264459
14:54:21  Epoch 25000 | train 0.167373 | val 0.264265
14:54:21  Epoch 25200 | train 0.165054 | val 0.263819
14:54:21  Epoch 25400 | train 0.164973 | val 0.263799
14:54:21  Epoch 25600 | train 0.165423 | val 0.263551
14:54:22  Epoch 25800 | train 0.154950 | val 0.259972
14:54:22  Epoch 26000 | train 0.161923 | val 0.260425
14:54:22  Epoch 26200 | train 0.161851 | val 0.260285
14:54:22  Epoch 26400 | train 0.153536 | val 0.256141
14:54:22  Epoch 26600 | train 0.161630 | val 0.257834
14:54:23  Epoch 26800 | train 0.162245 | val 0.258124
14:54:23  Epoch 27000 | train 0.162686 | val 0.258253
14:54:23  Epoch 27200 | train 0.161084 | val 0.258141
14:54:23  Epoch 27400 | train 0.160728 | val 0.258221
14:54:23  Epoch 27600 | train 0.160463 | val 0.258310
14:54:24  Epoch 27800 | train 0.159283 | val 0.258696
14:54:24  Epoch 28000 | train 0.156034 | val 0.258354
14:54:24  Epoch 28200 | train 0.158530 | val 0.259240
14:54:24  Epoch 28400 | train 0.157816 | val 0.259298
14:54:25  Epoch 28600 | train 0.158871 | val 0.259994
14:54:25  Epoch 28800 | train 0.157046 | val 0.259156
14:54:25  Epoch 29000 | train 0.158674 | val 0.260133
14:54:25  Epoch 29200 | train 0.155716 | val 0.259067
14:54:25  Epoch 29400 | train 0.155358 | val 0.258994
14:54:26  Epoch 29600 | train 0.155834 | val 0.259965
14:54:26  Epoch 29800 | train 0.153203 | val 0.259297
14:54:26  Epoch 30000 | train 0.152665 | val 0.260355
14:54:26  Epoch 30200 | train 0.151971 | val 0.260586
14:54:27  Epoch 30400 | train 0.144822 | val 0.257430
14:54:27  Epoch 30600 | train 0.151781 | val 0.260830
14:54:27  Epoch 30800 | train 0.151785 | val 0.261174
14:54:27  Epoch 31000 | train 0.151176 | val 0.260993
14:54:27  Epoch 31200 | train 0.150839 | val 0.261673
14:54:28  Epoch 31400 | train 0.150117 | val 0.261517
14:54:28  Epoch 31600 | train 0.145514 | val 0.259815
14:54:28  Epoch 31800 | train 0.151228 | val 0.263227
14:54:28  Epoch 32000 | train 0.137009 | val 0.256560
14:54:29  Epoch 32200 | train 0.140508 | val 0.258472
14:54:29  Epoch 32400 | train 0.146769 | val 0.262002
14:54:29  Epoch 32600 | train 0.146717 | val 0.262809
14:54:29  Epoch 32800 | train 0.143377 | val 0.261411
14:54:29  Epoch 33000 | train 0.137927 | val 0.257779
14:54:30  Epoch 33200 | train 0.140968 | val 0.259639
14:54:30  Epoch 33400 | train 0.140857 | val 0.260491
14:54:30  Epoch 33600 | train 0.140270 | val 0.260812
14:54:30  Epoch 33800 | train 0.139151 | val 0.261002
14:54:30  Epoch 34000 | train 0.137519 | val 0.260886
14:54:31  Epoch 34200 | train 0.138856 | val 0.262380
14:54:31  Epoch 34400 | train 0.136499 | val 0.261418
14:54:31  Epoch 34600 | train 0.128593 | val 0.258189
14:54:31  Epoch 34800 | train 0.133263 | val 0.261315
14:54:31  Epoch 35000 | train 0.134314 | val 0.263043
14:54:32  Epoch 35200 | train 0.131268 | val 0.262260
14:54:32  Epoch 35400 | train 0.132970 | val 0.264541
14:54:32  Epoch 35600 | train 0.134895 | val 0.267011
14:54:32  Epoch 35800 | train 0.134053 | val 0.267130
14:54:33  Epoch 36000 | train 0.132055 | val 0.266723
14:54:33  Epoch 36200 | train 0.135303 | val 0.269506
14:54:33  Epoch 36400 | train 0.136974 | val 0.271508
14:54:33  Epoch 36600 | train 0.136865 | val 0.272009
14:54:33  Epoch 36800 | train 0.133637 | val 0.270534
14:54:34  Epoch 37000 | train 0.132071 | val 0.269963
14:54:34  Epoch 37200 | train 0.138046 | val 0.274732
14:54:34  Epoch 37400 | train 0.137298 | val 0.274485
14:54:34  Epoch 37600 | train 0.136209 | val 0.274420
14:54:34  Epoch 37800 | train 0.136388 | val 0.275065
14:54:35  Epoch 38000 | train 0.133314 | val 0.273046
14:54:35  Epoch 38200 | train 0.133788 | val 0.273557
14:54:35  Epoch 38400 | train 0.133289 | val 0.273513
14:54:35  Epoch 38600 | train 0.132930 | val 0.273614
14:54:36  Epoch 38800 | train 0.132010 | val 0.273164
14:54:36  Epoch 39000 | train 0.130484 | val 0.272479
14:54:36  Epoch 39200 | train 0.132168 | val 0.274265
14:54:36  Epoch 39400 | train 0.133113 | val 0.275437
14:54:37  Epoch 39600 | train 0.132178 | val 0.275097
14:54:37  Epoch 39800 | train 0.132685 | val 0.276026
14:54:37  Epoch 40000 | train 0.132684 | val 0.276419
14:54:37  Epoch 40200 | train 0.127145 | val 0.272032
14:54:37  Epoch 40400 | train 0.129534 | val 0.274399
14:54:38  Epoch 40600 | train 0.129502 | val 0.274320
14:54:38  Epoch 40800 | train 0.120123 | val 0.268160
14:54:38  Epoch 41000 | train 0.127096 | val 0.273735
14:54:38  Epoch 41200 | train 0.123340 | val 0.271383
14:54:39  Epoch 41400 | train 0.119673 | val 0.268675
14:54:39  Epoch 41600 | train 0.128669 | val 0.275701
14:54:39  Epoch 41800 | train 0.120413 | val 0.269847
14:54:39  Epoch 42000 | train 0.120642 | val 0.269683
14:54:39  Epoch 42200 | train 0.124379 | val 0.273710
14:54:40  Epoch 42400 | train 0.118865 | val 0.269529
14:54:40  Epoch 42600 | train 0.131749 | val 0.279907
14:54:40  Epoch 42800 | train 0.116301 | val 0.268237
14:54:40  Epoch 43000 | train 0.126944 | val 0.275574
14:54:41  Epoch 43200 | train 0.118992 | val 0.270781
14:54:41  Epoch 43400 | train 0.117165 | val 0.268628
14:54:41  Epoch 43600 | train 0.126386 | val 0.276668
14:54:41  Epoch 43800 | train 0.116605 | val 0.269816
14:54:41  Epoch 44000 | train 0.115484 | val 0.269148
14:54:42  Epoch 44200 | train 0.127174 | val 0.278647
14:54:42  Epoch 44400 | train 0.116036 | val 0.271074
14:54:42  Epoch 44600 | train 0.113027 | val 0.268669
14:54:42  Epoch 44800 | train 0.123880 | val 0.277469
14:54:43  Epoch 45000 | train 0.114447 | val 0.271477
14:54:43  Epoch 45200 | train 0.113616 | val 0.270285
14:54:43  Epoch 45400 | train 0.125379 | val 0.280538
14:54:43  Epoch 45600 | train 0.111063 | val 0.269708
14:54:43  Epoch 45800 | train 0.111598 | val 0.270341
14:54:44  Epoch 46000 | train 0.123318 | val 0.279997
14:54:44  Epoch 46200 | train 0.118837 | val 0.277311
14:54:44  Epoch 46400 | train 0.108777 | val 0.269567
14:54:44  Epoch 46600 | train 0.111905 | val 0.272205
14:54:45  Epoch 46800 | train 0.121144 | val 0.280461
14:54:45  Epoch 47000 | train 0.113593 | val 0.274926
14:54:45  Epoch 47200 | train 0.108627 | val 0.271255
14:54:45  Epoch 47400 | train 0.109444 | val 0.271569
14:54:46  Epoch 47600 | train 0.116400 | val 0.277821
14:54:46  Epoch 47800 | train 0.118989 | val 0.281292
14:54:46  Epoch 48000 | train 0.106178 | val 0.270664
14:54:46  Epoch 48200 | train 0.113316 | val 0.276315
14:54:46  Epoch 48400 | train 0.115541 | val 0.279548
14:54:47  Epoch 48600 | train 0.105471 | val 0.271486
14:54:47  Epoch 48800 | train 0.107706 | val 0.273548
14:54:47  Epoch 49000 | train 0.117455 | val 0.282784
14:54:47  Epoch 49200 | train 0.105135 | val 0.272472
14:54:48  Epoch 49400 | train 0.108389 | val 0.274793
14:54:48  Epoch 49600 | train 0.118535 | val 0.284500
14:54:48  Epoch 49800 | train 0.106166 | val 0.274563
14:54:48  Epoch 50000 | train 0.101736 | val 0.271111
14:54:48  === Pruning ===
14:54:48    Layer 0: silent=0  redundant=0  | removed=0  remaining=64
14:54:48    Layer 1: silent=0  redundant=0  | removed=0  remaining=64
14:54:48    Total removed: 0
14:54:48  === Efficiency: original vs pruned ===
14:54:48    Parameters :   12,865  →    12,865   (0.0% reduction)
14:54:48    Model size :    50.25 KB  →     50.25 KB
14:54:48    FLOPs      :   25,216  →    25,216   (0.0% reduction)
14:54:48    Infer time :    39.69 µs  →     35.39 µs   (10.8% faster)
14:54:48  === Fine-tuning ===
14:54:49  Epoch  200 | train 0.094627 | val 0.250064
14:54:49  Epoch  400 | train 0.110943 | val 0.237120
14:54:49  Epoch  600 | train 0.127603 | val 0.226720
14:54:50  Epoch  800 | train 0.142217 | val 0.224496
14:54:50  Epoch 1000 | train 0.155363 | val 0.218439
14:54:50  Epoch 1200 | train 0.167293 | val 0.221133
14:54:50  Epoch 1400 | train 0.177792 | val 0.221135
14:54:51  Epoch 1600 | train 0.187894 | val 0.219431
14:54:51  Epoch 1800 | train 0.195252 | val 0.218762
14:54:51  Epoch 2000 | train 0.202851 | val 0.218242
14:54:52  Epoch 2200 | train 0.209690 | val 0.217770
14:54:52  Epoch 2400 | train 0.214494 | val 0.217128
14:54:52  Epoch 2600 | train 0.218145 | val 0.217029
14:54:53  Epoch 2800 | train 0.222052 | val 0.215753
14:54:53  Epoch 3000 | train 0.225467 | val 0.218590
14:54:53  Epoch 3200 | train 0.227767 | val 0.217539
14:54:53  Epoch 3400 | train 0.230966 | val 0.216506
14:54:54  Epoch 3600 | train 0.233782 | val 0.217679
14:54:54  Epoch 3800 | train 0.237774 | val 0.218640
14:54:55  Epoch 4000 | train 0.241876 | val 0.219228
14:54:55  Epoch 4200 | train 0.245976 | val 0.218398
14:54:55  Epoch 4400 | train 0.247040 | val 0.214009
14:54:56  Epoch 4600 | train 0.241166 | val 0.207141
14:54:56  Epoch 4800 | train 0.242316 | val 0.205972
14:54:56  Epoch 5000 | train 0.243566 | val 0.205130
14:54:57  Epoch 5200 | train 0.244765 | val 0.204090
14:54:57  Epoch 5400 | train 0.245545 | val 0.203111
14:54:57  Epoch 5600 | train 0.237834 | val 0.195764
14:54:58  Epoch 5800 | train 0.236737 | val 0.194500
14:54:58  Epoch 6000 | train 0.236653 | val 0.193532
14:54:59  Epoch 6200 | train 0.237208 | val 0.193699
14:54:59  Epoch 6400 | train 0.237958 | val 0.193939
14:54:59  Epoch 6600 | train 0.238938 | val 0.194425
14:55:00  Epoch 6800 | train 0.239450 | val 0.194817
14:55:00  Epoch 7000 | train 0.240521 | val 0.195432
14:55:01  Epoch 7200 | train 0.241865 | val 0.196390
14:55:01  Epoch 7400 | train 0.242944 | val 0.197644
14:55:01  Epoch 7600 | train 0.244057 | val 0.198886
14:55:02  Epoch 7800 | train 0.244912 | val 0.199556
14:55:02  Epoch 8000 | train 0.245957 | val 0.200578
14:55:03  Epoch 8200 | train 0.246886 | val 0.201256
14:55:03  Epoch 8400 | train 0.247719 | val 0.201956
14:55:04  Epoch 8600 | train 0.248475 | val 0.202413
14:55:04  Epoch 8800 | train 0.249097 | val 0.202827
14:55:05  Epoch 9000 | train 0.249604 | val 0.203079
14:55:05  Epoch 9200 | train 0.249993 | val 0.203261
14:55:06  Epoch 9400 | train 0.250381 | val 0.203610
14:55:06  Epoch 9600 | train 0.250665 | val 0.203798
14:55:07  Epoch 9800 | train 0.250910 | val 0.203916
14:55:08  Epoch 10000 | train 0.251040 | val 0.203875
14:55:08  Epoch 10200 | train 0.251190 | val 0.203935
14:55:09  Epoch 10400 | train 0.251303 | val 0.203965
14:55:10  Epoch 10600 | train 0.251355 | val 0.203880
14:55:10  Epoch 10800 | train 0.251416 | val 0.203919
14:55:11  Epoch 11000 | train 0.251451 | val 0.203784
14:55:12  Epoch 11200 | train 0.251472 | val 0.203857
14:55:13  Epoch 11400 | train 0.251473 | val 0.203866
14:55:13  Epoch 11600 | train 0.251508 | val 0.203774
14:55:14  Epoch 11800 | train 0.251478 | val 0.203701
14:55:15  Epoch 12000 | train 0.251487 | val 0.203681
14:55:16  Epoch 12200 | train 0.251504 | val 0.203637
14:55:17  Epoch 12400 | train 0.251506 | val 0.203608
14:55:17  Epoch 12600 | train 0.251494 | val 0.203538
14:55:18  Epoch 12800 | train 0.251484 | val 0.203560
14:55:19  Epoch 13000 | train 0.251509 | val 0.203578
14:55:20  Epoch 13200 | train 0.251487 | val 0.203523
14:55:21  Epoch 13400 | train 0.251510 | val 0.203514
14:55:21  Epoch 13600 | train 0.251487 | val 0.203425
14:55:22  Epoch 13800 | train 0.251495 | val 0.203331
14:55:23  Epoch 14000 | train 0.251508 | val 0.203495
14:55:24  Epoch 14200 | train 0.251460 | val 0.203304
14:55:25  Epoch 14400 | train 0.251496 | val 0.203434
14:55:25  Epoch 14600 | train 0.251512 | val 0.203361
14:55:26  Epoch 14800 | train 0.251495 | val 0.203332
14:55:27  Epoch 15000 | train 0.251506 | val 0.203330
14:55:28  Epoch 15200 | train 0.251486 | val 0.203318
14:55:28  Epoch 15400 | train 0.251478 | val 0.203264
14:55:29  Epoch 15600 | train 0.251491 | val 0.203230
14:55:30  Epoch 15800 | train 0.251460 | val 0.203149
14:55:30  Epoch 16000 | train 0.251502 | val 0.203279
14:55:31  Epoch 16200 | train 0.251438 | val 0.203323
14:55:31  Epoch 16400 | train 0.251468 | val 0.203177
14:55:32  Epoch 16600 | train 0.251461 | val 0.203143
14:55:32  Epoch 16800 | train 0.251481 | val 0.203193
14:55:33  Epoch 17000 | train 0.251460 | val 0.203019
14:55:33  Epoch 17200 | train 0.251422 | val 0.203123
14:55:34  Epoch 17400 | train 0.251453 | val 0.203105
14:55:34  Epoch 17600 | train 0.251404 | val 0.203145
14:55:34  Epoch 17800 | train 0.251430 | val 0.203097
14:55:35  Epoch 18000 | train 0.251423 | val 0.203102
14:55:35  Epoch 18200 | train 0.251451 | val 0.203135
14:55:35  Epoch 18400 | train 0.251435 | val 0.203061
14:55:36  Epoch 18600 | train 0.251418 | val 0.203045
14:55:36  Epoch 18800 | train 0.251450 | val 0.203123
14:55:36  Epoch 19000 | train 0.251445 | val 0.203013
14:55:36  Epoch 19200 | train 0.251419 | val 0.202918
14:55:37  Epoch 19400 | train 0.251444 | val 0.203044
14:55:37  Epoch 19600 | train 0.251404 | val 0.203072
14:55:37  Epoch 19800 | train 0.251442 | val 0.203160
14:55:37  Epoch 20000 | train 0.251411 | val 0.203002
14:55:38  Epoch 20200 | train 0.251418 | val 0.203001
14:55:38  Epoch 20400 | train 0.251369 | val 0.203045
14:55:38  Epoch 20600 | train 0.251422 | val 0.202990
14:55:39  Epoch 20800 | train 0.251400 | val 0.203070
14:55:39  Epoch 21000 | train 0.251408 | val 0.203006
14:55:39  Epoch 21200 | train 0.251397 | val 0.203053
14:55:39  Epoch 21400 | train 0.251375 | val 0.203083
14:55:40  Epoch 21600 | train 0.251364 | val 0.202990
14:55:40  Epoch 21800 | train 0.251389 | val 0.203038
14:55:40  Epoch 22000 | train 0.251380 | val 0.203100
14:55:40  Epoch 22200 | train 0.251369 | val 0.203079
14:55:41  Epoch 22400 | train 0.251381 | val 0.203076
14:55:41  Epoch 22600 | train 0.251369 | val 0.202981
14:55:41  Epoch 22800 | train 0.251383 | val 0.203053
14:55:42  Epoch 23000 | train 0.251386 | val 0.203049
14:55:42  Epoch 23200 | train 0.251392 | val 0.203093
14:55:42  Epoch 23400 | train 0.251362 | val 0.203038
14:55:42  Epoch 23600 | train 0.251376 | val 0.203117
14:55:43  Epoch 23800 | train 0.251355 | val 0.202994
14:55:43  Epoch 24000 | train 0.251376 | val 0.203007
14:55:43  Epoch 24200 | train 0.251353 | val 0.203079
14:55:44  Epoch 24400 | train 0.251370 | val 0.203030
14:55:44  Epoch 24600 | train 0.251363 | val 0.203127
14:55:44  Epoch 24800 | train 0.251353 | val 0.203194
14:55:44  Epoch 25000 | train 0.251355 | val 0.202996
14:55:45  Epoch 25200 | train 0.251358 | val 0.203046
14:55:45  Epoch 25400 | train 0.251354 | val 0.202985
14:55:45  Epoch 25600 | train 0.251324 | val 0.202942
14:55:46  Epoch 25800 | train 0.251338 | val 0.203032
14:55:46  Epoch 26000 | train 0.251340 | val 0.203058
14:55:46  Epoch 26200 | train 0.251337 | val 0.202950
14:55:46  Epoch 26400 | train 0.251332 | val 0.202996
14:55:47  Epoch 26600 | train 0.251349 | val 0.202947
14:55:47  Epoch 26800 | train 0.251347 | val 0.203053
14:55:47  Epoch 27000 | train 0.251349 | val 0.203008
14:55:47  Epoch 27200 | train 0.251300 | val 0.202987
14:55:48  Epoch 27400 | train 0.251342 | val 0.202937
14:55:48  Epoch 27600 | train 0.251287 | val 0.202971
14:55:48  Epoch 27800 | train 0.251361 | val 0.203081
14:55:49  Epoch 28000 | train 0.251320 | val 0.202996
14:55:49  Epoch 28200 | train 0.251329 | val 0.202994
14:55:49  Epoch 28400 | train 0.251305 | val 0.203024
14:55:49  Epoch 28600 | train 0.251301 | val 0.202994
14:55:50  Epoch 28800 | train 0.251333 | val 0.203056
14:55:50  Epoch 29000 | train 0.251297 | val 0.203041
14:55:50  Epoch 29200 | train 0.251342 | val 0.203111
14:55:51  Epoch 29400 | train 0.251312 | val 0.203072
14:55:51  Epoch 29600 | train 0.251306 | val 0.202968
14:55:51  Epoch 29800 | train 0.251321 | val 0.203053
14:55:51  Epoch 30000 | train 0.251312 | val 0.202981
14:55:52  Epoch 30200 | train 0.251313 | val 0.203025
14:55:52  Epoch 30400 | train 0.251314 | val 0.203019
14:55:52  Epoch 30600 | train 0.251317 | val 0.202987
14:55:53  Epoch 30800 | train 0.251311 | val 0.203004
14:55:53  Epoch 31000 | train 0.251309 | val 0.203113
14:55:53  Epoch 31200 | train 0.251323 | val 0.203036
14:55:53  Epoch 31400 | train 0.251315 | val 0.202976
14:55:54  Epoch 31600 | train 0.251322 | val 0.203068
14:55:54  Epoch 31800 | train 0.251304 | val 0.202994
14:55:54  Epoch 32000 | train 0.251280 | val 0.203054
14:55:55  Epoch 32200 | train 0.251295 | val 0.203022
14:55:55  Epoch 32400 | train 0.251312 | val 0.203103
14:55:55  Epoch 32600 | train 0.251314 | val 0.203117
14:55:55  Epoch 32800 | train 0.251267 | val 0.202924
14:55:56  Epoch 33000 | train 0.251275 | val 0.203070
14:55:56  Epoch 33200 | train 0.251250 | val 0.202979
14:55:56  Epoch 33400 | train 0.251307 | val 0.203010
14:55:57  Epoch 33600 | train 0.251283 | val 0.202947
14:55:57  Epoch 33800 | train 0.251308 | val 0.203046
14:55:57  Epoch 34000 | train 0.251316 | val 0.202947
14:55:57  Epoch 34200 | train 0.251294 | val 0.203027
14:55:58  Epoch 34400 | train 0.251307 | val 0.203067
14:55:58  Epoch 34600 | train 0.251310 | val 0.203057
14:55:58  Epoch 34800 | train 0.251284 | val 0.202994
14:55:59  Epoch 35000 | train 0.251264 | val 0.203058
14:55:59  Epoch 35200 | train 0.251297 | val 0.203120
14:55:59  Epoch 35400 | train 0.251276 | val 0.202967
14:55:59  Epoch 35600 | train 0.251294 | val 0.203052
14:56:00  Epoch 35800 | train 0.251278 | val 0.202979
14:56:00  Epoch 36000 | train 0.251312 | val 0.203063
14:56:00  Epoch 36200 | train 0.251267 | val 0.202963
14:56:01  Epoch 36400 | train 0.251305 | val 0.203088
14:56:01  Epoch 36600 | train 0.251295 | val 0.203032
14:56:01  Epoch 36800 | train 0.251297 | val 0.203065
14:56:01  Epoch 37000 | train 0.251302 | val 0.203058
14:56:02  Epoch 37200 | train 0.251281 | val 0.202983
14:56:02  Epoch 37400 | train 0.251273 | val 0.202930
14:56:02  Epoch 37600 | train 0.251299 | val 0.203010
14:56:03  Epoch 37800 | train 0.251274 | val 0.203007
14:56:03  Epoch 38000 | train 0.251277 | val 0.203037
14:56:03  Epoch 38200 | train 0.251315 | val 0.203073
14:56:03  Epoch 38400 | train 0.251254 | val 0.202916
14:56:04  Epoch 38600 | train 0.251275 | val 0.203086
14:56:04  Epoch 38800 | train 0.251283 | val 0.203103
14:56:04  Epoch 39000 | train 0.251298 | val 0.202978
14:56:05  Epoch 39200 | train 0.251279 | val 0.203011
14:56:05  Epoch 39400 | train 0.251263 | val 0.202996
14:56:05  Epoch 39600 | train 0.251277 | val 0.202964
14:56:05  Epoch 39800 | train 0.251292 | val 0.203065
14:56:06  Epoch 40000 | train 0.251287 | val 0.202984
14:56:06  Epoch 40200 | train 0.251295 | val 0.203085
14:56:06  Epoch 40400 | train 0.251251 | val 0.202983
14:56:07  Epoch 40600 | train 0.251272 | val 0.203093
14:56:07  Epoch 40800 | train 0.251269 | val 0.203048
14:56:07  Epoch 41000 | train 0.251255 | val 0.203062
14:56:07  Epoch 41200 | train 0.251258 | val 0.203040
14:56:08  Epoch 41400 | train 0.251278 | val 0.203077
14:56:08  Epoch 41600 | train 0.251278 | val 0.202902
14:56:08  Epoch 41800 | train 0.251293 | val 0.203062
14:56:09  Epoch 42000 | train 0.251264 | val 0.202878
14:56:09  Epoch 42200 | train 0.251272 | val 0.203093
14:56:09  Epoch 42400 | train 0.251281 | val 0.203092
14:56:09  Epoch 42600 | train 0.251274 | val 0.203042
14:56:10  Epoch 42800 | train 0.251281 | val 0.203089
14:56:10  Epoch 43000 | train 0.251302 | val 0.203169
14:56:10  Epoch 43200 | train 0.251270 | val 0.202991
14:56:11  Epoch 43400 | train 0.251254 | val 0.202989
14:56:11  Epoch 43600 | train 0.251259 | val 0.203078
14:56:11  Epoch 43800 | train 0.251285 | val 0.203136
14:56:11  Epoch 44000 | train 0.251273 | val 0.203038
14:56:12  Epoch 44200 | train 0.251282 | val 0.202978
14:56:12  Epoch 44400 | train 0.251260 | val 0.203113
14:56:12  Epoch 44600 | train 0.251264 | val 0.203060
14:56:13  Epoch 44800 | train 0.251268 | val 0.203031
14:56:13  Epoch 45000 | train 0.251256 | val 0.203056
14:56:13  Epoch 45200 | train 0.251283 | val 0.203110
14:56:13  Epoch 45400 | train 0.251261 | val 0.203081
14:56:14  Epoch 45600 | train 0.251254 | val 0.203066
14:56:14  Epoch 45800 | train 0.251252 | val 0.203006
14:56:14  Epoch 46000 | train 0.251249 | val 0.203017
14:56:14  Epoch 46200 | train 0.251245 | val 0.203025
14:56:15  Epoch 46400 | train 0.251286 | val 0.203079
14:56:15  Epoch 46600 | train 0.251263 | val 0.203101
14:56:15  Epoch 46800 | train 0.251254 | val 0.203155
14:56:16  Epoch 47000 | train 0.251259 | val 0.203115
14:56:16  Epoch 47200 | train 0.251276 | val 0.203056
14:56:16  Epoch 47400 | train 0.251280 | val 0.202992
14:56:16  Epoch 47600 | train 0.251267 | val 0.203040
14:56:17  Epoch 47800 | train 0.251223 | val 0.203053
14:56:17  Epoch 48000 | train 0.251280 | val 0.203083
14:56:17  Epoch 48200 | train 0.251261 | val 0.202981
14:56:17  Epoch 48400 | train 0.251263 | val 0.203146
14:56:18  Epoch 48600 | train 0.251266 | val 0.202919
14:56:18  Epoch 48800 | train 0.251251 | val 0.203039
14:56:18  Epoch 49000 | train 0.251240 | val 0.203024
14:56:19  Epoch 49200 | train 0.251257 | val 0.203092
14:56:19  Epoch 49400 | train 0.251254 | val 0.203082
14:56:19  Epoch 49600 | train 0.251252 | val 0.203093
14:56:19  Epoch 49800 | train 0.251275 | val 0.203090
14:56:20  Epoch 50000 | train 0.251271 | val 0.203111
14:56:20  === Efficiency: original vs fine-tuned ===
14:56:20    Parameters :   12,865  →    12,865   (0.0% reduction)
14:56:20    Model size :    50.25 KB  →     50.25 KB
14:56:20    FLOPs      :   25,216  →    25,216   (0.0% reduction)
14:56:20    Infer time :    36.63 µs  →     31.99 µs   (12.7% faster)
14:56:20  Saved results to /home/amirabbas-kazeminia/Projects/pruning/outputs/circle_resnet/36199b5d/61f2ad28/a6f4d687/results.json
14:56:20  Saved pruning summary to /home/amirabbas-kazeminia/Projects/pruning/outputs/circle_resnet/36199b5d/61f2ad28/a6f4d687/pruning_summary.png
