14:17:14  ============================================================
14:17:14  Experiment: mnist_flat_resmlp
14:17:14  ============================================================
14:17:15  Model      : RESNET  (1,477,642 params)
14:17:15  Task       : multiclass  (10 classes)
14:17:15  Data       : mnist_flat  (train=1600, val=400)
14:17:15  === Training ===
14:17:15  Epoch   10 | train 0.032899 | val 0.332582 | acc 0.9250
14:17:16  Epoch   20 | train 0.023303 | val 0.467862 | acc 0.9225
14:17:17  Epoch   30 | train 0.000064 | val 0.453700 | acc 0.9450
14:17:18  Epoch   40 | train 0.000059 | val 0.449711 | acc 0.9450
14:17:18  Epoch   50 | train 0.000067 | val 0.439851 | acc 0.9450
14:17:19  Epoch   60 | train 0.000082 | val 0.430609 | acc 0.9425
14:17:20  Epoch   70 | train 0.000099 | val 0.427213 | acc 0.9425
14:17:21  Epoch   80 | train 0.000123 | val 0.432161 | acc 0.9450
14:17:21  Epoch   90 | train 0.000131 | val 0.432247 | acc 0.9475
14:17:22  Epoch  100 | train 0.000131 | val 0.458137 | acc 0.9450
14:17:22  Epoch  110 | train 0.000125 | val 0.469350 | acc 0.9400
14:17:23  Epoch  120 | train 0.000141 | val 0.492070 | acc 0.9300
14:17:23  Epoch  130 | train 0.641144 | val 0.456362 | acc 0.8750
14:17:23  Epoch  140 | train 0.006446 | val 0.333025 | acc 0.9375
14:17:24  Epoch  150 | train 0.000085 | val 0.408495 | acc 0.9500
14:17:24  Epoch  160 | train 0.000065 | val 0.406339 | acc 0.9500
14:17:24  Epoch  170 | train 0.000072 | val 0.404686 | acc 0.9500
14:17:24  Epoch  180 | train 0.000075 | val 0.407488 | acc 0.9475
14:17:25  Epoch  190 | train 0.000079 | val 0.401780 | acc 0.9475
14:17:25  Epoch  200 | train 0.000090 | val 0.414373 | acc 0.9425
14:17:25  Epoch  210 | train 0.000094 | val 0.416959 | acc 0.9375
14:17:26  Epoch  220 | train 0.000103 | val 0.420136 | acc 0.9375
14:17:26  Epoch  230 | train 0.000136 | val 0.421079 | acc 0.9325
14:17:26  Epoch  240 | train 0.000140 | val 0.436871 | acc 0.9275
14:17:27  Epoch  250 | train 0.000156 | val 0.436732 | acc 0.9275
14:17:27  Epoch  260 | train 0.020077 | val 0.424810 | acc 0.9350
14:17:27  Epoch  270 | train 0.000043 | val 0.450599 | acc 0.9350
14:17:28  Epoch  280 | train 0.000046 | val 0.445123 | acc 0.9350
14:17:28  Epoch  290 | train 0.000054 | val 0.447388 | acc 0.9375
14:17:28  Epoch  300 | train 0.000060 | val 0.443562 | acc 0.9400
14:17:28  Epoch  310 | train 0.000069 | val 0.448639 | acc 0.9400
14:17:29  Epoch  320 | train 0.000091 | val 0.441370 | acc 0.9425
14:17:29  Epoch  330 | train 0.000120 | val 0.447630 | acc 0.9425
14:17:29  Epoch  340 | train 0.000127 | val 0.445609 | acc 0.9400
14:17:30  Epoch  350 | train 0.000140 | val 0.431841 | acc 0.9425
14:17:30  Epoch  360 | train 0.000153 | val 0.430700 | acc 0.9375
14:17:30  Epoch  370 | train 0.000174 | val 0.423795 | acc 0.9350
14:17:31  Epoch  380 | train 0.000168 | val 0.420104 | acc 0.9400
14:17:31  Epoch  390 | train 0.000165 | val 0.413860 | acc 0.9375
14:17:31  Epoch  400 | train 0.000167 | val 0.427597 | acc 0.9400
14:17:32  Epoch  410 | train 0.000170 | val 0.434644 | acc 0.9425
14:17:32  Epoch  420 | train 0.000186 | val 0.443144 | acc 0.9325
14:17:32  Epoch  430 | train 0.000198 | val 0.468388 | acc 0.9275
14:17:33  Epoch  440 | train 0.000159 | val 0.422225 | acc 0.9325
14:17:33  Epoch  450 | train 0.000223 | val 0.412544 | acc 0.9375
14:17:33  Epoch  460 | train 0.000225 | val 0.423497 | acc 0.9375
14:17:34  Epoch  470 | train 0.000075 | val 0.476125 | acc 0.9400
14:17:34  Epoch  480 | train 0.000069 | val 0.494506 | acc 0.9400
14:17:34  Epoch  490 | train 0.000077 | val 0.497075 | acc 0.9400
14:17:35  Epoch  500 | train 0.000079 | val 0.502386 | acc 0.9425
14:17:35  Final val accuracy: 0.9425
14:17:35  === Pruning ===
14:17:35    Layer 0: silent=79  redundant=60  | removed=139  remaining=373
14:17:35    Layer 1: silent=119  redundant=24  | removed=143  remaining=113
14:17:35    Layer 2: silent=60  redundant=5  | removed=65  remaining=63
14:17:35    Total removed: 347
14:17:35  === Efficiency: original vs pruned ===
14:17:35    Parameters : 1,477,642  →  1,162,367   (21.3% reduction)
14:17:35    Model size :  5772.04 KB  →   4540.50 KB
14:17:35    FLOPs      : 2,951,680  →  2,321,824   (21.3% reduction)
14:17:35    Infer time :   132.18 µs  →    129.32 µs   (2.2% faster)
14:17:35  === Fine-tuning ===
14:17:36  Epoch   10 | train 0.000154 | val 0.466230 | acc 0.9400
14:17:36  Epoch   20 | train 0.000144 | val 0.442671 | acc 0.9300
14:17:36  Epoch   30 | train 0.000162 | val 0.445645 | acc 0.9300
14:17:37  Epoch   40 | train 0.000147 | val 0.438648 | acc 0.9275
14:17:37  Epoch   50 | train 0.000150 | val 0.420927 | acc 0.9275
14:17:37  Epoch   60 | train 0.000146 | val 0.427670 | acc 0.9300
14:17:38  Epoch   70 | train 0.000147 | val 0.439635 | acc 0.9275
14:17:38  Epoch   80 | train 0.000145 | val 0.423837 | acc 0.9275
14:17:38  Epoch   90 | train 0.000143 | val 0.428706 | acc 0.9300
14:17:39  Epoch  100 | train 0.000134 | val 0.426871 | acc 0.9275
14:17:39  Epoch  110 | train 0.000139 | val 0.435691 | acc 0.9250
14:17:39  Epoch  120 | train 0.000133 | val 0.417791 | acc 0.9250
14:17:40  Epoch  130 | train 0.000132 | val 0.414408 | acc 0.9325
14:17:40  Epoch  140 | train 0.000134 | val 0.419346 | acc 0.9275
14:17:41  Epoch  150 | train 0.000144 | val 0.430953 | acc 0.9250
14:17:41  Epoch  160 | train 0.000132 | val 0.408833 | acc 0.9300
14:17:41  Epoch  170 | train 0.000132 | val 0.421359 | acc 0.9275
14:17:42  Epoch  180 | train 0.000139 | val 0.428405 | acc 0.9250
14:17:42  Epoch  190 | train 0.000132 | val 0.427026 | acc 0.9225
14:17:43  Epoch  200 | train 0.000144 | val 0.398001 | acc 0.9300
14:17:43  Epoch  210 | train 0.000130 | val 0.416632 | acc 0.9225
14:17:43  Epoch  220 | train 0.000129 | val 0.420822 | acc 0.9250
14:17:44  Epoch  230 | train 0.000132 | val 0.415499 | acc 0.9275
14:17:44  Epoch  240 | train 0.000123 | val 0.435916 | acc 0.9275
14:17:45  Epoch  250 | train 0.000124 | val 0.404876 | acc 0.9300
14:17:46  Epoch  260 | train 0.000133 | val 0.420671 | acc 0.9275
14:17:47  Epoch  270 | train 0.000151 | val 0.390816 | acc 0.9300
14:17:47  Epoch  280 | train 0.000130 | val 0.438930 | acc 0.9250
14:17:48  Epoch  290 | train 0.000125 | val 0.427517 | acc 0.9275
14:17:49  Epoch  300 | train 0.000133 | val 0.431087 | acc 0.9250
14:17:49  Epoch  310 | train 0.000123 | val 0.434291 | acc 0.9150
14:17:50  Epoch  320 | train 0.000123 | val 0.417424 | acc 0.9225
14:17:50  Epoch  330 | train 0.000131 | val 0.428584 | acc 0.9300
14:17:50  Epoch  340 | train 0.000124 | val 0.426185 | acc 0.9225
14:17:51  Epoch  350 | train 0.000124 | val 0.440360 | acc 0.9250
14:17:51  Epoch  360 | train 0.000126 | val 0.410944 | acc 0.9300
14:17:51  Epoch  370 | train 0.000123 | val 0.415942 | acc 0.9250
14:17:52  Epoch  380 | train 0.000128 | val 0.435811 | acc 0.9225
14:17:52  Epoch  390 | train 0.000127 | val 0.440385 | acc 0.9275
14:17:52  Epoch  400 | train 0.000120 | val 0.404637 | acc 0.9325
14:17:53  Epoch  410 | train 0.000123 | val 0.428059 | acc 0.9225
14:17:53  Epoch  420 | train 0.000128 | val 0.419421 | acc 0.9275
14:17:54  Epoch  430 | train 0.000120 | val 0.428628 | acc 0.9200
14:17:54  Epoch  440 | train 0.000125 | val 0.442910 | acc 0.9200
14:17:54  Epoch  450 | train 0.000118 | val 0.432955 | acc 0.9225
14:17:55  Epoch  460 | train 0.000128 | val 0.433893 | acc 0.9200
14:17:55  Epoch  470 | train 0.000128 | val 0.438219 | acc 0.9225
14:17:56  Epoch  480 | train 0.000215 | val 0.488019 | acc 0.9175
14:17:56  Epoch  490 | train 0.000121 | val 0.425774 | acc 0.9200
14:17:56  Epoch  500 | train 0.000125 | val 0.422440 | acc 0.9225
14:17:56  Final val accuracy (finetuned): 0.9225
14:17:57  === Efficiency: original vs fine-tuned ===
14:17:57    Parameters : 1,477,642  →  1,162,367   (21.3% reduction)
14:17:57    Model size :  5772.04 KB  →   4540.50 KB
14:17:57    FLOPs      : 2,951,680  →  2,321,824   (21.3% reduction)
14:17:57    Infer time :   124.55 µs  →    144.56 µs   (-16.1% faster)
14:17:57  Saved results to /home/amirabbas-kazeminia/Projects/pruning/outputs/mnist_flat_resmlp/3c5109c4/9c83719d/739126fc/results.json
14:17:57  Saved pruning summary to /home/amirabbas-kazeminia/Projects/pruning/outputs/mnist_flat_resmlp/3c5109c4/9c83719d/739126fc/pruning_summary.png
