15:56:28  ============================================================
15:56:28  Experiment: mnist_flat_resmlp
15:56:28  ============================================================
15:56:28  Model      : RESNET  (1,477,642 params)
15:56:28  Task       : multiclass  (10 classes)
15:56:28  Data       : mnist_flat  (train=1600, val=400)
15:56:28  === Training ===
15:56:29  Epoch   10 | train 0.032899 | val 0.332582 | acc 0.9250
15:56:29  Epoch   20 | train 0.023303 | val 0.467862 | acc 0.9225
15:56:29  Epoch   30 | train 0.000064 | val 0.453700 | acc 0.9450
15:56:30  Epoch   40 | train 0.000059 | val 0.449711 | acc 0.9450
15:56:30  Epoch   50 | train 0.000067 | val 0.439851 | acc 0.9450
15:56:31  Epoch   60 | train 0.000082 | val 0.430609 | acc 0.9425
15:56:31  Epoch   70 | train 0.000099 | val 0.427213 | acc 0.9425
15:56:31  Epoch   80 | train 0.000123 | val 0.432161 | acc 0.9450
15:56:32  Epoch   90 | train 0.000131 | val 0.432247 | acc 0.9475
15:56:32  Epoch  100 | train 0.000131 | val 0.458137 | acc 0.9450
15:56:33  Epoch  110 | train 0.000125 | val 0.469350 | acc 0.9400
15:56:33  Epoch  120 | train 0.000141 | val 0.492070 | acc 0.9300
15:56:33  Epoch  130 | train 0.641144 | val 0.456362 | acc 0.8750
15:56:34  Epoch  140 | train 0.006446 | val 0.333025 | acc 0.9375
15:56:34  Epoch  150 | train 0.000085 | val 0.408495 | acc 0.9500
15:56:35  Epoch  160 | train 0.000065 | val 0.406339 | acc 0.9500
15:56:35  Epoch  170 | train 0.000072 | val 0.404686 | acc 0.9500
15:56:35  Epoch  180 | train 0.000075 | val 0.407488 | acc 0.9475
15:56:36  Epoch  190 | train 0.000079 | val 0.401780 | acc 0.9475
15:56:36  Epoch  200 | train 0.000090 | val 0.414373 | acc 0.9425
15:56:37  Epoch  210 | train 0.000094 | val 0.416959 | acc 0.9375
15:56:37  Epoch  220 | train 0.000103 | val 0.420136 | acc 0.9375
15:56:37  Epoch  230 | train 0.000136 | val 0.421079 | acc 0.9325
15:56:38  Epoch  240 | train 0.000140 | val 0.436871 | acc 0.9275
15:56:38  Epoch  250 | train 0.000156 | val 0.436732 | acc 0.9275
15:56:39  Epoch  260 | train 0.020077 | val 0.424810 | acc 0.9350
15:56:39  Epoch  270 | train 0.000043 | val 0.450599 | acc 0.9350
15:56:40  Epoch  280 | train 0.000046 | val 0.445123 | acc 0.9350
15:56:40  Epoch  290 | train 0.000054 | val 0.447388 | acc 0.9375
15:56:40  Epoch  300 | train 0.000060 | val 0.443562 | acc 0.9400
15:56:41  Epoch  310 | train 0.000069 | val 0.448639 | acc 0.9400
15:56:41  Epoch  320 | train 0.000091 | val 0.441370 | acc 0.9425
15:56:42  Epoch  330 | train 0.000120 | val 0.447630 | acc 0.9425
15:56:42  Epoch  340 | train 0.000127 | val 0.445609 | acc 0.9400
15:56:42  Epoch  350 | train 0.000140 | val 0.431841 | acc 0.9425
15:56:43  Epoch  360 | train 0.000153 | val 0.430700 | acc 0.9375
15:56:43  Epoch  370 | train 0.000174 | val 0.423795 | acc 0.9350
15:56:44  Epoch  380 | train 0.000168 | val 0.420104 | acc 0.9400
15:56:44  Epoch  390 | train 0.000165 | val 0.413860 | acc 0.9375
15:56:44  Epoch  400 | train 0.000167 | val 0.427597 | acc 0.9400
15:56:45  Epoch  410 | train 0.000170 | val 0.434644 | acc 0.9425
15:56:45  Epoch  420 | train 0.000186 | val 0.443144 | acc 0.9325
15:56:46  Epoch  430 | train 0.000198 | val 0.468388 | acc 0.9275
15:56:46  Epoch  440 | train 0.000159 | val 0.422225 | acc 0.9325
15:56:46  Epoch  450 | train 0.000223 | val 0.412544 | acc 0.9375
15:56:47  Epoch  460 | train 0.000225 | val 0.423497 | acc 0.9375
15:56:47  Epoch  470 | train 0.000075 | val 0.476125 | acc 0.9400
15:56:48  Epoch  480 | train 0.000069 | val 0.494506 | acc 0.9400
15:56:48  Epoch  490 | train 0.000077 | val 0.497075 | acc 0.9400
15:56:48  Epoch  500 | train 0.000079 | val 0.502386 | acc 0.9425
15:56:48  Final val accuracy: 0.9425
15:56:48  === Pruning ===
15:56:48    Layer 0: silent=79  redundant=60  | removed=139  remaining=373
15:56:48    Layer 1: silent=119  redundant=24  | removed=143  remaining=113
15:56:48    Layer 2: silent=60  redundant=5  | removed=65  remaining=63
15:56:48    Total removed: 347
15:56:49  === Efficiency: original vs pruned ===
15:56:49    Parameters : 1,477,642  →  1,162,367   (21.3% reduction)
15:56:49    Model size :  5772.04 KB  →   4540.50 KB
15:56:49    FLOPs      : 2,951,680  →  2,321,824   (21.3% reduction)
15:56:49    Infer time :   122.28 µs  →    123.97 µs   (-1.4% faster)
15:56:49  === Fine-tuning ===
15:56:49  Epoch   10 | train 0.000154 | val 0.466230 | acc 0.9400
15:56:50  Epoch   20 | train 0.000144 | val 0.442671 | acc 0.9300
15:56:50  Epoch   30 | train 0.000162 | val 0.445645 | acc 0.9300
15:56:51  Epoch   40 | train 0.000147 | val 0.438648 | acc 0.9275
15:56:51  Epoch   50 | train 0.000150 | val 0.420927 | acc 0.9275
15:56:51  Epoch   60 | train 0.000146 | val 0.427670 | acc 0.9300
15:56:51  Epoch   70 | train 0.000147 | val 0.439635 | acc 0.9275
15:56:52  Epoch   80 | train 0.000145 | val 0.423837 | acc 0.9275
15:56:52  Epoch   90 | train 0.000143 | val 0.428706 | acc 0.9300
15:56:52  Epoch  100 | train 0.000134 | val 0.426871 | acc 0.9275
15:56:52  Final val accuracy (finetuned): 0.9275
15:56:53  === Efficiency: original vs fine-tuned ===
15:56:53    Parameters : 1,477,642  →  1,162,367   (21.3% reduction)
15:56:53    Model size :  5772.04 KB  →   4540.50 KB
15:56:53    FLOPs      : 2,951,680  →  2,321,824   (21.3% reduction)
15:56:53    Infer time :   128.09 µs  →    130.30 µs   (-1.7% faster)
15:56:53  Saved results to /home/amirabbas-kazeminia/Projects/pruning/outputs/mnist_flat_resmlp/3c5109c4/9c83719d/2fe8842e/results.json
15:56:53  Saved pruning summary to /home/amirabbas-kazeminia/Projects/pruning/outputs/mnist_flat_resmlp/3c5109c4/9c83719d/2fe8842e/pruning_summary.png
