14:42:16  Output dir : /home/amirabbas-kazeminia/Projects/pruning/outputs/circle_resnet/36199b5d/61f2ad28/e426798c
14:42:16  Log dir    : /home/amirabbas-kazeminia/Projects/pruning/logs/circle_resnet/36199b5d/61f2ad28/e426798c
14:42:16  Model: ResNet(
  (blocks): ModuleList(
    (0): ResidualBlock(
      (branch): Sequential(
        (0): Linear(in_features=2, out_features=64, bias=True)
        (1): ReLU()
        (2): Linear(in_features=64, out_features=64, bias=True)
      )
      (shortcut): Linear(in_features=2, out_features=64, bias=False)
      (relu): ReLU()
    )
    (1): ResidualBlock(
      (branch): Sequential(
        (0): Linear(in_features=64, out_features=64, bias=True)
        (1): ReLU()
        (2): Linear(in_features=64, out_features=64, bias=True)
      )
      (shortcut): Identity()
      (relu): ReLU()
    )
  )
  (head): Linear(in_features=64, out_features=1, bias=True)
)
14:42:16  Fitting circle(x) with 12865 parameters
14:42:16  === Training ===
14:42:18  Epoch  200 | train 0.416968 | val 0.372970
14:42:19  Epoch  400 | train 0.383972 | val 0.359945
14:42:19  Epoch  600 | train 0.357530 | val 0.346787
14:42:19  Epoch  800 | train 0.335508 | val 0.334490
14:42:19  Epoch 1000 | train 0.316985 | val 0.323499
14:42:19  Epoch 1200 | train 0.300523 | val 0.311523
14:42:20  Epoch 1400 | train 0.287431 | val 0.303642
14:42:20  Epoch 1600 | train 0.277205 | val 0.298264
14:42:20  Epoch 1800 | train 0.268858 | val 0.293500
14:42:20  Epoch 2000 | train 0.261930 | val 0.289491
14:42:20  Epoch 2200 | train 0.256242 | val 0.285947
14:42:21  Epoch 2400 | train 0.251588 | val 0.283013
14:42:21  Epoch 2600 | train 0.247714 | val 0.280689
14:42:21  Epoch 2800 | train 0.244467 | val 0.278758
14:42:21  Epoch 3000 | train 0.241506 | val 0.277610
14:42:21  Epoch 3200 | train 0.238962 | val 0.276240
14:42:22  Epoch 3400 | train 0.236741 | val 0.275014
14:42:22  Epoch 3600 | train 0.234651 | val 0.274123
14:42:22  Epoch 3800 | train 0.232895 | val 0.272984
14:42:22  Epoch 4000 | train 0.231242 | val 0.272204
14:42:23  Epoch 4200 | train 0.229763 | val 0.271615
14:42:23  Epoch 4400 | train 0.228347 | val 0.271100
14:42:23  Epoch 4600 | train 0.227010 | val 0.270648
14:42:23  Epoch 4800 | train 0.225671 | val 0.270098
14:42:23  Epoch 5000 | train 0.224456 | val 0.269527
14:42:24  Epoch 5200 | train 0.223273 | val 0.269055
14:42:24  Epoch 5400 | train 0.222143 | val 0.268459
14:42:24  Epoch 5600 | train 0.221086 | val 0.268019
14:42:24  Epoch 5800 | train 0.220025 | val 0.267427
14:42:24  Epoch 6000 | train 0.218990 | val 0.266883
14:42:25  Epoch 6200 | train 0.217960 | val 0.266626
14:42:25  Epoch 6400 | train 0.217002 | val 0.266400
14:42:25  Epoch 6600 | train 0.216070 | val 0.266124
14:42:25  Epoch 6800 | train 0.215075 | val 0.266127
14:42:25  Epoch 7000 | train 0.214097 | val 0.266013
14:42:26  Epoch 7200 | train 0.213117 | val 0.265721
14:42:26  Epoch 7400 | train 0.212136 | val 0.265603
14:42:26  Epoch 7600 | train 0.211225 | val 0.265365
14:42:26  Epoch 7800 | train 0.210269 | val 0.265318
14:42:27  Epoch 8000 | train 0.209292 | val 0.265226
14:42:27  Epoch 8200 | train 0.208358 | val 0.265328
14:42:27  Epoch 8400 | train 0.207455 | val 0.265333
14:42:27  Epoch 8600 | train 0.206497 | val 0.265455
14:42:27  Epoch 8800 | train 0.205504 | val 0.265943
14:42:28  Epoch 9000 | train 0.204517 | val 0.266177
14:42:28  Epoch 9200 | train 0.203529 | val 0.265886
14:42:28  Epoch 9400 | train 0.202476 | val 0.265796
14:42:28  Epoch 9600 | train 0.201469 | val 0.266083
14:42:28  Epoch 9800 | train 0.200495 | val 0.266340
14:42:29  Epoch 10000 | train 0.199588 | val 0.266653
14:42:29  Epoch 10200 | train 0.198721 | val 0.266895
14:42:29  Epoch 10400 | train 0.197867 | val 0.266934
14:42:29  Epoch 10600 | train 0.197022 | val 0.266863
14:42:29  Epoch 10800 | train 0.196159 | val 0.266916
14:42:30  Epoch 11000 | train 0.195303 | val 0.267031
14:42:30  Epoch 11200 | train 0.194453 | val 0.267515
14:42:30  Epoch 11400 | train 0.193606 | val 0.267344
14:42:30  Epoch 11600 | train 0.192773 | val 0.267574
14:42:31  Epoch 11800 | train 0.191926 | val 0.267862
14:42:31  Epoch 12000 | train 0.191107 | val 0.268369
14:42:31  Epoch 12200 | train 0.190262 | val 0.268364
14:42:31  Epoch 12400 | train 0.189437 | val 0.268813
14:42:31  Epoch 12600 | train 0.188600 | val 0.269146
14:42:32  Epoch 12800 | train 0.187742 | val 0.268664
14:42:32  Epoch 13000 | train 0.186882 | val 0.268793
14:42:32  Epoch 13200 | train 0.186025 | val 0.269483
14:42:32  Epoch 13400 | train 0.185170 | val 0.269373
14:42:32  Epoch 13600 | train 0.184325 | val 0.269741
14:42:33  Epoch 13800 | train 0.183489 | val 0.268861
14:42:33  Epoch 14000 | train 0.182658 | val 0.268692
14:42:33  Epoch 14200 | train 0.181815 | val 0.268785
14:42:33  Epoch 14400 | train 0.180975 | val 0.268900
14:42:33  Epoch 14600 | train 0.180019 | val 0.268948
14:42:34  Epoch 14800 | train 0.179039 | val 0.269282
14:42:34  Epoch 15000 | train 0.177874 | val 0.269121
14:42:34  Epoch 15200 | train 0.176792 | val 0.268545
14:42:34  Epoch 15400 | train 0.175783 | val 0.268279
14:42:34  Epoch 15600 | train 0.174843 | val 0.268017
14:42:35  Epoch 15800 | train 0.173966 | val 0.267554
14:42:35  Epoch 16000 | train 0.173136 | val 0.267122
14:42:35  Epoch 16200 | train 0.172374 | val 0.266436
14:42:35  Epoch 16400 | train 0.171782 | val 0.265292
14:42:35  Epoch 16600 | train 0.171565 | val 0.263813
14:42:36  Epoch 16800 | train 0.172531 | val 0.261385
14:42:36  Epoch 17000 | train 0.176436 | val 0.259139
14:42:36  Epoch 17200 | train 0.179873 | val 0.258740
14:42:36  Epoch 17400 | train 0.183731 | val 0.258954
14:42:37  Epoch 17600 | train 0.184237 | val 0.258967
14:42:37  Epoch 17800 | train 0.183824 | val 0.258998
14:42:37  Epoch 18000 | train 0.184288 | val 0.259054
14:42:37  Epoch 18200 | train 0.184017 | val 0.259211
14:42:37  Epoch 18400 | train 0.183226 | val 0.259440
14:42:38  Epoch 18600 | train 0.183015 | val 0.259686
14:42:38  Epoch 18800 | train 0.182815 | val 0.259839
14:42:38  Epoch 19000 | train 0.181530 | val 0.259900
14:42:38  Epoch 19200 | train 0.181014 | val 0.260352
14:42:38  Epoch 19400 | train 0.178435 | val 0.259786
14:42:39  Epoch 19600 | train 0.180424 | val 0.260626
14:42:39  Epoch 19800 | train 0.180124 | val 0.260656
14:42:39  Epoch 20000 | train 0.179326 | val 0.260606
14:42:39  Epoch 20200 | train 0.174189 | val 0.260094
14:42:39  Epoch 20400 | train 0.179149 | val 0.261356
14:42:40  Epoch 20600 | train 0.178305 | val 0.261354
14:42:40  Epoch 20800 | train 0.177222 | val 0.261498
14:42:40  Epoch 21000 | train 0.177408 | val 0.261712
14:42:40  Epoch 21200 | train 0.176885 | val 0.262035
14:42:41  Epoch 21400 | train 0.175859 | val 0.262026
14:42:41  Epoch 21600 | train 0.175047 | val 0.262203
14:42:41  Epoch 21800 | train 0.174089 | val 0.262238
14:42:41  Epoch 22000 | train 0.173806 | val 0.262077
14:42:41  Epoch 22200 | train 0.173841 | val 0.262202
14:42:42  Epoch 22400 | train 0.172677 | val 0.261915
14:42:42  Epoch 22600 | train 0.172302 | val 0.262622
14:42:42  Epoch 22800 | train 0.172796 | val 0.262989
14:42:42  Epoch 23000 | train 0.172513 | val 0.263103
14:42:42  Epoch 23200 | train 0.173265 | val 0.263772
14:42:43  Epoch 23400 | train 0.171236 | val 0.263684
14:42:43  Epoch 23600 | train 0.171186 | val 0.263882
14:42:43  Epoch 23800 | train 0.170002 | val 0.264194
14:42:43  Epoch 24000 | train 0.172490 | val 0.265302
14:42:44  Epoch 24200 | train 0.171649 | val 0.265696
14:42:44  Epoch 24400 | train 0.166957 | val 0.264111
14:42:44  Epoch 24600 | train 0.169768 | val 0.265080
14:42:44  Epoch 24800 | train 0.167904 | val 0.264459
14:42:44  Epoch 25000 | train 0.167373 | val 0.264265
14:42:45  Epoch 25200 | train 0.165054 | val 0.263819
14:42:45  Epoch 25400 | train 0.164973 | val 0.263799
14:42:45  Epoch 25600 | train 0.165423 | val 0.263551
14:42:45  Epoch 25800 | train 0.154950 | val 0.259972
14:42:46  Epoch 26000 | train 0.161923 | val 0.260425
14:42:46  Epoch 26200 | train 0.161851 | val 0.260285
14:42:46  Epoch 26400 | train 0.153536 | val 0.256141
14:42:46  Epoch 26600 | train 0.161630 | val 0.257834
14:42:46  Epoch 26800 | train 0.162245 | val 0.258124
14:42:47  Epoch 27000 | train 0.162686 | val 0.258253
14:42:47  Epoch 27200 | train 0.161084 | val 0.258141
14:42:47  Epoch 27400 | train 0.160728 | val 0.258221
14:42:47  Epoch 27600 | train 0.160463 | val 0.258310
14:42:48  Epoch 27800 | train 0.159283 | val 0.258696
14:42:48  Epoch 28000 | train 0.156034 | val 0.258354
14:42:48  Epoch 28200 | train 0.158530 | val 0.259240
14:42:48  Epoch 28400 | train 0.157816 | val 0.259298
14:42:49  Epoch 28600 | train 0.158871 | val 0.259994
14:42:49  Epoch 28800 | train 0.157046 | val 0.259156
14:42:49  Epoch 29000 | train 0.158674 | val 0.260133
14:42:49  Epoch 29200 | train 0.155716 | val 0.259067
14:42:49  Epoch 29400 | train 0.155358 | val 0.258994
14:42:50  Epoch 29600 | train 0.155834 | val 0.259965
14:42:50  Epoch 29800 | train 0.153203 | val 0.259297
14:42:50  Epoch 30000 | train 0.152665 | val 0.260355
14:42:50  Epoch 30200 | train 0.151971 | val 0.260586
14:42:51  Epoch 30400 | train 0.144822 | val 0.257430
14:42:51  Epoch 30600 | train 0.151781 | val 0.260830
14:42:51  Epoch 30800 | train 0.151785 | val 0.261174
14:42:51  Epoch 31000 | train 0.151176 | val 0.260993
14:42:52  Epoch 31200 | train 0.150839 | val 0.261673
14:42:52  Epoch 31400 | train 0.150117 | val 0.261517
14:42:52  Epoch 31600 | train 0.145514 | val 0.259815
14:42:52  Epoch 31800 | train 0.151228 | val 0.263227
14:42:52  Epoch 32000 | train 0.137009 | val 0.256560
14:42:53  Epoch 32200 | train 0.140508 | val 0.258472
14:42:53  Epoch 32400 | train 0.146769 | val 0.262002
14:42:53  Epoch 32600 | train 0.146717 | val 0.262809
14:42:53  Epoch 32800 | train 0.143377 | val 0.261411
14:42:54  Epoch 33000 | train 0.137927 | val 0.257779
14:42:54  Epoch 33200 | train 0.140968 | val 0.259639
14:42:54  Epoch 33400 | train 0.140857 | val 0.260491
14:42:54  Epoch 33600 | train 0.140270 | val 0.260812
14:42:54  Epoch 33800 | train 0.139151 | val 0.261002
14:42:55  Epoch 34000 | train 0.137519 | val 0.260886
14:42:55  Epoch 34200 | train 0.138856 | val 0.262380
14:42:55  Epoch 34400 | train 0.136499 | val 0.261418
14:42:55  Epoch 34600 | train 0.128593 | val 0.258189
14:42:56  Epoch 34800 | train 0.133263 | val 0.261315
14:42:56  Epoch 35000 | train 0.134314 | val 0.263043
14:42:56  Epoch 35200 | train 0.131268 | val 0.262260
14:42:56  Epoch 35400 | train 0.132970 | val 0.264541
14:42:57  Epoch 35600 | train 0.134895 | val 0.267011
14:42:57  Epoch 35800 | train 0.134053 | val 0.267130
14:42:57  Epoch 36000 | train 0.132055 | val 0.266723
14:42:57  Epoch 36200 | train 0.135303 | val 0.269506
14:42:57  Epoch 36400 | train 0.136974 | val 0.271508
14:42:58  Epoch 36600 | train 0.136865 | val 0.272009
14:42:58  Epoch 36800 | train 0.133637 | val 0.270534
14:42:58  Epoch 37000 | train 0.132071 | val 0.269963
14:42:58  Epoch 37200 | train 0.138046 | val 0.274732
14:42:59  Epoch 37400 | train 0.137298 | val 0.274485
14:42:59  Epoch 37600 | train 0.136209 | val 0.274420
14:42:59  Epoch 37800 | train 0.136388 | val 0.275065
14:42:59  Epoch 38000 | train 0.133314 | val 0.273046
14:42:59  Epoch 38200 | train 0.133788 | val 0.273557
14:43:00  Epoch 38400 | train 0.133289 | val 0.273513
14:43:00  Epoch 38600 | train 0.132930 | val 0.273614
14:43:00  Epoch 38800 | train 0.132010 | val 0.273164
14:43:00  Epoch 39000 | train 0.130484 | val 0.272479
14:43:01  Epoch 39200 | train 0.132168 | val 0.274265
14:43:01  Epoch 39400 | train 0.133113 | val 0.275437
14:43:01  Epoch 39600 | train 0.132178 | val 0.275097
14:43:01  Epoch 39800 | train 0.132685 | val 0.276026
14:43:02  Epoch 40000 | train 0.132684 | val 0.276419
14:43:02  Epoch 40200 | train 0.127145 | val 0.272032
14:43:02  Epoch 40400 | train 0.129534 | val 0.274399
14:43:02  Epoch 40600 | train 0.129502 | val 0.274320
14:43:02  Epoch 40800 | train 0.120123 | val 0.268160
14:43:03  Epoch 41000 | train 0.127096 | val 0.273735
14:43:03  Epoch 41200 | train 0.123340 | val 0.271383
14:43:03  Epoch 41400 | train 0.119673 | val 0.268675
14:43:03  Epoch 41600 | train 0.128669 | val 0.275701
14:43:04  Epoch 41800 | train 0.120413 | val 0.269847
14:43:04  Epoch 42000 | train 0.120642 | val 0.269683
14:43:04  Epoch 42200 | train 0.124379 | val 0.273710
14:43:04  Epoch 42400 | train 0.118865 | val 0.269529
14:43:05  Epoch 42600 | train 0.131749 | val 0.279907
14:43:05  Epoch 42800 | train 0.116301 | val 0.268237
14:43:05  Epoch 43000 | train 0.126944 | val 0.275574
14:43:05  Epoch 43200 | train 0.118992 | val 0.270781
14:43:05  Epoch 43400 | train 0.117165 | val 0.268628
14:43:06  Epoch 43600 | train 0.126386 | val 0.276668
14:43:06  Epoch 43800 | train 0.116605 | val 0.269816
14:43:06  Epoch 44000 | train 0.115484 | val 0.269148
14:43:06  Epoch 44200 | train 0.127174 | val 0.278647
14:43:07  Epoch 44400 | train 0.116036 | val 0.271074
14:43:07  Epoch 44600 | train 0.113027 | val 0.268669
14:43:07  Epoch 44800 | train 0.123880 | val 0.277469
14:43:07  Epoch 45000 | train 0.114447 | val 0.271477
14:43:08  Epoch 45200 | train 0.113616 | val 0.270285
14:43:08  Epoch 45400 | train 0.125379 | val 0.280538
14:43:08  Epoch 45600 | train 0.111063 | val 0.269708
14:43:08  Epoch 45800 | train 0.111598 | val 0.270341
14:43:08  Epoch 46000 | train 0.123318 | val 0.279997
14:43:09  Epoch 46200 | train 0.118837 | val 0.277311
14:43:09  Epoch 46400 | train 0.108777 | val 0.269567
14:43:09  Epoch 46600 | train 0.111905 | val 0.272205
14:43:09  Epoch 46800 | train 0.121144 | val 0.280461
14:43:10  Epoch 47000 | train 0.113593 | val 0.274926
14:43:10  Epoch 47200 | train 0.108627 | val 0.271255
14:43:10  Epoch 47400 | train 0.109444 | val 0.271569
14:43:10  Epoch 47600 | train 0.116400 | val 0.277821
14:43:10  Epoch 47800 | train 0.118989 | val 0.281292
14:43:11  Epoch 48000 | train 0.106178 | val 0.270664
14:43:11  Epoch 48200 | train 0.113316 | val 0.276315
14:43:11  Epoch 48400 | train 0.115541 | val 0.279548
14:43:11  Epoch 48600 | train 0.105471 | val 0.271486
14:43:12  Epoch 48800 | train 0.107706 | val 0.273548
14:43:12  Epoch 49000 | train 0.117455 | val 0.282784
14:43:12  Epoch 49200 | train 0.105135 | val 0.272472
14:43:12  Epoch 49400 | train 0.108389 | val 0.274793
14:43:13  Epoch 49600 | train 0.118535 | val 0.284500
14:43:13  Epoch 49800 | train 0.106166 | val 0.274563
14:43:13  Epoch 50000 | train 0.101736 | val 0.271111
14:43:13  === Pruning ===
14:43:13    Layer 0: silent=0  redundant=12  | removed=12  remaining=52
14:43:13    Layer 1: silent=5  redundant=0  | removed=5  remaining=59
14:43:13    Total removed: 17
14:43:13  === Efficiency: original vs pruned ===
14:43:13    Parameters :   12,865  →    11,416   (11.3% reduction)
14:43:13    Model size :    50.25 KB  →     44.59 KB
14:43:13    FLOPs      :   25,216  →    22,352   (11.4% reduction)
14:43:13    Infer time :    37.43 µs  →     30.98 µs   (17.2% faster)
14:43:13  === Fine-tuning ===
14:43:13  Epoch  200 | train 0.128392 | val 0.281494
14:43:14  Epoch  400 | train 0.114674 | val 0.274374
14:43:14  Epoch  600 | train 0.106588 | val 0.275707
14:43:14  Epoch  800 | train 0.100738 | val 0.279045
14:43:15  Epoch 1000 | train 0.095379 | val 0.283865
14:43:15  Epoch 1200 | train 0.090607 | val 0.289365
14:43:15  Epoch 1400 | train 0.085989 | val 0.295769
14:43:15  Epoch 1600 | train 0.081334 | val 0.303982
14:43:16  Epoch 1800 | train 0.076405 | val 0.313882
14:43:16  Epoch 2000 | train 0.071795 | val 0.325922
14:43:16  Epoch 2200 | train 0.067191 | val 0.335792
14:43:17  Epoch 2400 | train 0.063069 | val 0.345281
14:43:17  Epoch 2600 | train 0.058963 | val 0.347785
14:43:17  Epoch 2800 | train 0.055547 | val 0.354096
14:43:17  Epoch 3000 | train 0.052532 | val 0.362468
14:43:18  Epoch 3200 | train 0.049875 | val 0.366992
14:43:18  Epoch 3400 | train 0.046993 | val 0.369446
14:43:18  Epoch 3600 | train 0.044671 | val 0.374032
14:43:19  Epoch 3800 | train 0.042428 | val 0.377434
14:43:19  Epoch 4000 | train 0.039565 | val 0.378202
14:43:19  Epoch 4200 | train 0.037164 | val 0.386557
14:43:19  Epoch 4400 | train 0.034841 | val 0.387938
14:43:20  Epoch 4600 | train 0.032539 | val 0.387956
14:43:20  Epoch 4800 | train 0.030124 | val 0.387599
14:43:20  Epoch 5000 | train 0.027748 | val 0.390155
14:43:21  Epoch 5200 | train 0.025538 | val 0.389142
14:43:21  Epoch 5400 | train 0.023476 | val 0.396343
14:43:21  Epoch 5600 | train 0.021450 | val 0.402694
14:43:21  Epoch 5800 | train 0.019457 | val 0.411258
14:43:22  Epoch 6000 | train 0.017700 | val 0.415678
14:43:22  Epoch 6200 | train 0.016202 | val 0.422652
14:43:22  Epoch 6400 | train 0.014911 | val 0.422570
14:43:22  Epoch 6600 | train 0.013498 | val 0.423218
14:43:23  Epoch 6800 | train 0.012231 | val 0.427100
14:43:23  Epoch 7000 | train 0.011141 | val 0.426672
14:43:23  Epoch 7200 | train 0.010141 | val 0.426788
14:43:24  Epoch 7400 | train 0.009672 | val 0.427499
14:43:24  Epoch 7600 | train 0.008407 | val 0.429077
14:43:24  Epoch 7800 | train 0.007312 | val 0.428186
14:43:24  Epoch 8000 | train 0.006434 | val 0.427026
14:43:25  Epoch 8200 | train 0.005838 | val 0.428498
14:43:25  Epoch 8400 | train 0.005012 | val 0.429053
14:43:25  Epoch 8600 | train 0.004388 | val 0.433217
14:43:26  Epoch 8800 | train 0.003916 | val 0.440498
14:43:26  Epoch 9000 | train 0.003341 | val 0.445007
14:43:26  Epoch 9200 | train 0.002911 | val 0.447850
14:43:26  Epoch 9400 | train 0.002751 | val 0.452428
14:43:27  Epoch 9600 | train 0.001733 | val 0.448339
14:43:27  Epoch 9800 | train 0.001371 | val 0.446732
14:43:27  Epoch 10000 | train 0.001548 | val 0.448224
14:43:28  Epoch 10200 | train 0.000808 | val 0.448925
14:43:28  Epoch 10400 | train 0.001014 | val 0.448672
14:43:28  Epoch 10600 | train 0.000588 | val 0.448240
14:43:29  Epoch 10800 | train 0.000392 | val 0.447206
14:43:29  Epoch 11000 | train 0.000310 | val 0.447022
14:43:29  Epoch 11200 | train 0.000309 | val 0.447322
14:43:29  Epoch 11400 | train 0.000196 | val 0.445332
14:43:30  Epoch 11600 | train 0.000182 | val 0.446412
14:43:30  Epoch 11800 | train 0.000571 | val 0.448041
14:43:30  Epoch 12000 | train 0.000129 | val 0.448502
14:43:31  Epoch 12200 | train 0.000086 | val 0.447636
14:43:31  Epoch 12400 | train 0.000304 | val 0.447797
14:43:31  Epoch 12600 | train 0.000406 | val 0.448426
14:43:31  Epoch 12800 | train 0.000042 | val 0.448714
14:43:32  Epoch 13000 | train 0.000378 | val 0.448976
14:43:32  Epoch 13200 | train 0.000038 | val 0.449197
14:43:32  Epoch 13400 | train 0.000270 | val 0.448990
14:43:33  Epoch 13600 | train 0.000059 | val 0.449502
14:43:33  Epoch 13800 | train 0.000015 | val 0.449820
14:43:33  Epoch 14000 | train 0.000154 | val 0.449757
14:43:33  Epoch 14200 | train 0.000106 | val 0.449178
14:43:34  Epoch 14400 | train 0.000166 | val 0.449179
14:43:34  Epoch 14600 | train 0.000081 | val 0.448778
14:43:34  Epoch 14800 | train 0.000004 | val 0.448624
14:43:35  Epoch 15000 | train 0.000019 | val 0.448307
14:43:35  Epoch 15200 | train 0.000002 | val 0.447900
14:43:35  Epoch 15400 | train 0.000005 | val 0.447669
14:43:35  Epoch 15600 | train 0.000009 | val 0.446593
14:43:36  Epoch 15800 | train 0.000001 | val 0.446256
14:43:36  Epoch 16000 | train 0.001113 | val 0.447238
14:43:36  Epoch 16200 | train 0.000498 | val 0.446348
14:43:37  Epoch 16400 | train 0.000001 | val 0.444492
14:43:37  Epoch 16600 | train 0.000003 | val 0.444657
14:43:37  Epoch 16800 | train 0.001887 | val 0.445295
14:43:37  Epoch 17000 | train 0.000060 | val 0.444014
14:43:38  Epoch 17200 | train 0.000000 | val 0.443411
14:43:38  Epoch 17400 | train 0.000000 | val 0.443766
14:43:38  Epoch 17600 | train 0.000001 | val 0.442220
14:43:39  Epoch 17800 | train 0.000000 | val 0.442552
14:43:39  Epoch 18000 | train 0.000000 | val 0.442611
14:43:39  Epoch 18200 | train 0.000002 | val 0.442006
14:43:40  Epoch 18400 | train 0.000000 | val 0.442132
14:43:40  Epoch 18600 | train 0.000005 | val 0.442238
14:43:40  Epoch 18800 | train 0.000000 | val 0.442221
14:43:41  Epoch 19000 | train 0.000000 | val 0.440668
14:43:41  Epoch 19200 | train 0.000000 | val 0.440839
14:43:41  Epoch 19400 | train 0.000008 | val 0.441190
14:43:41  Epoch 19600 | train 0.000000 | val 0.441229
14:43:42  Epoch 19800 | train 0.000000 | val 0.441220
14:43:42  Epoch 20000 | train 0.000002 | val 0.440665
14:43:42  Epoch 20200 | train 0.000000 | val 0.440742
14:43:43  Epoch 20400 | train 0.000000 | val 0.440799
14:43:43  Epoch 20600 | train 0.000000 | val 0.440802
14:43:43  Epoch 20800 | train 0.000000 | val 0.436536
14:43:43  Epoch 21000 | train 0.000000 | val 0.436726
14:43:44  Epoch 21200 | train 0.000000 | val 0.436790
14:43:44  Epoch 21400 | train 0.000000 | val 0.436808
14:43:44  Epoch 21600 | train 0.000000 | val 0.436811
14:43:45  Epoch 21800 | train 0.000000 | val 0.435973
14:43:45  Epoch 22000 | train 0.000000 | val 0.436169
14:43:45  Epoch 22200 | train 0.000000 | val 0.436252
14:43:46  Epoch 22400 | train 0.000000 | val 0.436278
14:43:46  Epoch 22600 | train 0.000000 | val 0.436288
14:43:46  Epoch 22800 | train 0.000001 | val 0.434770
14:43:47  Epoch 23000 | train 0.000000 | val 0.434963
14:43:47  Epoch 23200 | train 0.000000 | val 0.435047
14:43:47  Epoch 23400 | train 0.000000 | val 0.435069
14:43:48  Epoch 23600 | train 0.000000 | val 0.435070
14:43:48  Epoch 23800 | train 0.000000 | val 0.435068
14:43:48  Epoch 24000 | train 0.000000 | val 0.433565
14:43:49  Epoch 24200 | train 0.000000 | val 0.433631
14:43:49  Epoch 24400 | train 0.000000 | val 0.433673
14:43:49  Epoch 24600 | train 0.000000 | val 0.433702
14:43:49  Epoch 24800 | train 0.000000 | val 0.433715
14:43:50  Epoch 25000 | train 0.000041 | val 0.431760
14:43:50  Epoch 25200 | train 0.000000 | val 0.432214
14:43:50  Epoch 25400 | train 0.000000 | val 0.432295
14:43:51  Epoch 25600 | train 0.000000 | val 0.432343
14:43:51  Epoch 25800 | train 0.000000 | val 0.432371
14:43:51  Epoch 26000 | train 0.000000 | val 0.432381
14:43:52  Epoch 26200 | train 0.000000 | val 0.432386
14:43:52  Epoch 26400 | train 0.000001 | val 0.430528
14:43:52  Epoch 26600 | train 0.000000 | val 0.430762
14:43:53  Epoch 26800 | train 0.000000 | val 0.430803
14:43:53  Epoch 27000 | train 0.000000 | val 0.430838
14:43:53  Epoch 27200 | train 0.000000 | val 0.430856
14:43:54  Epoch 27400 | train 0.000000 | val 0.430861
14:43:54  Epoch 27600 | train 0.000000 | val 0.430859
14:43:54  Epoch 27800 | train 0.000041 | val 0.427918
14:43:54  Epoch 28000 | train 0.000000 | val 0.428699
14:43:55  Epoch 28200 | train 0.000000 | val 0.428926
14:43:55  Epoch 28400 | train 0.000000 | val 0.429094
14:43:55  Epoch 28600 | train 0.000000 | val 0.429183
14:43:56  Epoch 28800 | train 0.000000 | val 0.429246
14:43:56  Epoch 29000 | train 0.000000 | val 0.429282
14:43:56  Epoch 29200 | train 0.000000 | val 0.429308
14:43:57  Epoch 29400 | train 0.000002 | val 0.427843
14:43:57  Epoch 29600 | train 0.000000 | val 0.427675
14:43:57  Epoch 29800 | train 0.000000 | val 0.427702
14:43:57  Epoch 30000 | train 0.000000 | val 0.427743
14:43:58  Epoch 30200 | train 0.000000 | val 0.427772
14:43:58  Epoch 30400 | train 0.000000 | val 0.427791
14:43:58  Epoch 30600 | train 0.000000 | val 0.427800
14:43:59  Epoch 30800 | train 0.000020 | val 0.424555
14:43:59  Epoch 31000 | train 0.000000 | val 0.425110
14:43:59  Epoch 31200 | train 0.000000 | val 0.425205
14:43:59  Epoch 31400 | train 0.000000 | val 0.425279
14:44:00  Epoch 31600 | train 0.000000 | val 0.425352
14:44:00  Epoch 31800 | train 0.000000 | val 0.425406
14:44:00  Epoch 32000 | train 0.000000 | val 0.425442
14:44:01  Epoch 32200 | train 0.000000 | val 0.425467
14:44:01  Epoch 32400 | train 0.000000 | val 0.425125
14:44:01  Epoch 32600 | train 0.000000 | val 0.425275
14:44:01  Epoch 32800 | train 0.000000 | val 0.425423
14:44:02  Epoch 33000 | train 0.000000 | val 0.425499
14:44:02  Epoch 33200 | train 0.000000 | val 0.425543
14:44:02  Epoch 33400 | train 0.000000 | val 0.425564
14:44:03  Epoch 33600 | train 0.000734 | val 0.422760
14:44:03  Epoch 33800 | train 0.000000 | val 0.422517
14:44:03  Epoch 34000 | train 0.000000 | val 0.422650
14:44:03  Epoch 34200 | train 0.000000 | val 0.422740
14:44:04  Epoch 34400 | train 0.000000 | val 0.422801
14:44:04  Epoch 34600 | train 0.000000 | val 0.422839
14:44:04  Epoch 34800 | train 0.000000 | val 0.422867
14:44:05  Epoch 35000 | train 0.000000 | val 0.422887
14:44:05  Epoch 35200 | train 0.000000 | val 0.422903
14:44:05  Epoch 35400 | train 0.009461 | val 0.439683
14:44:06  Epoch 35600 | train 0.000001 | val 0.414984
14:44:06  Epoch 35800 | train 0.000000 | val 0.415318
14:44:06  Epoch 36000 | train 0.000000 | val 0.415469
14:44:06  Epoch 36200 | train 0.000000 | val 0.415574
14:44:07  Epoch 36400 | train 0.000000 | val 0.415641
14:44:07  Epoch 36600 | train 0.000000 | val 0.415700
14:44:07  Epoch 36800 | train 0.000000 | val 0.415751
14:44:08  Epoch 37000 | train 0.000000 | val 0.415794
14:44:08  Epoch 37200 | train 0.000000 | val 0.415832
14:44:08  Epoch 37400 | train 0.000002 | val 0.415908
14:44:09  Epoch 37600 | train 0.000000 | val 0.415955
14:44:09  Epoch 37800 | train 0.000000 | val 0.415941
14:44:09  Epoch 38000 | train 0.000000 | val 0.415970
14:44:09  Epoch 38200 | train 0.000000 | val 0.415992
14:44:10  Epoch 38400 | train 0.000000 | val 0.416007
14:44:10  Epoch 38600 | train 0.000000 | val 0.416018
14:44:10  Epoch 38800 | train 0.000000 | val 0.416026
14:44:11  Epoch 39000 | train 0.000002 | val 0.412116
14:44:11  Epoch 39200 | train 0.000001 | val 0.412649
14:44:11  Epoch 39400 | train 0.000000 | val 0.412956
14:44:12  Epoch 39600 | train 0.000000 | val 0.413151
14:44:12  Epoch 39800 | train 0.000000 | val 0.413274
14:44:12  Epoch 40000 | train 0.000000 | val 0.413346
14:44:12  Epoch 40200 | train 0.000000 | val 0.413376
14:44:13  Epoch 40400 | train 0.000000 | val 0.413397
14:44:13  Epoch 40600 | train 0.000000 | val 0.413410
14:44:13  Epoch 40800 | train 0.000000 | val 0.413417
14:44:13  Epoch 41000 | train 0.000000 | val 0.413422
14:44:14  Epoch 41200 | train 0.000002 | val 0.413716
14:44:14  Epoch 41400 | train 0.000000 | val 0.413863
14:44:14  Epoch 41600 | train 0.000000 | val 0.413847
14:44:15  Epoch 41800 | train 0.000000 | val 0.413854
14:44:15  Epoch 42000 | train 0.000000 | val 0.413855
14:44:15  Epoch 42200 | train 0.000000 | val 0.413860
14:44:15  Epoch 42400 | train 0.000000 | val 0.413855
14:44:16  Epoch 42600 | train 0.000000 | val 0.413855
14:44:16  Epoch 42800 | train 0.000000 | val 0.413855
14:44:16  Epoch 43000 | train 0.000000 | val 0.413848
14:44:17  Epoch 43200 | train 0.000001 | val 0.412826
14:44:17  Epoch 43400 | train 0.000000 | val 0.413137
14:44:17  Epoch 43600 | train 0.000000 | val 0.413242
14:44:17  Epoch 43800 | train 0.000000 | val 0.413293
14:44:18  Epoch 44000 | train 0.000000 | val 0.413317
14:44:18  Epoch 44200 | train 0.000000 | val 0.413332
14:44:18  Epoch 44400 | train 0.000000 | val 0.413338
14:44:19  Epoch 44600 | train 0.000000 | val 0.413343
14:44:19  Epoch 44800 | train 0.000005 | val 0.409197
14:44:19  Epoch 45000 | train 0.000000 | val 0.410380
14:44:20  Epoch 45200 | train 0.000000 | val 0.410575
14:44:20  Epoch 45400 | train 0.000000 | val 0.410692
14:44:20  Epoch 45600 | train 0.000000 | val 0.410764
14:44:20  Epoch 45800 | train 0.000000 | val 0.410807
14:44:21  Epoch 46000 | train 0.000000 | val 0.410831
14:44:21  Epoch 46200 | train 0.000000 | val 0.410847
14:44:21  Epoch 46400 | train 0.000000 | val 0.410865
14:44:22  Epoch 46600 | train 0.000000 | val 0.410885
14:44:22  Epoch 46800 | train 0.000003 | val 0.408885
14:44:22  Epoch 47000 | train 0.000000 | val 0.409520
14:44:23  Epoch 47200 | train 0.000000 | val 0.409686
14:44:23  Epoch 47400 | train 0.000000 | val 0.409788
14:44:23  Epoch 47600 | train 0.000000 | val 0.409850
14:44:23  Epoch 47800 | train 0.000000 | val 0.409886
14:44:24  Epoch 48000 | train 0.000000 | val 0.409910
14:44:24  Epoch 48200 | train 0.000000 | val 0.409925
14:44:24  Epoch 48400 | train 0.000000 | val 0.409937
14:44:25  Epoch 48600 | train 0.000000 | val 0.409946
14:44:25  Epoch 48800 | train 0.000018 | val 0.407627
14:44:25  Epoch 49000 | train 0.000000 | val 0.408248
14:44:26  Epoch 49200 | train 0.000000 | val 0.408233
14:44:26  Epoch 49400 | train 0.000000 | val 0.408247
14:44:26  Epoch 49600 | train 0.000000 | val 0.408265
14:44:26  Epoch 49800 | train 0.000000 | val 0.408316
14:44:27  Epoch 50000 | train 0.000000 | val 0.408363
14:44:27  === Efficiency: original vs fine-tuned ===
14:44:27    Parameters :   12,865  →    11,416   (11.3% reduction)
14:44:27    Model size :    50.25 KB  →     44.59 KB
14:44:27    FLOPs      :   25,216  →    22,352   (11.4% reduction)
14:44:27    Infer time :    44.95 µs  →     31.08 µs   (30.9% faster)
14:44:27  Saved results to /home/amirabbas-kazeminia/Projects/pruning/outputs/circle_resnet/36199b5d/61f2ad28/e426798c/results.json
14:44:27  Saved pruning summary to /home/amirabbas-kazeminia/Projects/pruning/outputs/circle_resnet/36199b5d/61f2ad28/e426798c/pruning_summary.png
