15:51:09  Device     : cuda (NVIDIA GeForce RTX 4090 Laptop GPU, 1 device(s))
15:51:09  Output dir : /home/amirabbas-kazeminia/Projects/pruning/outputs/circle_resnet/36199b5d/f2fbebd2/e9bb05b4
15:51:09  Log dir    : /home/amirabbas-kazeminia/Projects/pruning/logs/circle_resnet/36199b5d/f2fbebd2/e9bb05b4
15:51:09  Model: ResNet(
  (blocks): ModuleList(
    (0): ResidualBlock(
      (branch): Sequential(
        (0): Linear(in_features=2, out_features=64, bias=True)
        (1): ReLU()
        (2): Linear(in_features=64, out_features=64, bias=True)
      )
      (shortcut): Linear(in_features=2, out_features=64, bias=False)
      (relu): ReLU()
    )
    (1): ResidualBlock(
      (branch): Sequential(
        (0): Linear(in_features=64, out_features=64, bias=True)
        (1): ReLU()
        (2): Linear(in_features=64, out_features=64, bias=True)
      )
      (shortcut): Identity()
      (relu): ReLU()
    )
  )
  (head): Linear(in_features=64, out_features=1, bias=True)
)
15:51:09  Fitting circle(x) with 12865 parameters
15:51:09  === Training ===
15:51:10  Epoch  200 | train 0.296882 | val 0.266177
15:51:10  Epoch  400 | train 0.291972 | val 0.258965
15:51:10  Epoch  600 | train 0.292540 | val 0.248948
15:51:11  Epoch  800 | train 0.292766 | val 0.239313
15:51:11  Epoch 1000 | train 0.283792 | val 0.225641
15:51:11  Epoch 1200 | train 0.274114 | val 0.218387
15:51:11  Epoch 1400 | train 0.267794 | val 0.214921
15:51:12  Epoch 1600 | train 0.262835 | val 0.211571
15:51:12  Epoch 1800 | train 0.259490 | val 0.209651
15:51:12  Epoch 2000 | train 0.257066 | val 0.207874
15:51:12  Epoch 2200 | train 0.255236 | val 0.206507
15:51:13  Epoch 2400 | train 0.254007 | val 0.205677
15:51:13  Epoch 2600 | train 0.253272 | val 0.204815
15:51:13  Epoch 2800 | train 0.252780 | val 0.204429
15:51:13  Epoch 3000 | train 0.252467 | val 0.204484
15:51:14  Epoch 3200 | train 0.252351 | val 0.204102
15:51:14  Epoch 3400 | train 0.252305 | val 0.204175
15:51:14  Epoch 3600 | train 0.252224 | val 0.203899
15:51:14  Epoch 3800 | train 0.252226 | val 0.203783
15:51:15  Epoch 4000 | train 0.252201 | val 0.203860
15:51:15  Epoch 4200 | train 0.252156 | val 0.203625
15:51:15  Epoch 4400 | train 0.252271 | val 0.204185
15:51:15  Epoch 4600 | train 0.252196 | val 0.203584
15:51:16  Epoch 4800 | train 0.252186 | val 0.204004
15:51:16  Epoch 5000 | train 0.252238 | val 0.203847
15:51:16  Epoch 5200 | train 0.252145 | val 0.204014
15:51:16  Epoch 5400 | train 0.252133 | val 0.203431
15:51:17  Epoch 5600 | train 0.252191 | val 0.204315
15:51:17  Epoch 5800 | train 0.252110 | val 0.203448
15:51:17  Epoch 6000 | train 0.252144 | val 0.204016
15:51:17  Epoch 6200 | train 0.252003 | val 0.203799
15:51:18  Epoch 6400 | train 0.252085 | val 0.203893
15:51:18  Epoch 6600 | train 0.252087 | val 0.203721
15:51:18  Epoch 6800 | train 0.252136 | val 0.203850
15:51:18  Epoch 7000 | train 0.252043 | val 0.203520
15:51:18  Epoch 7200 | train 0.252049 | val 0.204033
15:51:19  Epoch 7400 | train 0.252059 | val 0.203920
15:51:19  Epoch 7600 | train 0.252106 | val 0.204175
15:51:19  Epoch 7800 | train 0.251974 | val 0.203930
15:51:19  Epoch 8000 | train 0.251998 | val 0.204083
15:51:20  Epoch 8200 | train 0.252011 | val 0.204240
15:51:20  Epoch 8400 | train 0.251869 | val 0.203707
15:51:20  Epoch 8600 | train 0.252043 | val 0.204149
15:51:20  Epoch 8800 | train 0.251918 | val 0.203216
15:51:21  Epoch 9000 | train 0.251893 | val 0.204082
15:51:21  Epoch 9200 | train 0.252020 | val 0.203995
15:51:21  Epoch 9400 | train 0.251978 | val 0.203562
15:51:21  Epoch 9600 | train 0.252012 | val 0.203482
15:51:22  Epoch 9800 | train 0.251845 | val 0.203522
15:51:22  Epoch 10000 | train 0.251906 | val 0.203518
15:51:22  Epoch 10200 | train 0.251871 | val 0.203669
15:51:22  Epoch 10400 | train 0.251914 | val 0.203268
15:51:23  Epoch 10600 | train 0.252200 | val 0.203752
15:51:23  Epoch 10800 | train 0.251913 | val 0.203681
15:51:23  Epoch 11000 | train 0.251973 | val 0.203501
15:51:23  Epoch 11200 | train 0.251853 | val 0.203254
15:51:24  Epoch 11400 | train 0.251949 | val 0.203704
15:51:24  Epoch 11600 | train 0.251993 | val 0.203427
15:51:24  Epoch 11800 | train 0.251967 | val 0.203277
15:51:24  Epoch 12000 | train 0.251895 | val 0.204087
15:51:25  Epoch 12200 | train 0.251843 | val 0.203704
15:51:25  Epoch 12400 | train 0.251945 | val 0.203416
15:51:25  Epoch 12600 | train 0.251943 | val 0.203818
15:51:25  Epoch 12800 | train 0.251909 | val 0.203892
15:51:26  Epoch 13000 | train 0.251878 | val 0.203568
15:51:26  Epoch 13200 | train 0.251838 | val 0.203675
15:51:26  Epoch 13400 | train 0.251896 | val 0.203497
15:51:26  Epoch 13600 | train 0.251788 | val 0.203492
15:51:27  Epoch 13800 | train 0.251905 | val 0.203659
15:51:27  Epoch 14000 | train 0.251979 | val 0.203579
15:51:27  Epoch 14200 | train 0.251968 | val 0.203735
15:51:27  Epoch 14400 | train 0.251905 | val 0.203483
15:51:28  Epoch 14600 | train 0.251877 | val 0.203044
15:51:28  Epoch 14800 | train 0.252013 | val 0.203853
15:51:28  Epoch 15000 | train 0.251955 | val 0.203292
15:51:28  Epoch 15200 | train 0.251884 | val 0.203654
15:51:28  Epoch 15400 | train 0.251831 | val 0.202873
15:51:29  Epoch 15600 | train 0.251860 | val 0.203408
15:51:29  Epoch 15800 | train 0.252045 | val 0.203995
15:51:29  Epoch 16000 | train 0.251866 | val 0.203791
15:51:29  Epoch 16200 | train 0.251903 | val 0.203282
15:51:30  Epoch 16400 | train 0.252091 | val 0.203554
15:51:30  Epoch 16600 | train 0.251638 | val 0.203241
15:51:30  Epoch 16800 | train 0.251888 | val 0.203594
15:51:31  Epoch 17000 | train 0.252013 | val 0.203614
15:51:31  Epoch 17200 | train 0.251954 | val 0.203359
15:51:31  Epoch 17400 | train 0.251905 | val 0.203079
15:51:32  Epoch 17600 | train 0.251854 | val 0.203671
15:51:32  Epoch 17800 | train 0.251912 | val 0.203775
15:51:32  Epoch 18000 | train 0.252007 | val 0.203200
15:51:32  Epoch 18200 | train 0.251856 | val 0.203217
15:51:33  Epoch 18400 | train 0.252090 | val 0.202916
15:51:33  Epoch 18600 | train 0.251830 | val 0.203184
15:51:33  Epoch 18800 | train 0.251971 | val 0.203627
15:51:33  Epoch 19000 | train 0.251930 | val 0.203843
15:51:34  Epoch 19200 | train 0.251950 | val 0.203517
15:51:34  Epoch 19400 | train 0.251925 | val 0.203326
15:51:34  Epoch 19600 | train 0.251861 | val 0.203611
15:51:34  Epoch 19800 | train 0.251744 | val 0.203661
15:51:35  Epoch 20000 | train 0.251803 | val 0.203604
15:51:35  Epoch 20200 | train 0.251961 | val 0.203491
15:51:35  Epoch 20400 | train 0.251883 | val 0.203567
15:51:36  Epoch 20600 | train 0.251889 | val 0.203788
15:51:36  Epoch 20800 | train 0.251869 | val 0.203382
15:51:36  Epoch 21000 | train 0.252000 | val 0.202965
15:51:37  Epoch 21200 | train 0.251989 | val 0.203739
15:51:37  Epoch 21400 | train 0.251860 | val 0.203174
15:51:37  Epoch 21600 | train 0.251991 | val 0.203987
15:51:37  Epoch 21800 | train 0.251842 | val 0.203170
15:51:38  Epoch 22000 | train 0.251957 | val 0.203449
15:51:38  Epoch 22200 | train 0.251903 | val 0.203420
15:51:38  Epoch 22400 | train 0.251841 | val 0.203376
15:51:38  Epoch 22600 | train 0.251739 | val 0.203334
15:51:39  Epoch 22800 | train 0.251876 | val 0.202988
15:51:39  Epoch 23000 | train 0.251972 | val 0.203280
15:51:39  Epoch 23200 | train 0.251948 | val 0.203648
15:51:40  Epoch 23400 | train 0.252295 | val 0.203526
15:51:40  Epoch 23600 | train 0.251965 | val 0.203393
15:51:41  Epoch 23800 | train 0.251983 | val 0.203568
15:51:41  Epoch 24000 | train 0.251915 | val 0.203266
15:51:41  Epoch 24200 | train 0.251889 | val 0.203335
15:51:42  Epoch 24400 | train 0.251959 | val 0.203509
15:51:42  Epoch 24600 | train 0.251813 | val 0.203393
15:51:42  Epoch 24800 | train 0.252044 | val 0.203692
15:51:43  Epoch 25000 | train 0.251938 | val 0.203193
15:51:43  Epoch 25200 | train 0.251930 | val 0.203592
15:51:43  Epoch 25400 | train 0.251854 | val 0.203616
15:51:43  Epoch 25600 | train 0.252009 | val 0.202891
15:51:44  Epoch 25800 | train 0.251859 | val 0.203490
15:51:44  Epoch 26000 | train 0.252083 | val 0.203832
15:51:44  Epoch 26200 | train 0.251993 | val 0.203598
15:51:44  Epoch 26400 | train 0.252017 | val 0.203448
15:51:44  Epoch 26600 | train 0.251884 | val 0.203215
15:51:45  Epoch 26800 | train 0.251845 | val 0.203125
15:51:45  Epoch 27000 | train 0.251922 | val 0.203549
15:51:45  Epoch 27200 | train 0.251746 | val 0.202483
15:51:45  Epoch 27400 | train 0.251847 | val 0.203073
15:51:46  Epoch 27600 | train 0.251935 | val 0.203788
15:51:46  Epoch 27800 | train 0.251932 | val 0.203404
15:51:46  Epoch 28000 | train 0.252054 | val 0.203829
15:51:46  Epoch 28200 | train 0.251977 | val 0.203352
15:51:47  Epoch 28400 | train 0.251854 | val 0.203637
15:51:47  Epoch 28600 | train 0.251846 | val 0.203215
15:51:47  Epoch 28800 | train 0.252053 | val 0.203388
15:51:47  Epoch 29000 | train 0.251879 | val 0.203956
15:51:48  Epoch 29200 | train 0.251949 | val 0.203212
15:51:48  Epoch 29400 | train 0.251760 | val 0.203510
15:51:48  Epoch 29600 | train 0.251998 | val 0.203487
15:51:48  Epoch 29800 | train 0.251988 | val 0.203450
15:51:49  Epoch 30000 | train 0.252013 | val 0.203148
15:51:49  Epoch 30200 | train 0.252085 | val 0.203970
15:51:50  Epoch 30400 | train 0.251825 | val 0.203512
15:51:50  Epoch 30600 | train 0.251980 | val 0.203563
15:51:50  Epoch 30800 | train 0.252004 | val 0.203817
15:51:50  Epoch 31000 | train 0.251869 | val 0.203603
15:51:51  Epoch 31200 | train 0.251988 | val 0.203428
15:51:51  Epoch 31400 | train 0.251931 | val 0.203977
15:51:51  Epoch 31600 | train 0.252044 | val 0.203518
15:51:51  Epoch 31800 | train 0.251852 | val 0.203441
15:51:52  Epoch 32000 | train 0.251973 | val 0.203726
15:51:52  Epoch 32200 | train 0.251848 | val 0.203738
15:51:52  Epoch 32400 | train 0.251970 | val 0.203885
15:51:53  Epoch 32600 | train 0.251927 | val 0.203790
15:51:53  Epoch 32800 | train 0.251985 | val 0.202942
15:51:53  Epoch 33000 | train 0.251898 | val 0.203693
15:51:53  Epoch 33200 | train 0.251999 | val 0.203378
15:51:54  Epoch 33400 | train 0.251851 | val 0.203562
15:51:54  Epoch 33600 | train 0.251989 | val 0.203250
15:51:54  Epoch 33800 | train 0.252145 | val 0.203540
15:51:54  Epoch 34000 | train 0.251910 | val 0.203857
15:51:55  Epoch 34200 | train 0.251819 | val 0.203295
15:51:55  Epoch 34400 | train 0.251912 | val 0.203627
15:51:55  Epoch 34600 | train 0.251938 | val 0.203133
15:51:56  Epoch 34800 | train 0.251827 | val 0.203556
15:51:56  Epoch 35000 | train 0.252087 | val 0.203418
15:51:56  Epoch 35200 | train 0.251922 | val 0.203828
15:51:56  Epoch 35400 | train 0.252056 | val 0.203259
15:51:57  Epoch 35600 | train 0.251860 | val 0.203188
15:51:57  Epoch 35800 | train 0.252083 | val 0.203610
15:51:57  Epoch 36000 | train 0.252077 | val 0.203444
15:51:58  Epoch 36200 | train 0.251891 | val 0.203582
15:51:59  Epoch 36400 | train 0.252053 | val 0.203146
15:51:59  Epoch 36600 | train 0.251901 | val 0.203934
15:51:59  Epoch 36800 | train 0.251938 | val 0.203508
15:52:00  Epoch 37000 | train 0.251938 | val 0.203747
15:52:00  Epoch 37200 | train 0.252145 | val 0.203421
15:52:01  Epoch 37400 | train 0.251842 | val 0.203469
15:52:01  Epoch 37600 | train 0.251815 | val 0.203322
15:52:02  Epoch 37800 | train 0.251838 | val 0.203441
15:52:02  Epoch 38000 | train 0.251871 | val 0.203581
15:52:03  Epoch 38200 | train 0.251838 | val 0.203058
15:52:03  Epoch 38400 | train 0.251843 | val 0.203608
15:52:04  Epoch 38600 | train 0.251905 | val 0.203385
15:52:04  Epoch 38800 | train 0.251904 | val 0.203278
15:52:05  Epoch 39000 | train 0.251820 | val 0.203399
15:52:05  Epoch 39200 | train 0.251969 | val 0.203530
15:52:05  Epoch 39400 | train 0.251850 | val 0.203468
15:52:06  Epoch 39600 | train 0.251964 | val 0.203619
15:52:06  Epoch 39800 | train 0.251904 | val 0.203150
15:52:07  Epoch 40000 | train 0.251967 | val 0.203772
15:52:07  Epoch 40200 | train 0.251925 | val 0.203532
15:52:08  Epoch 40400 | train 0.251998 | val 0.203380
15:52:09  Epoch 40600 | train 0.251990 | val 0.202950
15:52:09  Epoch 40800 | train 0.251950 | val 0.203189
15:52:09  Epoch 41000 | train 0.251856 | val 0.203357
15:52:10  Epoch 41200 | train 0.251731 | val 0.203008
15:52:11  Epoch 41400 | train 0.251901 | val 0.203070
15:52:11  Epoch 41600 | train 0.251914 | val 0.203388
15:52:11  Epoch 41800 | train 0.251977 | val 0.203715
15:52:12  Epoch 42000 | train 0.251829 | val 0.203221
15:52:12  Epoch 42200 | train 0.251894 | val 0.203521
15:52:13  Epoch 42400 | train 0.251838 | val 0.203243
15:52:13  Epoch 42600 | train 0.252008 | val 0.203572
15:52:13  Epoch 42800 | train 0.251977 | val 0.203667
15:52:14  Epoch 43000 | train 0.251976 | val 0.203347
15:52:15  Epoch 43200 | train 0.251987 | val 0.203427
15:52:15  Epoch 43400 | train 0.251867 | val 0.203629
15:52:16  Epoch 43600 | train 0.251954 | val 0.203051
15:52:16  Epoch 43800 | train 0.251916 | val 0.203212
15:52:16  Epoch 44000 | train 0.251948 | val 0.203393
15:52:17  Epoch 44200 | train 0.251816 | val 0.203382
15:52:17  Epoch 44400 | train 0.251774 | val 0.203384
15:52:18  Epoch 44600 | train 0.252040 | val 0.202997
15:52:18  Epoch 44800 | train 0.251965 | val 0.203490
15:52:19  Epoch 45000 | train 0.251907 | val 0.203553
15:52:19  Epoch 45200 | train 0.251863 | val 0.203383
15:52:20  Epoch 45400 | train 0.251962 | val 0.203460
15:52:20  Epoch 45600 | train 0.251992 | val 0.203569
15:52:21  Epoch 45800 | train 0.251841 | val 0.203524
15:52:21  Epoch 46000 | train 0.251868 | val 0.203363
15:52:21  Epoch 46200 | train 0.251955 | val 0.203157
15:52:21  Epoch 46400 | train 0.251895 | val 0.203000
15:52:22  Epoch 46600 | train 0.251965 | val 0.203248
15:52:22  Epoch 46800 | train 0.251754 | val 0.203285
15:52:22  Epoch 47000 | train 0.251899 | val 0.203655
15:52:22  Epoch 47200 | train 0.251916 | val 0.203334
15:52:23  Epoch 47400 | train 0.251929 | val 0.203536
15:52:23  Epoch 47600 | train 0.251878 | val 0.204076
15:52:23  Epoch 47800 | train 0.251863 | val 0.203034
15:52:23  Epoch 48000 | train 0.251828 | val 0.203735
15:52:24  Epoch 48200 | train 0.251925 | val 0.203475
15:52:24  Epoch 48400 | train 0.252109 | val 0.203276
15:52:24  Epoch 48600 | train 0.251760 | val 0.203278
15:52:25  Epoch 48800 | train 0.251992 | val 0.203496
15:52:25  Epoch 49000 | train 0.251909 | val 0.203428
15:52:25  Epoch 49200 | train 0.251743 | val 0.202999
15:52:26  Epoch 49400 | train 0.251994 | val 0.203163
15:52:27  Epoch 49600 | train 0.252034 | val 0.203184
15:52:27  Epoch 49800 | train 0.251803 | val 0.203359
15:52:28  Epoch 50000 | train 0.251859 | val 0.203545
15:52:28  === Pruning ===
15:52:28    Layer 0: silent=0  redundant=18  | removed=18  remaining=46
15:52:28    Layer 1: silent=0  redundant=8  | removed=8  remaining=56
15:52:28    Total removed: 26
15:52:28  === Efficiency: original vs pruned ===
15:52:28    Parameters :   12,865  →    10,627   (17.4% reduction)
15:52:28    Model size :    50.25 KB  →     41.51 KB
15:52:28    FLOPs      :   25,216  →    20,792   (17.5% reduction)
15:52:28    Infer time :    74.76 µs  →     73.93 µs   (1.1% faster)
15:52:28  === Fine-tuning ===
15:52:28  Epoch  200 | train 0.277678 | val 0.224587
15:52:28  Epoch  400 | train 0.274411 | val 0.223783
15:52:29  Epoch  600 | train 0.274146 | val 0.223842
15:52:29  Epoch  800 | train 0.274390 | val 0.224010
15:52:29  Epoch 1000 | train 0.274761 | val 0.224243
15:52:29  Epoch 1200 | train 0.275092 | val 0.224540
15:52:30  Epoch 1400 | train 0.275471 | val 0.224895
15:52:30  Epoch 1600 | train 0.275846 | val 0.225250
15:52:30  Epoch 1800 | train 0.276220 | val 0.225580
15:52:30  Epoch 2000 | train 0.276575 | val 0.225799
15:52:31  Epoch 2200 | train 0.276906 | val 0.226017
15:52:31  Epoch 2400 | train 0.277208 | val 0.226202
15:52:31  Epoch 2600 | train 0.277375 | val 0.226202
15:52:32  Epoch 2800 | train 0.277553 | val 0.226164
15:52:32  Epoch 3000 | train 0.277683 | val 0.226145
15:52:33  Epoch 3200 | train 0.277831 | val 0.226049
15:52:33  Epoch 3400 | train 0.278202 | val 0.226276
15:52:34  Epoch 3600 | train 0.278613 | val 0.226420
15:52:34  Epoch 3800 | train 0.279053 | val 0.226608
15:52:34  Epoch 4000 | train 0.279481 | val 0.226807
15:52:34  Epoch 4200 | train 0.279900 | val 0.227053
15:52:35  Epoch 4400 | train 0.280318 | val 0.227235
15:52:35  Epoch 4600 | train 0.280706 | val 0.227443
15:52:35  Epoch 4800 | train 0.281100 | val 0.227666
15:52:35  Epoch 5000 | train 0.281503 | val 0.227920
15:52:36  Epoch 5200 | train 0.281891 | val 0.228121
15:52:36  Epoch 5400 | train 0.282276 | val 0.228370
15:52:36  Epoch 5600 | train 0.282650 | val 0.228591
15:52:36  Epoch 5800 | train 0.283054 | val 0.228859
15:52:37  Epoch 6000 | train 0.283453 | val 0.229140
15:52:37  Epoch 6200 | train 0.283799 | val 0.229406
15:52:37  Epoch 6400 | train 0.284194 | val 0.229663
15:52:38  Epoch 6600 | train 0.284499 | val 0.229937
15:52:38  Epoch 6800 | train 0.284899 | val 0.230287
15:52:39  Epoch 7000 | train 0.285291 | val 0.230517
15:52:39  Epoch 7200 | train 0.285642 | val 0.230742
15:52:39  Epoch 7400 | train 0.285954 | val 0.230969
15:52:40  Epoch 7600 | train 0.286230 | val 0.231107
15:52:40  Epoch 7800 | train 0.286474 | val 0.231243
15:52:40  Epoch 8000 | train 0.286682 | val 0.231352
15:52:40  Epoch 8200 | train 0.286865 | val 0.231487
15:52:41  Epoch 8400 | train 0.287031 | val 0.231625
15:52:41  Epoch 8600 | train 0.287176 | val 0.231658
15:52:41  Epoch 8800 | train 0.287288 | val 0.231756
15:52:41  Epoch 9000 | train 0.287389 | val 0.231835
15:52:42  Epoch 9200 | train 0.287479 | val 0.231915
15:52:42  Epoch 9400 | train 0.287562 | val 0.231994
15:52:42  Epoch 9600 | train 0.287626 | val 0.232116
15:52:42  Epoch 9800 | train 0.287686 | val 0.232130
15:52:43  Epoch 10000 | train 0.287739 | val 0.232117
15:52:43  Epoch 10200 | train 0.287789 | val 0.232198
15:52:43  Epoch 10400 | train 0.287833 | val 0.232191
15:52:43  Epoch 10600 | train 0.287885 | val 0.232314
15:52:44  Epoch 10800 | train 0.287918 | val 0.232361
15:52:44  Epoch 11000 | train 0.287957 | val 0.232366
15:52:44  Epoch 11200 | train 0.287991 | val 0.232368
15:52:44  Epoch 11400 | train 0.288023 | val 0.232380
15:52:45  Epoch 11600 | train 0.288063 | val 0.232438
15:52:45  Epoch 11800 | train 0.288093 | val 0.232544
15:52:45  Epoch 12000 | train 0.288121 | val 0.232535
15:52:46  Epoch 12200 | train 0.288164 | val 0.232516
15:52:46  Epoch 12400 | train 0.288187 | val 0.232568
15:52:46  Epoch 12600 | train 0.288221 | val 0.232687
15:52:46  Epoch 12800 | train 0.288253 | val 0.232599
15:52:47  Epoch 13000 | train 0.288272 | val 0.232671
15:52:47  Epoch 13200 | train 0.288308 | val 0.232761
15:52:47  Epoch 13400 | train 0.288328 | val 0.232738
15:52:48  Epoch 13600 | train 0.288353 | val 0.232759
15:52:48  Epoch 13800 | train 0.288379 | val 0.232799
15:52:49  Epoch 14000 | train 0.288411 | val 0.232837
15:52:49  Epoch 14200 | train 0.288427 | val 0.232836
15:52:49  Epoch 14400 | train 0.288450 | val 0.232874
15:52:50  Epoch 14600 | train 0.288474 | val 0.232884
15:52:50  Epoch 14800 | train 0.288491 | val 0.232961
15:52:51  Epoch 15000 | train 0.288518 | val 0.232985
15:52:51  Epoch 15200 | train 0.288541 | val 0.232906
15:52:52  Epoch 15400 | train 0.288556 | val 0.233002
15:52:52  Epoch 15600 | train 0.288582 | val 0.232996
15:52:53  Epoch 15800 | train 0.288598 | val 0.233042
15:52:53  Epoch 16000 | train 0.288624 | val 0.233064
15:52:53  Epoch 16200 | train 0.288637 | val 0.233106
15:52:54  Epoch 16400 | train 0.288655 | val 0.233054
15:52:54  Epoch 16600 | train 0.288682 | val 0.233091
15:52:54  Epoch 16800 | train 0.288690 | val 0.233146
15:52:55  Epoch 17000 | train 0.288708 | val 0.233225
15:52:55  Epoch 17200 | train 0.288721 | val 0.233288
15:52:56  Epoch 17400 | train 0.288740 | val 0.233242
15:52:56  Epoch 17600 | train 0.288759 | val 0.233269
15:52:57  Epoch 17800 | train 0.288784 | val 0.233280
15:52:57  Epoch 18000 | train 0.288796 | val 0.233292
15:52:58  Epoch 18200 | train 0.288809 | val 0.233307
15:52:59  Epoch 18400 | train 0.288821 | val 0.233421
15:52:59  Epoch 18600 | train 0.288853 | val 0.233390
15:52:59  Epoch 18800 | train 0.288875 | val 0.233391
15:53:00  Epoch 19000 | train 0.288881 | val 0.233443
15:53:00  Epoch 19200 | train 0.288879 | val 0.233524
15:53:00  Epoch 19400 | train 0.288921 | val 0.233446
15:53:01  Epoch 19600 | train 0.288939 | val 0.233508
15:53:01  Epoch 19800 | train 0.288947 | val 0.233531
15:53:02  Epoch 20000 | train 0.288970 | val 0.233611
15:53:02  Epoch 20200 | train 0.288971 | val 0.233639
15:53:03  Epoch 20400 | train 0.288987 | val 0.233639
15:53:03  Epoch 20600 | train 0.289012 | val 0.233644
15:53:04  Epoch 20800 | train 0.289025 | val 0.233692
15:53:04  Epoch 21000 | train 0.289046 | val 0.233710
15:53:05  Epoch 21200 | train 0.289064 | val 0.233757
15:53:05  Epoch 21400 | train 0.289078 | val 0.233724
15:53:05  Epoch 21600 | train 0.289096 | val 0.233776
15:53:06  Epoch 21800 | train 0.289108 | val 0.233750
15:53:06  Epoch 22000 | train 0.289122 | val 0.233765
15:53:07  Epoch 22200 | train 0.289132 | val 0.233779
15:53:07  Epoch 22400 | train 0.289165 | val 0.233763
15:53:07  Epoch 22600 | train 0.289177 | val 0.233828
15:53:08  Epoch 22800 | train 0.289191 | val 0.233838
15:53:08  Epoch 23000 | train 0.289192 | val 0.233897
15:53:08  Epoch 23200 | train 0.289218 | val 0.233909
15:53:08  Epoch 23400 | train 0.289236 | val 0.233952
15:53:09  Epoch 23600 | train 0.289229 | val 0.233974
15:53:09  Epoch 23800 | train 0.289252 | val 0.233949
15:53:09  Epoch 24000 | train 0.289269 | val 0.234047
15:53:09  Epoch 24200 | train 0.289280 | val 0.234015
15:53:10  Epoch 24400 | train 0.289289 | val 0.233982
15:53:10  Epoch 24600 | train 0.289308 | val 0.234048
15:53:10  Epoch 24800 | train 0.289320 | val 0.234082
15:53:10  Epoch 25000 | train 0.289315 | val 0.234126
15:53:11  Epoch 25200 | train 0.289334 | val 0.234151
15:53:11  Epoch 25400 | train 0.289345 | val 0.234135
15:53:11  Epoch 25600 | train 0.289366 | val 0.234175
15:53:12  Epoch 25800 | train 0.289368 | val 0.234244
15:53:12  Epoch 26000 | train 0.289381 | val 0.234153
15:53:12  Epoch 26200 | train 0.289398 | val 0.234204
15:53:13  Epoch 26400 | train 0.289409 | val 0.234192
15:53:13  Epoch 26600 | train 0.289424 | val 0.234243
15:53:13  Epoch 26800 | train 0.289428 | val 0.234244
15:53:13  Epoch 27000 | train 0.289442 | val 0.234213
15:53:14  Epoch 27200 | train 0.289453 | val 0.234269
15:53:14  Epoch 27400 | train 0.289456 | val 0.234282
15:53:14  Epoch 27600 | train 0.289475 | val 0.234350
15:53:14  Epoch 27800 | train 0.289478 | val 0.234314
15:53:15  Epoch 28000 | train 0.289489 | val 0.234371
15:53:15  Epoch 28200 | train 0.289493 | val 0.234402
15:53:15  Epoch 28400 | train 0.289513 | val 0.234404
15:53:15  Epoch 28600 | train 0.289524 | val 0.234435
15:53:16  Epoch 28800 | train 0.289522 | val 0.234447
15:53:16  Epoch 29000 | train 0.289537 | val 0.234415
15:53:16  Epoch 29200 | train 0.289539 | val 0.234366
15:53:16  Epoch 29400 | train 0.289556 | val 0.234479
15:53:17  Epoch 29600 | train 0.289562 | val 0.234449
15:53:17  Epoch 29800 | train 0.289555 | val 0.234538
15:53:17  Epoch 30000 | train 0.289584 | val 0.234498
15:53:17  Epoch 30200 | train 0.289590 | val 0.234530
15:53:18  Epoch 30400 | train 0.289600 | val 0.234503
15:53:18  Epoch 30600 | train 0.289595 | val 0.234582
15:53:18  Epoch 30800 | train 0.289604 | val 0.234566
15:53:18  Epoch 31000 | train 0.289614 | val 0.234615
15:53:19  Epoch 31200 | train 0.289609 | val 0.234691
15:53:19  Epoch 31400 | train 0.289628 | val 0.234634
15:53:20  Epoch 31600 | train 0.289640 | val 0.234616
15:53:20  Epoch 31800 | train 0.289629 | val 0.234607
15:53:21  Epoch 32000 | train 0.289638 | val 0.234605
15:53:21  Epoch 32200 | train 0.289640 | val 0.234658
15:53:22  Epoch 32400 | train 0.289653 | val 0.234704
15:53:22  Epoch 32600 | train 0.289660 | val 0.234668
15:53:22  Epoch 32800 | train 0.289665 | val 0.234698
15:53:23  Epoch 33000 | train 0.289671 | val 0.234702
15:53:23  Epoch 33200 | train 0.289676 | val 0.234775
15:53:23  Epoch 33400 | train 0.289698 | val 0.234658
15:53:23  Epoch 33600 | train 0.289679 | val 0.234826
15:53:24  Epoch 33800 | train 0.289683 | val 0.234819
15:53:24  Epoch 34000 | train 0.289676 | val 0.234770
15:53:25  Epoch 34200 | train 0.289696 | val 0.234850
15:53:25  Epoch 34400 | train 0.289704 | val 0.234828
15:53:25  Epoch 34600 | train 0.289714 | val 0.234840
15:53:26  Epoch 34800 | train 0.289714 | val 0.234865
15:53:26  Epoch 35000 | train 0.289731 | val 0.234880
15:53:27  Epoch 35200 | train 0.289723 | val 0.234852
15:53:27  Epoch 35400 | train 0.289735 | val 0.234878
15:53:27  Epoch 35600 | train 0.289747 | val 0.234869
15:53:28  Epoch 35800 | train 0.289740 | val 0.234923
15:53:28  Epoch 36000 | train 0.289756 | val 0.234923
15:53:29  Epoch 36200 | train 0.289764 | val 0.234942
15:53:29  Epoch 36400 | train 0.289770 | val 0.234986
15:53:30  Epoch 36600 | train 0.289793 | val 0.234991
15:53:30  Epoch 36800 | train 0.289793 | val 0.235024
15:53:30  Epoch 37000 | train 0.289806 | val 0.234996
15:53:31  Epoch 37200 | train 0.289815 | val 0.235145
15:53:31  Epoch 37400 | train 0.289824 | val 0.235068
15:53:32  Epoch 37600 | train 0.289821 | val 0.235113
15:53:32  Epoch 37800 | train 0.289833 | val 0.235028
15:53:33  Epoch 38000 | train 0.289854 | val 0.235083
15:53:33  Epoch 38200 | train 0.289851 | val 0.235110
15:53:34  Epoch 38400 | train 0.289863 | val 0.235054
15:53:34  Epoch 38600 | train 0.289869 | val 0.235139
15:53:34  Epoch 38800 | train 0.289852 | val 0.235184
15:53:34  Epoch 39000 | train 0.289857 | val 0.235116
15:53:35  Epoch 39200 | train 0.289869 | val 0.235159
15:53:35  Epoch 39400 | train 0.289872 | val 0.235191
15:53:35  Epoch 39600 | train 0.289874 | val 0.235136
15:53:35  Epoch 39800 | train 0.289884 | val 0.235123
15:53:36  Epoch 40000 | train 0.289864 | val 0.235147
15:53:36  Epoch 40200 | train 0.289877 | val 0.235156
15:53:36  Epoch 40400 | train 0.289898 | val 0.235243
15:53:37  Epoch 40600 | train 0.289888 | val 0.235190
15:53:37  Epoch 40800 | train 0.289891 | val 0.235169
15:53:37  Epoch 41000 | train 0.289888 | val 0.235202
15:53:37  Epoch 41200 | train 0.289894 | val 0.235154
15:53:38  Epoch 41400 | train 0.289886 | val 0.235174
15:53:38  Epoch 41600 | train 0.289895 | val 0.235155
15:53:38  Epoch 41800 | train 0.289883 | val 0.235220
15:53:38  Epoch 42000 | train 0.289888 | val 0.235190
15:53:39  Epoch 42200 | train 0.289880 | val 0.235182
15:53:39  Epoch 42400 | train 0.289885 | val 0.235188
15:53:39  Epoch 42600 | train 0.289900 | val 0.235167
15:53:39  Epoch 42800 | train 0.289895 | val 0.235159
15:53:40  Epoch 43000 | train 0.289894 | val 0.235224
15:53:40  Epoch 43200 | train 0.289884 | val 0.235159
15:53:40  Epoch 43400 | train 0.289892 | val 0.235178
15:53:40  Epoch 43600 | train 0.289897 | val 0.235184
15:53:41  Epoch 43800 | train 0.289901 | val 0.235214
15:53:41  Epoch 44000 | train 0.289896 | val 0.235165
15:53:41  Epoch 44200 | train 0.289914 | val 0.235174
15:53:42  Epoch 44400 | train 0.289901 | val 0.235131
15:53:42  Epoch 44600 | train 0.289901 | val 0.235149
15:53:42  Epoch 44800 | train 0.289897 | val 0.235237
15:53:42  Epoch 45000 | train 0.289894 | val 0.235225
15:53:43  Epoch 45200 | train 0.289902 | val 0.235195
15:53:43  Epoch 45400 | train 0.289904 | val 0.235192
15:53:43  Epoch 45600 | train 0.289891 | val 0.235213
15:53:44  Epoch 45800 | train 0.289895 | val 0.235180
15:53:44  Epoch 46000 | train 0.289906 | val 0.235212
15:53:44  Epoch 46200 | train 0.289910 | val 0.235146
15:53:45  Epoch 46400 | train 0.289904 | val 0.235186
15:53:45  Epoch 46600 | train 0.289890 | val 0.235172
15:53:46  Epoch 46800 | train 0.289888 | val 0.235238
15:53:46  Epoch 47000 | train 0.289894 | val 0.235230
15:53:46  Epoch 47200 | train 0.289893 | val 0.235186
15:53:47  Epoch 47400 | train 0.289905 | val 0.235179
15:53:47  Epoch 47600 | train 0.289903 | val 0.235191
15:53:48  Epoch 47800 | train 0.289899 | val 0.235165
15:53:48  Epoch 48000 | train 0.289915 | val 0.235155
15:53:49  Epoch 48200 | train 0.289905 | val 0.235182
15:53:49  Epoch 48400 | train 0.289901 | val 0.235227
15:53:49  Epoch 48600 | train 0.289899 | val 0.235220
15:53:50  Epoch 48800 | train 0.289909 | val 0.235177
15:53:50  Epoch 49000 | train 0.289905 | val 0.235205
15:53:51  Epoch 49200 | train 0.289910 | val 0.235195
15:53:51  Epoch 49400 | train 0.289900 | val 0.235154
15:53:52  Epoch 49600 | train 0.289902 | val 0.235226
15:53:52  Epoch 49800 | train 0.289909 | val 0.235186
15:53:53  Epoch 50000 | train 0.289903 | val 0.235129
15:53:53  === Efficiency: original vs fine-tuned ===
15:53:53    Parameters :   12,865  →    10,627   (17.4% reduction)
15:53:53    Model size :    50.25 KB  →     41.51 KB
15:53:53    FLOPs      :   25,216  →    20,792   (17.5% reduction)
15:53:53    Infer time :    75.57 µs  →     75.97 µs   (-0.5% faster)
15:53:53  Saved results to /home/amirabbas-kazeminia/Projects/pruning/outputs/circle_resnet/36199b5d/f2fbebd2/e9bb05b4/results.json
15:53:53  Saved pruning summary to /home/amirabbas-kazeminia/Projects/pruning/outputs/circle_resnet/36199b5d/f2fbebd2/e9bb05b4/pruning_summary.png
