16:04:24  Device     : cuda (NVIDIA GeForce RTX 4090 Laptop GPU, 1 device(s))
16:04:24  Output dir : /home/amirabbas-kazeminia/Projects/pruning/outputs/mnist_rescnn/ccf81b13/0015e771/9f935685
16:04:24  Log dir    : /home/amirabbas-kazeminia/Projects/pruning/logs/mnist_rescnn/ccf81b13/0015e771/9f935685
16:04:25  Model      : RESCNN  (97,674 params)
16:04:25  Task       : multiclass  (10 classes)
16:04:25  Data       : mnist  (train=1600, val=400)
16:04:25  === Training ===
16:04:28  Epoch   10 | train 0.430999 | val 0.445618
16:04:30  Epoch   20 | train 0.133119 | val 0.180149
16:04:31  Epoch   30 | train 0.055915 | val 0.142223
16:04:33  Epoch   40 | train 0.026191 | val 0.104126
16:04:34  Epoch   50 | train 0.013099 | val 0.088152
16:04:36  Epoch   60 | train 0.008609 | val 0.086256
16:04:38  Epoch   70 | train 0.004938 | val 0.065790
16:04:39  Epoch   80 | train 0.008844 | val 0.051259
16:04:41  Epoch   90 | train 0.003062 | val 0.054310
16:04:43  Epoch  100 | train 0.002171 | val 0.041228
16:04:43  === Pruning ===
16:04:44    Layer 0: silent=0  redundant=0  | removed=0  remaining=32
16:04:44    Layer 1: silent=0  redundant=0  | removed=0  remaining=64
16:04:44    Layer 2: silent=0  redundant=0  | removed=0  remaining=32
16:04:44    Total removed: 0
16:04:45  === Efficiency: original vs pruned ===
16:04:45    Parameters :   97,674  →    97,674   (0.0% reduction)
16:04:45    Model size :   381.54 KB  →    381.54 KB
16:04:45    FLOPs      : 12,362,368  →  12,362,368   (0.0% reduction)
16:04:45    Infer time :   264.44 µs  →    267.21 µs   (-1.1% faster)
16:04:45  === Fine-tuning ===
16:04:46  Epoch    5 | train 0.002000 | val 0.045125
16:04:47  Epoch   10 | train 0.001703 | val 0.045706
16:04:48  === Efficiency: original vs fine-tuned ===
16:04:48    Parameters :   97,674  →    97,674   (0.0% reduction)
16:04:48    Model size :   381.54 KB  →    381.54 KB
16:04:48    FLOPs      : 12,362,368  →  12,362,368   (0.0% reduction)
16:04:48    Infer time :   214.81 µs  →    216.68 µs   (-0.9% faster)
16:04:48  Saved results to /home/amirabbas-kazeminia/Projects/pruning/outputs/mnist_rescnn/ccf81b13/0015e771/9f935685/results.json
16:04:48  Saved pruning summary to /home/amirabbas-kazeminia/Projects/pruning/outputs/mnist_rescnn/ccf81b13/0015e771/9f935685/pruning_summary.png
