16:06:49  Device     : cuda (NVIDIA GeForce RTX 4090 Laptop GPU, 1 device(s))
16:06:49  Output dir : /home/amirabbas-kazeminia/Projects/pruning/outputs/mnist_rescnn/ccf81b13/ea8cbc9a/db5f02d8
16:06:49  Log dir    : /home/amirabbas-kazeminia/Projects/pruning/logs/mnist_rescnn/ccf81b13/ea8cbc9a/db5f02d8
16:06:50  Model      : RESCNN  (446,218 params)
16:06:50  Task       : multiclass  (10 classes)
16:06:50  Data       : mnist  (train=1600, val=400)
16:06:50  === Training ===
16:06:56  Epoch   10 | train 0.422894 | val 0.443898
16:07:03  Epoch   20 | train 0.159971 | val 0.311706
16:07:08  Epoch   30 | train 0.084124 | val 0.301892
16:07:13  Epoch   40 | train 0.036506 | val 0.247982
16:07:18  Epoch   50 | train 0.023357 | val 0.199859
16:07:23  Epoch   60 | train 0.025703 | val 0.276203
16:07:28  Epoch   70 | train 0.006670 | val 0.116346
16:07:33  Epoch   80 | train 0.082677 | val 0.640230
16:07:37  Epoch   90 | train 0.005075 | val 0.125642
16:07:42  Epoch  100 | train 0.004304 | val 0.087994
16:07:47  Epoch  110 | train 0.003894 | val 0.156446
16:07:51  Epoch  120 | train 0.221985 | val 2.254792
16:07:56  Epoch  130 | train 0.009085 | val 0.153977
16:08:01  Epoch  140 | train 0.003275 | val 0.092711
16:08:05  Epoch  150 | train 0.002180 | val 0.111725
16:08:10  Epoch  160 | train 0.050370 | val 14.394553
16:08:15  Epoch  170 | train 0.003893 | val 0.106491
16:08:20  Epoch  180 | train 0.002150 | val 0.070289
16:08:24  Epoch  190 | train 0.002578 | val 0.160570
16:08:29  Epoch  200 | train 0.001489 | val 0.100707
16:08:34  Epoch  210 | train 0.001714 | val 0.234710
16:08:38  Epoch  220 | train 0.021241 | val 0.126264
16:08:43  Epoch  230 | train 0.003999 | val 0.074580
16:08:48  Epoch  240 | train 0.002091 | val 0.069389
16:08:52  Epoch  250 | train 0.001606 | val 0.080516
16:08:57  Epoch  260 | train 0.003306 | val 2.258248
16:09:02  Epoch  270 | train 0.003784 | val 0.093567
16:09:06  Epoch  280 | train 0.001868 | val 0.060863
16:09:11  Epoch  290 | train 0.001743 | val 0.182230
16:09:16  Epoch  300 | train 0.001055 | val 0.068127
16:09:20  Epoch  310 | train 0.001116 | val 0.096888
16:09:25  Epoch  320 | train 0.010083 | val 0.089141
16:09:30  Epoch  330 | train 0.002136 | val 0.068793
16:09:34  Epoch  340 | train 0.001427 | val 0.064742
16:09:39  Epoch  350 | train 0.001812 | val 0.516916
16:09:44  Epoch  360 | train 0.001158 | val 0.072103
16:09:48  Epoch  370 | train 0.001252 | val 0.118591
16:09:53  Epoch  380 | train 0.007507 | val 0.071103
16:09:58  Epoch  390 | train 0.002583 | val 0.075632
16:10:02  Epoch  400 | train 0.001547 | val 0.066936
16:10:07  Epoch  410 | train 0.001105 | val 0.071078
16:10:12  Epoch  420 | train 0.001321 | val 0.092661
16:10:16  Epoch  430 | train 0.027974 | val 0.236289
16:10:21  Epoch  440 | train 0.002684 | val 0.073956
16:10:26  Epoch  450 | train 0.001768 | val 0.065537
16:10:30  Epoch  460 | train 0.001467 | val 0.071028
16:10:35  Epoch  470 | train 0.001279 | val 0.082637
16:10:39  Epoch  480 | train 0.014496 | val 0.128415
16:10:44  Epoch  490 | train 0.002042 | val 0.066273
16:10:49  Epoch  500 | train 0.001361 | val 0.058928
16:10:49  === Pruning ===
16:10:50    Layer 0: silent=9  redundant=1  | removed=10  remaining=118
16:10:51    Layer 1: silent=37  redundant=0  | removed=37  remaining=91
16:10:51    Total removed: 47
16:10:51  === Efficiency: original vs pruned ===
16:10:51    Parameters :  446,218  →   349,266   (21.7% reduction)
16:10:51    Model size :  1743.04 KB  →   1364.32 KB
16:10:51    FLOPs      : 56,789,504  →  44,391,680   (21.8% reduction)
16:10:51    Infer time :   165.98 µs  →    172.90 µs   (-4.2% faster)
16:10:51  === Fine-tuning ===
16:10:54  Epoch    5 | train 0.001279 | val 0.078981
16:10:56  Epoch   10 | train 0.001008 | val 0.063278
16:10:57  === Efficiency: original vs fine-tuned ===
16:10:57    Parameters :  446,218  →   349,266   (21.7% reduction)
16:10:57    Model size :  1743.04 KB  →   1364.32 KB
16:10:57    FLOPs      : 56,789,504  →  44,391,680   (21.8% reduction)
16:10:57    Infer time :   168.16 µs  →    171.12 µs   (-1.8% faster)
16:10:57  Saved results to /home/amirabbas-kazeminia/Projects/pruning/outputs/mnist_rescnn/ccf81b13/ea8cbc9a/db5f02d8/results.json
16:10:57  Saved pruning summary to /home/amirabbas-kazeminia/Projects/pruning/outputs/mnist_rescnn/ccf81b13/ea8cbc9a/db5f02d8/pruning_summary.png
