14:47:12  Output dir : /home/amirabbas-kazeminia/Projects/pruning/outputs/circle_resnet/36199b5d/61f2ad28/144ef657
14:47:12  Log dir    : /home/amirabbas-kazeminia/Projects/pruning/logs/circle_resnet/36199b5d/61f2ad28/144ef657
14:47:12  Model: ResNet(
  (blocks): ModuleList(
    (0): ResidualBlock(
      (branch): Sequential(
        (0): Linear(in_features=2, out_features=64, bias=True)
        (1): ReLU()
        (2): Linear(in_features=64, out_features=64, bias=True)
      )
      (shortcut): Linear(in_features=2, out_features=64, bias=False)
      (relu): ReLU()
    )
    (1): ResidualBlock(
      (branch): Sequential(
        (0): Linear(in_features=64, out_features=64, bias=True)
        (1): ReLU()
        (2): Linear(in_features=64, out_features=64, bias=True)
      )
      (shortcut): Identity()
      (relu): ReLU()
    )
  )
  (head): Linear(in_features=64, out_features=1, bias=True)
)
14:47:12  Fitting circle(x) with 12865 parameters
14:47:12  === Training ===
14:47:14  Epoch  200 | train 0.416968 | val 0.372970
14:47:15  Epoch  400 | train 0.383972 | val 0.359945
14:47:15  Epoch  600 | train 0.357530 | val 0.346787
14:47:15  Epoch  800 | train 0.335508 | val 0.334490
14:47:15  Epoch 1000 | train 0.316985 | val 0.323499
14:47:15  Epoch 1200 | train 0.300523 | val 0.311523
14:47:16  Epoch 1400 | train 0.287431 | val 0.303642
14:47:16  Epoch 1600 | train 0.277205 | val 0.298264
14:47:16  Epoch 1800 | train 0.268858 | val 0.293500
14:47:16  Epoch 2000 | train 0.261930 | val 0.289491
14:47:16  Epoch 2200 | train 0.256242 | val 0.285947
14:47:17  Epoch 2400 | train 0.251588 | val 0.283013
14:47:17  Epoch 2600 | train 0.247714 | val 0.280689
14:47:17  Epoch 2800 | train 0.244467 | val 0.278758
14:47:17  Epoch 3000 | train 0.241506 | val 0.277610
14:47:17  Epoch 3200 | train 0.238962 | val 0.276240
14:47:18  Epoch 3400 | train 0.236741 | val 0.275014
14:47:18  Epoch 3600 | train 0.234651 | val 0.274123
14:47:18  Epoch 3800 | train 0.232895 | val 0.272984
14:47:18  Epoch 4000 | train 0.231242 | val 0.272204
14:47:18  Epoch 4200 | train 0.229763 | val 0.271615
14:47:19  Epoch 4400 | train 0.228347 | val 0.271100
14:47:19  Epoch 4600 | train 0.227010 | val 0.270648
14:47:19  Epoch 4800 | train 0.225671 | val 0.270098
14:47:19  Epoch 5000 | train 0.224456 | val 0.269527
14:47:19  Epoch 5200 | train 0.223273 | val 0.269055
14:47:20  Epoch 5400 | train 0.222143 | val 0.268459
14:47:20  Epoch 5600 | train 0.221086 | val 0.268019
14:47:20  Epoch 5800 | train 0.220025 | val 0.267427
14:47:20  Epoch 6000 | train 0.218990 | val 0.266883
14:47:20  Epoch 6200 | train 0.217960 | val 0.266626
14:47:21  Epoch 6400 | train 0.217002 | val 0.266400
14:47:21  Epoch 6600 | train 0.216070 | val 0.266124
14:47:21  Epoch 6800 | train 0.215075 | val 0.266127
14:47:21  Epoch 7000 | train 0.214097 | val 0.266013
14:47:21  Epoch 7200 | train 0.213117 | val 0.265721
14:47:22  Epoch 7400 | train 0.212136 | val 0.265603
14:47:22  Epoch 7600 | train 0.211225 | val 0.265365
14:47:22  Epoch 7800 | train 0.210269 | val 0.265318
14:47:22  Epoch 8000 | train 0.209292 | val 0.265226
14:47:22  Epoch 8200 | train 0.208358 | val 0.265328
14:47:22  Epoch 8400 | train 0.207455 | val 0.265333
14:47:23  Epoch 8600 | train 0.206497 | val 0.265455
14:47:23  Epoch 8800 | train 0.205504 | val 0.265943
14:47:23  Epoch 9000 | train 0.204517 | val 0.266177
14:47:23  Epoch 9200 | train 0.203529 | val 0.265886
14:47:23  Epoch 9400 | train 0.202476 | val 0.265796
14:47:24  Epoch 9600 | train 0.201469 | val 0.266083
14:47:24  Epoch 9800 | train 0.200495 | val 0.266340
14:47:24  Epoch 10000 | train 0.199588 | val 0.266653
14:47:24  Epoch 10200 | train 0.198721 | val 0.266895
14:47:24  Epoch 10400 | train 0.197867 | val 0.266934
14:47:25  Epoch 10600 | train 0.197022 | val 0.266863
14:47:25  Epoch 10800 | train 0.196159 | val 0.266916
14:47:25  Epoch 11000 | train 0.195303 | val 0.267031
14:47:25  Epoch 11200 | train 0.194453 | val 0.267515
14:47:25  Epoch 11400 | train 0.193606 | val 0.267344
14:47:26  Epoch 11600 | train 0.192773 | val 0.267574
14:47:26  Epoch 11800 | train 0.191926 | val 0.267862
14:47:26  Epoch 12000 | train 0.191107 | val 0.268369
14:47:26  Epoch 12200 | train 0.190262 | val 0.268364
14:47:26  Epoch 12400 | train 0.189437 | val 0.268813
14:47:27  Epoch 12600 | train 0.188600 | val 0.269146
14:47:27  Epoch 12800 | train 0.187742 | val 0.268664
14:47:27  Epoch 13000 | train 0.186882 | val 0.268793
14:47:27  Epoch 13200 | train 0.186025 | val 0.269483
14:47:27  Epoch 13400 | train 0.185170 | val 0.269373
14:47:28  Epoch 13600 | train 0.184325 | val 0.269741
14:47:28  Epoch 13800 | train 0.183489 | val 0.268861
14:47:28  Epoch 14000 | train 0.182658 | val 0.268692
14:47:28  Epoch 14200 | train 0.181815 | val 0.268785
14:47:28  Epoch 14400 | train 0.180975 | val 0.268900
14:47:29  Epoch 14600 | train 0.180019 | val 0.268948
14:47:29  Epoch 14800 | train 0.179039 | val 0.269282
14:47:29  Epoch 15000 | train 0.177874 | val 0.269121
14:47:29  Epoch 15200 | train 0.176792 | val 0.268545
14:47:29  Epoch 15400 | train 0.175783 | val 0.268279
14:47:30  Epoch 15600 | train 0.174843 | val 0.268017
14:47:30  Epoch 15800 | train 0.173966 | val 0.267554
14:47:30  Epoch 16000 | train 0.173136 | val 0.267122
14:47:30  Epoch 16200 | train 0.172374 | val 0.266436
14:47:30  Epoch 16400 | train 0.171782 | val 0.265292
14:47:31  Epoch 16600 | train 0.171565 | val 0.263813
14:47:31  Epoch 16800 | train 0.172531 | val 0.261385
14:47:31  Epoch 17000 | train 0.176436 | val 0.259139
14:47:31  Epoch 17200 | train 0.179873 | val 0.258740
14:47:31  Epoch 17400 | train 0.183731 | val 0.258954
14:47:31  Epoch 17600 | train 0.184237 | val 0.258967
14:47:32  Epoch 17800 | train 0.183824 | val 0.258998
14:47:32  Epoch 18000 | train 0.184288 | val 0.259054
14:47:32  Epoch 18200 | train 0.184017 | val 0.259211
14:47:32  Epoch 18400 | train 0.183226 | val 0.259440
14:47:32  Epoch 18600 | train 0.183015 | val 0.259686
14:47:33  Epoch 18800 | train 0.182815 | val 0.259839
14:47:33  Epoch 19000 | train 0.181530 | val 0.259900
14:47:33  Epoch 19200 | train 0.181014 | val 0.260352
14:47:33  Epoch 19400 | train 0.178435 | val 0.259786
14:47:33  Epoch 19600 | train 0.180424 | val 0.260626
14:47:34  Epoch 19800 | train 0.180124 | val 0.260656
14:47:34  Epoch 20000 | train 0.179326 | val 0.260606
14:47:34  Epoch 20200 | train 0.174189 | val 0.260094
14:47:34  Epoch 20400 | train 0.179149 | val 0.261356
14:47:34  Epoch 20600 | train 0.178305 | val 0.261354
14:47:35  Epoch 20800 | train 0.177222 | val 0.261498
14:47:35  Epoch 21000 | train 0.177408 | val 0.261712
14:47:35  Epoch 21200 | train 0.176885 | val 0.262035
14:47:35  Epoch 21400 | train 0.175859 | val 0.262026
14:47:35  Epoch 21600 | train 0.175047 | val 0.262203
14:47:36  Epoch 21800 | train 0.174089 | val 0.262238
14:47:36  Epoch 22000 | train 0.173806 | val 0.262077
14:47:36  Epoch 22200 | train 0.173841 | val 0.262202
14:47:36  Epoch 22400 | train 0.172677 | val 0.261915
14:47:36  Epoch 22600 | train 0.172302 | val 0.262622
14:47:37  Epoch 22800 | train 0.172796 | val 0.262989
14:47:37  Epoch 23000 | train 0.172513 | val 0.263103
14:47:37  Epoch 23200 | train 0.173265 | val 0.263772
14:47:37  Epoch 23400 | train 0.171236 | val 0.263684
14:47:37  Epoch 23600 | train 0.171186 | val 0.263882
14:47:38  Epoch 23800 | train 0.170002 | val 0.264194
14:47:38  Epoch 24000 | train 0.172490 | val 0.265302
14:47:38  Epoch 24200 | train 0.171649 | val 0.265696
14:47:38  Epoch 24400 | train 0.166957 | val 0.264111
14:47:38  Epoch 24600 | train 0.169768 | val 0.265080
14:47:39  Epoch 24800 | train 0.167904 | val 0.264459
14:47:39  Epoch 25000 | train 0.167373 | val 0.264265
14:47:39  Epoch 25200 | train 0.165054 | val 0.263819
14:47:39  Epoch 25400 | train 0.164973 | val 0.263799
14:47:39  Epoch 25600 | train 0.165423 | val 0.263551
14:47:39  Epoch 25800 | train 0.154950 | val 0.259972
14:47:40  Epoch 26000 | train 0.161923 | val 0.260425
14:47:40  Epoch 26200 | train 0.161851 | val 0.260285
14:47:40  Epoch 26400 | train 0.153536 | val 0.256141
14:47:40  Epoch 26600 | train 0.161630 | val 0.257834
14:47:40  Epoch 26800 | train 0.162245 | val 0.258124
14:47:41  Epoch 27000 | train 0.162686 | val 0.258253
14:47:41  Epoch 27200 | train 0.161084 | val 0.258141
14:47:41  Epoch 27400 | train 0.160728 | val 0.258221
14:47:41  Epoch 27600 | train 0.160463 | val 0.258310
14:47:41  Epoch 27800 | train 0.159283 | val 0.258696
14:47:42  Epoch 28000 | train 0.156034 | val 0.258354
14:47:42  Epoch 28200 | train 0.158530 | val 0.259240
14:47:42  Epoch 28400 | train 0.157816 | val 0.259298
14:47:42  Epoch 28600 | train 0.158871 | val 0.259994
14:47:42  Epoch 28800 | train 0.157046 | val 0.259156
14:47:43  Epoch 29000 | train 0.158674 | val 0.260133
14:47:43  Epoch 29200 | train 0.155716 | val 0.259067
14:47:43  Epoch 29400 | train 0.155358 | val 0.258994
14:47:43  Epoch 29600 | train 0.155834 | val 0.259965
14:47:43  Epoch 29800 | train 0.153203 | val 0.259297
14:47:44  Epoch 30000 | train 0.152665 | val 0.260355
14:47:44  Epoch 30200 | train 0.151971 | val 0.260586
14:47:44  Epoch 30400 | train 0.144822 | val 0.257430
14:47:44  Epoch 30600 | train 0.151781 | val 0.260830
14:47:44  Epoch 30800 | train 0.151785 | val 0.261174
14:47:45  Epoch 31000 | train 0.151176 | val 0.260993
14:47:45  Epoch 31200 | train 0.150839 | val 0.261673
14:47:45  Epoch 31400 | train 0.150117 | val 0.261517
14:47:45  Epoch 31600 | train 0.145514 | val 0.259815
14:47:45  Epoch 31800 | train 0.151228 | val 0.263227
14:47:46  Epoch 32000 | train 0.137009 | val 0.256560
14:47:46  Epoch 32200 | train 0.140508 | val 0.258472
14:47:46  Epoch 32400 | train 0.146769 | val 0.262002
14:47:46  Epoch 32600 | train 0.146717 | val 0.262809
14:47:46  Epoch 32800 | train 0.143377 | val 0.261411
14:47:46  Epoch 33000 | train 0.137927 | val 0.257779
14:47:47  Epoch 33200 | train 0.140968 | val 0.259639
14:47:47  Epoch 33400 | train 0.140857 | val 0.260491
14:47:47  Epoch 33600 | train 0.140270 | val 0.260812
14:47:47  Epoch 33800 | train 0.139151 | val 0.261002
14:47:48  Epoch 34000 | train 0.137519 | val 0.260886
14:47:48  Epoch 34200 | train 0.138856 | val 0.262380
14:47:48  Epoch 34400 | train 0.136499 | val 0.261418
14:47:48  Epoch 34600 | train 0.128593 | val 0.258189
14:47:48  Epoch 34800 | train 0.133263 | val 0.261315
14:47:49  Epoch 35000 | train 0.134314 | val 0.263043
14:47:49  Epoch 35200 | train 0.131268 | val 0.262260
14:47:49  Epoch 35400 | train 0.132970 | val 0.264541
14:47:49  Epoch 35600 | train 0.134895 | val 0.267011
14:47:49  Epoch 35800 | train 0.134053 | val 0.267130
14:47:50  Epoch 36000 | train 0.132055 | val 0.266723
14:47:50  Epoch 36200 | train 0.135303 | val 0.269506
14:47:50  Epoch 36400 | train 0.136974 | val 0.271508
14:47:50  Epoch 36600 | train 0.136865 | val 0.272009
14:47:50  Epoch 36800 | train 0.133637 | val 0.270534
14:47:51  Epoch 37000 | train 0.132071 | val 0.269963
14:47:51  Epoch 37200 | train 0.138046 | val 0.274732
14:47:51  Epoch 37400 | train 0.137298 | val 0.274485
14:47:51  Epoch 37600 | train 0.136209 | val 0.274420
14:47:51  Epoch 37800 | train 0.136388 | val 0.275065
14:47:52  Epoch 38000 | train 0.133314 | val 0.273046
14:47:52  Epoch 38200 | train 0.133788 | val 0.273557
14:47:52  Epoch 38400 | train 0.133289 | val 0.273513
14:47:52  Epoch 38600 | train 0.132930 | val 0.273614
14:47:52  Epoch 38800 | train 0.132010 | val 0.273164
14:47:53  Epoch 39000 | train 0.130484 | val 0.272479
14:47:53  Epoch 39200 | train 0.132168 | val 0.274265
14:47:53  Epoch 39400 | train 0.133113 | val 0.275437
14:47:53  Epoch 39600 | train 0.132178 | val 0.275097
14:47:54  Epoch 39800 | train 0.132685 | val 0.276026
14:47:54  Epoch 40000 | train 0.132684 | val 0.276419
14:47:54  Epoch 40200 | train 0.127145 | val 0.272032
14:47:54  Epoch 40400 | train 0.129534 | val 0.274399
14:47:54  Epoch 40600 | train 0.129502 | val 0.274320
14:47:55  Epoch 40800 | train 0.120123 | val 0.268160
14:47:55  Epoch 41000 | train 0.127096 | val 0.273735
14:47:55  Epoch 41200 | train 0.123340 | val 0.271383
14:47:55  Epoch 41400 | train 0.119673 | val 0.268675
14:47:56  Epoch 41600 | train 0.128669 | val 0.275701
14:47:56  Epoch 41800 | train 0.120413 | val 0.269847
14:47:56  Epoch 42000 | train 0.120642 | val 0.269683
14:47:56  Epoch 42200 | train 0.124379 | val 0.273710
14:47:56  Epoch 42400 | train 0.118865 | val 0.269529
14:47:57  Epoch 42600 | train 0.131749 | val 0.279907
14:47:57  Epoch 42800 | train 0.116301 | val 0.268237
14:47:57  Epoch 43000 | train 0.126944 | val 0.275574
14:47:57  Epoch 43200 | train 0.118992 | val 0.270781
14:47:58  Epoch 43400 | train 0.117165 | val 0.268628
14:47:58  Epoch 43600 | train 0.126386 | val 0.276668
14:47:58  Epoch 43800 | train 0.116605 | val 0.269816
14:47:58  Epoch 44000 | train 0.115484 | val 0.269148
14:47:58  Epoch 44200 | train 0.127174 | val 0.278647
14:47:59  Epoch 44400 | train 0.116036 | val 0.271074
14:47:59  Epoch 44600 | train 0.113027 | val 0.268669
14:47:59  Epoch 44800 | train 0.123880 | val 0.277469
14:47:59  Epoch 45000 | train 0.114447 | val 0.271477
14:48:00  Epoch 45200 | train 0.113616 | val 0.270285
14:48:00  Epoch 45400 | train 0.125379 | val 0.280538
14:48:00  Epoch 45600 | train 0.111063 | val 0.269708
14:48:00  Epoch 45800 | train 0.111598 | val 0.270341
14:48:00  Epoch 46000 | train 0.123318 | val 0.279997
14:48:01  Epoch 46200 | train 0.118837 | val 0.277311
14:48:01  Epoch 46400 | train 0.108777 | val 0.269567
14:48:01  Epoch 46600 | train 0.111905 | val 0.272205
14:48:01  Epoch 46800 | train 0.121144 | val 0.280461
14:48:01  Epoch 47000 | train 0.113593 | val 0.274926
14:48:02  Epoch 47200 | train 0.108627 | val 0.271255
14:48:02  Epoch 47400 | train 0.109444 | val 0.271569
14:48:02  Epoch 47600 | train 0.116400 | val 0.277821
14:48:02  Epoch 47800 | train 0.118989 | val 0.281292
14:48:03  Epoch 48000 | train 0.106178 | val 0.270664
14:48:03  Epoch 48200 | train 0.113316 | val 0.276315
14:48:03  Epoch 48400 | train 0.115541 | val 0.279548
14:48:03  Epoch 48600 | train 0.105471 | val 0.271486
14:48:03  Epoch 48800 | train 0.107706 | val 0.273548
14:48:04  Epoch 49000 | train 0.117455 | val 0.282784
14:48:04  Epoch 49200 | train 0.105135 | val 0.272472
14:48:04  Epoch 49400 | train 0.108389 | val 0.274793
14:48:04  Epoch 49600 | train 0.118535 | val 0.284500
14:48:04  Epoch 49800 | train 0.106166 | val 0.274563
14:48:05  Epoch 50000 | train 0.101736 | val 0.271111
14:48:05  === Pruning ===
14:48:05    Layer 0: silent=0  redundant=12  | removed=12  remaining=52
14:48:05    Layer 1: silent=5  redundant=0  | removed=5  remaining=59
14:48:05    Total removed: 17
14:48:05  === Efficiency: original vs pruned ===
14:48:05    Parameters :   12,865  →    11,416   (11.3% reduction)
14:48:05    Model size :    50.25 KB  →     44.59 KB
14:48:05    FLOPs      :   25,216  →    22,352   (11.4% reduction)
14:48:05    Infer time :    36.73 µs  →     31.22 µs   (15.0% faster)
14:48:05  === Fine-tuning ===
14:48:05  Epoch  200 | train 0.135365 | val 0.283226
14:48:05  Epoch  400 | train 0.129823 | val 0.269783
14:48:06  Epoch  600 | train 0.130117 | val 0.261843
14:48:06  Epoch  800 | train 0.133629 | val 0.254255
14:48:06  Epoch 1000 | train 0.137270 | val 0.248513
14:48:06  Epoch 1200 | train 0.142278 | val 0.240352
14:48:07  Epoch 1400 | train 0.147621 | val 0.234032
14:48:07  Epoch 1600 | train 0.152911 | val 0.231300
14:48:07  Epoch 1800 | train 0.158456 | val 0.231410
14:48:08  Epoch 2000 | train 0.164567 | val 0.231338
14:48:08  Epoch 2200 | train 0.170570 | val 0.230237
14:48:08  Epoch 2400 | train 0.176003 | val 0.229387
14:48:08  Epoch 2600 | train 0.181949 | val 0.229599
14:48:09  Epoch 2800 | train 0.187893 | val 0.231628
14:48:09  Epoch 3000 | train 0.193517 | val 0.232163
14:48:09  Epoch 3200 | train 0.199287 | val 0.232140
14:48:10  Epoch 3400 | train 0.204650 | val 0.231563
14:48:10  Epoch 3600 | train 0.209072 | val 0.230456
14:48:10  Epoch 3800 | train 0.214643 | val 0.230513
14:48:11  Epoch 4000 | train 0.220076 | val 0.229670
14:48:11  Epoch 4200 | train 0.222827 | val 0.227606
14:48:11  Epoch 4400 | train 0.226509 | val 0.226683
14:48:12  Epoch 4600 | train 0.230822 | val 0.226052
14:48:12  Epoch 4800 | train 0.234341 | val 0.226933
14:48:12  Epoch 5000 | train 0.236704 | val 0.226819
14:48:13  Epoch 5200 | train 0.241029 | val 0.227079
14:48:13  Epoch 5400 | train 0.245248 | val 0.226680
14:48:13  Epoch 5600 | train 0.249612 | val 0.227135
14:48:14  Epoch 5800 | train 0.252960 | val 0.226628
14:48:14  Epoch 6000 | train 0.256056 | val 0.228702
14:48:14  Epoch 6200 | train 0.258586 | val 0.232311
14:48:15  Epoch 6400 | train 0.261543 | val 0.232602
14:48:15  Epoch 6600 | train 0.264388 | val 0.231877
14:48:15  Epoch 6800 | train 0.267127 | val 0.231515
14:48:16  Epoch 7000 | train 0.269413 | val 0.231712
14:48:16  Epoch 7200 | train 0.271146 | val 0.231935
14:48:16  Epoch 7400 | train 0.273308 | val 0.231994
14:48:17  Epoch 7600 | train 0.275005 | val 0.231681
14:48:17  Epoch 7800 | train 0.276359 | val 0.230755
14:48:17  Epoch 8000 | train 0.278108 | val 0.230611
14:48:18  Epoch 8200 | train 0.279761 | val 0.230149
14:48:18  Epoch 8400 | train 0.281259 | val 0.229758
14:48:19  Epoch 8600 | train 0.282511 | val 0.229350
14:48:19  Epoch 8800 | train 0.282697 | val 0.226769
14:48:20  Epoch 9000 | train 0.283425 | val 0.226801
14:48:20  Epoch 9200 | train 0.284106 | val 0.226865
14:48:21  Epoch 9400 | train 0.282172 | val 0.225540
14:48:21  Epoch 9600 | train 0.280475 | val 0.224197
14:48:21  Epoch 9800 | train 0.278986 | val 0.223104
14:48:22  Epoch 10000 | train 0.277088 | val 0.221732
14:48:22  Epoch 10200 | train 0.274344 | val 0.219678
14:48:23  Epoch 10400 | train 0.271673 | val 0.217891
14:48:23  Epoch 10600 | train 0.269038 | val 0.216216
14:48:23  Epoch 10800 | train 0.266667 | val 0.214700
14:48:24  Epoch 11000 | train 0.263821 | val 0.212974
14:48:24  Epoch 11200 | train 0.261460 | val 0.211448
14:48:24  Epoch 11400 | train 0.259605 | val 0.210211
14:48:25  Epoch 11600 | train 0.258003 | val 0.209076
14:48:25  Epoch 11800 | train 0.256665 | val 0.208140
14:48:25  Epoch 12000 | train 0.255658 | val 0.207521
14:48:26  Epoch 12200 | train 0.254924 | val 0.207043
14:48:26  Epoch 12400 | train 0.254376 | val 0.206772
14:48:26  Epoch 12600 | train 0.253964 | val 0.206455
14:48:27  Epoch 12800 | train 0.253678 | val 0.206319
14:48:27  Epoch 13000 | train 0.253461 | val 0.206173
14:48:28  Epoch 13200 | train 0.253303 | val 0.206020
14:48:28  Epoch 13400 | train 0.253218 | val 0.205983
14:48:29  Epoch 13600 | train 0.253135 | val 0.205933
14:48:29  Epoch 13800 | train 0.253037 | val 0.205772
14:48:30  Epoch 14000 | train 0.252984 | val 0.205663
14:48:30  Epoch 14200 | train 0.252941 | val 0.205617
14:48:31  Epoch 14400 | train 0.252905 | val 0.205544
14:48:31  Epoch 14600 | train 0.252885 | val 0.205530
14:48:32  Epoch 14800 | train 0.252870 | val 0.205487
14:48:32  Epoch 15000 | train 0.252861 | val 0.205450
14:48:33  Epoch 15200 | train 0.252824 | val 0.205327
14:48:33  Epoch 15400 | train 0.252813 | val 0.205292
14:48:34  Epoch 15600 | train 0.252802 | val 0.205295
14:48:34  Epoch 15800 | train 0.252794 | val 0.205212
14:48:35  Epoch 16000 | train 0.252788 | val 0.205266
14:48:35  Epoch 16200 | train 0.252757 | val 0.205177
14:48:36  Epoch 16400 | train 0.252733 | val 0.205077
14:48:36  Epoch 16600 | train 0.252725 | val 0.205012
14:48:37  Epoch 16800 | train 0.252722 | val 0.204995
14:48:38  Epoch 17000 | train 0.252709 | val 0.204995
14:48:38  Epoch 17200 | train 0.252697 | val 0.204928
14:48:39  Epoch 17400 | train 0.252681 | val 0.204922
14:48:39  Epoch 17600 | train 0.252674 | val 0.204940
14:48:40  Epoch 17800 | train 0.252662 | val 0.204838
14:48:40  Epoch 18000 | train 0.252645 | val 0.204842
14:48:40  Epoch 18200 | train 0.252633 | val 0.204722
14:48:41  Epoch 18400 | train 0.252623 | val 0.204799
14:48:41  Epoch 18600 | train 0.252611 | val 0.204698
14:48:42  Epoch 18800 | train 0.252596 | val 0.204706
14:48:42  Epoch 19000 | train 0.252589 | val 0.204672
14:48:43  Epoch 19200 | train 0.252576 | val 0.204694
14:48:43  Epoch 19400 | train 0.252562 | val 0.204654
14:48:43  Epoch 19600 | train 0.252553 | val 0.204662
14:48:44  Epoch 19800 | train 0.252530 | val 0.204506
14:48:44  Epoch 20000 | train 0.252534 | val 0.204618
14:48:45  Epoch 20200 | train 0.252518 | val 0.204545
14:48:45  Epoch 20400 | train 0.252525 | val 0.204527
14:48:45  Epoch 20600 | train 0.252505 | val 0.204464
14:48:45  Epoch 20800 | train 0.252484 | val 0.204441
14:48:46  Epoch 21000 | train 0.252468 | val 0.204443
14:48:46  Epoch 21200 | train 0.252488 | val 0.204458
14:48:46  Epoch 21400 | train 0.252459 | val 0.204396
14:48:46  Epoch 21600 | train 0.252448 | val 0.204448
14:48:47  Epoch 21800 | train 0.252439 | val 0.204377
14:48:47  Epoch 22000 | train 0.252433 | val 0.204343
14:48:47  Epoch 22200 | train 0.252428 | val 0.204375
14:48:48  Epoch 22400 | train 0.252434 | val 0.204297
14:48:48  Epoch 22600 | train 0.252417 | val 0.204308
14:48:48  Epoch 22800 | train 0.252392 | val 0.204289
14:48:48  Epoch 23000 | train 0.252392 | val 0.204251
14:48:49  Epoch 23200 | train 0.252398 | val 0.204281
14:48:49  Epoch 23400 | train 0.252374 | val 0.204259
14:48:49  Epoch 23600 | train 0.252368 | val 0.204226
14:48:50  Epoch 23800 | train 0.252372 | val 0.204229
14:48:50  Epoch 24000 | train 0.252332 | val 0.204182
14:48:50  Epoch 24200 | train 0.252342 | val 0.204230
14:48:50  Epoch 24400 | train 0.252310 | val 0.204137
14:48:51  Epoch 24600 | train 0.252302 | val 0.204105
14:48:51  Epoch 24800 | train 0.252297 | val 0.204121
14:48:51  Epoch 25000 | train 0.252309 | val 0.204098
14:48:51  Epoch 25200 | train 0.252290 | val 0.204119
14:48:52  Epoch 25400 | train 0.252269 | val 0.204093
14:48:52  Epoch 25600 | train 0.252301 | val 0.204040
14:48:52  Epoch 25800 | train 0.252253 | val 0.204011
14:48:53  Epoch 26000 | train 0.252283 | val 0.204068
14:48:53  Epoch 26200 | train 0.252260 | val 0.204016
14:48:53  Epoch 26400 | train 0.252257 | val 0.204036
14:48:53  Epoch 26600 | train 0.252230 | val 0.204007
14:48:54  Epoch 26800 | train 0.252250 | val 0.204089
14:48:54  Epoch 27000 | train 0.252239 | val 0.204094
14:48:54  Epoch 27200 | train 0.252236 | val 0.203969
14:48:55  Epoch 27400 | train 0.252225 | val 0.203982
14:48:55  Epoch 27600 | train 0.252199 | val 0.203948
14:48:55  Epoch 27800 | train 0.252211 | val 0.203986
14:48:55  Epoch 28000 | train 0.252207 | val 0.203991
14:48:56  Epoch 28200 | train 0.252208 | val 0.203969
14:48:56  Epoch 28400 | train 0.252206 | val 0.203891
14:48:56  Epoch 28600 | train 0.252179 | val 0.203898
14:48:56  Epoch 28800 | train 0.252190 | val 0.203869
14:48:57  Epoch 29000 | train 0.252147 | val 0.203900
14:48:57  Epoch 29200 | train 0.252185 | val 0.203936
14:48:57  Epoch 29400 | train 0.252170 | val 0.203898
14:48:58  Epoch 29600 | train 0.252177 | val 0.203833
14:48:58  Epoch 29800 | train 0.252139 | val 0.203844
14:48:58  Epoch 30000 | train 0.252129 | val 0.203811
14:48:59  Epoch 30200 | train 0.252143 | val 0.203869
14:48:59  Epoch 30400 | train 0.252141 | val 0.203833
14:48:59  Epoch 30600 | train 0.252120 | val 0.203761
14:48:59  Epoch 30800 | train 0.252070 | val 0.203808
14:49:00  Epoch 31000 | train 0.252104 | val 0.203798
14:49:00  Epoch 31200 | train 0.252093 | val 0.203742
14:49:00  Epoch 31400 | train 0.252072 | val 0.203784
14:49:00  Epoch 31600 | train 0.252074 | val 0.203808
14:49:01  Epoch 31800 | train 0.252056 | val 0.203775
14:49:01  Epoch 32000 | train 0.252051 | val 0.203787
14:49:01  Epoch 32200 | train 0.252037 | val 0.203746
14:49:02  Epoch 32400 | train 0.252069 | val 0.203763
14:49:02  Epoch 32600 | train 0.252034 | val 0.203774
14:49:02  Epoch 32800 | train 0.252001 | val 0.203625
14:49:02  Epoch 33000 | train 0.252016 | val 0.203673
14:49:03  Epoch 33200 | train 0.252001 | val 0.203666
14:49:03  Epoch 33400 | train 0.252002 | val 0.203695
14:49:03  Epoch 33600 | train 0.251993 | val 0.203705
14:49:04  Epoch 33800 | train 0.251986 | val 0.203683
14:49:04  Epoch 34000 | train 0.251998 | val 0.203651
14:49:04  Epoch 34200 | train 0.251998 | val 0.203721
14:49:04  Epoch 34400 | train 0.251965 | val 0.203632
14:49:05  Epoch 34600 | train 0.251956 | val 0.203619
14:49:05  Epoch 34800 | train 0.251927 | val 0.203609
14:49:05  Epoch 35000 | train 0.251928 | val 0.203579
14:49:05  Epoch 35200 | train 0.251952 | val 0.203601
14:49:06  Epoch 35400 | train 0.251936 | val 0.203677
14:49:06  Epoch 35600 | train 0.251936 | val 0.203621
14:49:06  Epoch 35800 | train 0.251915 | val 0.203632
14:49:07  Epoch 36000 | train 0.251900 | val 0.203536
14:49:07  Epoch 36200 | train 0.251875 | val 0.203476
14:49:07  Epoch 36400 | train 0.251893 | val 0.203575
14:49:07  Epoch 36600 | train 0.251885 | val 0.203506
14:49:08  Epoch 36800 | train 0.251923 | val 0.203611
14:49:08  Epoch 37000 | train 0.251870 | val 0.203503
14:49:08  Epoch 37200 | train 0.251876 | val 0.203544
14:49:08  Epoch 37400 | train 0.251868 | val 0.203506
14:49:09  Epoch 37600 | train 0.251854 | val 0.203582
14:49:09  Epoch 37800 | train 0.251826 | val 0.203494
14:49:09  Epoch 38000 | train 0.251838 | val 0.203450
14:49:09  Epoch 38200 | train 0.251831 | val 0.203509
14:49:10  Epoch 38400 | train 0.251833 | val 0.203493
14:49:10  Epoch 38600 | train 0.251820 | val 0.203408
14:49:10  Epoch 38800 | train 0.251817 | val 0.203510
14:49:11  Epoch 39000 | train 0.251815 | val 0.203458
14:49:11  Epoch 39200 | train 0.251801 | val 0.203370
14:49:11  Epoch 39400 | train 0.251803 | val 0.203458
14:49:11  Epoch 39600 | train 0.251825 | val 0.203460
14:49:12  Epoch 39800 | train 0.251740 | val 0.203417
14:49:12  Epoch 40000 | train 0.251779 | val 0.203461
14:49:12  Epoch 40200 | train 0.251778 | val 0.203392
14:49:12  Epoch 40400 | train 0.251770 | val 0.203441
14:49:13  Epoch 40600 | train 0.251746 | val 0.203410
14:49:13  Epoch 40800 | train 0.251768 | val 0.203404
14:49:13  Epoch 41000 | train 0.251739 | val 0.203406
14:49:14  Epoch 41200 | train 0.251752 | val 0.203416
14:49:14  Epoch 41400 | train 0.251754 | val 0.203455
14:49:14  Epoch 41600 | train 0.251734 | val 0.203391
14:49:14  Epoch 41800 | train 0.251737 | val 0.203378
14:49:15  Epoch 42000 | train 0.251719 | val 0.203292
14:49:15  Epoch 42200 | train 0.251733 | val 0.203379
14:49:15  Epoch 42400 | train 0.251694 | val 0.203310
14:49:15  Epoch 42600 | train 0.251715 | val 0.203337
14:49:16  Epoch 42800 | train 0.251699 | val 0.203397
14:49:16  Epoch 43000 | train 0.251694 | val 0.203373
14:49:16  Epoch 43200 | train 0.251715 | val 0.203382
14:49:17  Epoch 43400 | train 0.251677 | val 0.203282
14:49:17  Epoch 43600 | train 0.251693 | val 0.203348
14:49:17  Epoch 43800 | train 0.251654 | val 0.203282
14:49:17  Epoch 44000 | train 0.251683 | val 0.203268
14:49:18  Epoch 44200 | train 0.251672 | val 0.203324
14:49:18  Epoch 44400 | train 0.251666 | val 0.203278
14:49:18  Epoch 44600 | train 0.251640 | val 0.203225
14:49:19  Epoch 44800 | train 0.251651 | val 0.203323
14:49:19  Epoch 45000 | train 0.251668 | val 0.203306
14:49:19  Epoch 45200 | train 0.251637 | val 0.203231
14:49:19  Epoch 45400 | train 0.251617 | val 0.203261
14:49:20  Epoch 45600 | train 0.251648 | val 0.203314
14:49:20  Epoch 45800 | train 0.251654 | val 0.203333
14:49:20  Epoch 46000 | train 0.251635 | val 0.203337
14:49:20  Epoch 46200 | train 0.251645 | val 0.203147
14:49:21  Epoch 46400 | train 0.251606 | val 0.203283
14:49:21  Epoch 46600 | train 0.251587 | val 0.203233
14:49:21  Epoch 46800 | train 0.251646 | val 0.203257
14:49:22  Epoch 47000 | train 0.251579 | val 0.203273
14:49:22  Epoch 47200 | train 0.251586 | val 0.203296
14:49:22  Epoch 47400 | train 0.251619 | val 0.203307
14:49:22  Epoch 47600 | train 0.251599 | val 0.203227
14:49:23  Epoch 47800 | train 0.251584 | val 0.203243
14:49:23  Epoch 48000 | train 0.251585 | val 0.203223
14:49:23  Epoch 48200 | train 0.251549 | val 0.203157
14:49:24  Epoch 48400 | train 0.251569 | val 0.203155
14:49:24  Epoch 48600 | train 0.251587 | val 0.203209
14:49:24  Epoch 48800 | train 0.251588 | val 0.203262
14:49:24  Epoch 49000 | train 0.251578 | val 0.203265
14:49:25  Epoch 49200 | train 0.251575 | val 0.203208
14:49:25  Epoch 49400 | train 0.251572 | val 0.203146
14:49:25  Epoch 49600 | train 0.251533 | val 0.203178
14:49:25  Epoch 49800 | train 0.251537 | val 0.203281
14:49:26  Epoch 50000 | train 0.251534 | val 0.203135
14:49:26  === Efficiency: original vs fine-tuned ===
14:49:26    Parameters :   12,865  →    11,416   (11.3% reduction)
14:49:26    Model size :    50.25 KB  →     44.59 KB
14:49:26    FLOPs      :   25,216  →    22,352   (11.4% reduction)
14:49:26    Infer time :    35.99 µs  →     31.59 µs   (12.2% faster)
14:49:26  Saved results to /home/amirabbas-kazeminia/Projects/pruning/outputs/circle_resnet/36199b5d/61f2ad28/144ef657/results.json
14:49:26  Saved pruning summary to /home/amirabbas-kazeminia/Projects/pruning/outputs/circle_resnet/36199b5d/61f2ad28/144ef657/pruning_summary.png
