14:51:01  Output dir : /home/amirabbas-kazeminia/Projects/pruning/outputs/square_resnet/811f9a64/61f2ad28/144ef657
14:51:01  Log dir    : /home/amirabbas-kazeminia/Projects/pruning/logs/square_resnet/811f9a64/61f2ad28/144ef657
14:51:01  Model: ResNet(
  (blocks): ModuleList(
    (0): ResidualBlock(
      (branch): Sequential(
        (0): Linear(in_features=2, out_features=64, bias=True)
        (1): ReLU()
        (2): Linear(in_features=64, out_features=64, bias=True)
      )
      (shortcut): Linear(in_features=2, out_features=64, bias=False)
      (relu): ReLU()
    )
    (1): ResidualBlock(
      (branch): Sequential(
        (0): Linear(in_features=64, out_features=64, bias=True)
        (1): ReLU()
        (2): Linear(in_features=64, out_features=64, bias=True)
      )
      (shortcut): Identity()
      (relu): ReLU()
    )
  )
  (head): Linear(in_features=64, out_features=1, bias=True)
)
14:51:01  Fitting square(x) with 12865 parameters
14:51:01  === Training ===
14:51:03  Epoch  200 | train 0.474977 | val 0.375230
14:51:03  Epoch  400 | train 0.427769 | val 0.357598
14:51:04  Epoch  600 | train 0.388270 | val 0.341010
14:51:04  Epoch  800 | train 0.355852 | val 0.328348
14:51:04  Epoch 1000 | train 0.328589 | val 0.316558
14:51:04  Epoch 1200 | train 0.305199 | val 0.305187
14:51:04  Epoch 1400 | train 0.286664 | val 0.299041
14:51:05  Epoch 1600 | train 0.271673 | val 0.294634
14:51:05  Epoch 1800 | train 0.259934 | val 0.291719
14:51:05  Epoch 2000 | train 0.250672 | val 0.290288
14:51:05  Epoch 2200 | train 0.243393 | val 0.290154
14:51:05  Epoch 2400 | train 0.237533 | val 0.290460
14:51:06  Epoch 2600 | train 0.232858 | val 0.290321
14:51:06  Epoch 2800 | train 0.229194 | val 0.290491
14:51:06  Epoch 3000 | train 0.226195 | val 0.290930
14:51:06  Epoch 3200 | train 0.223691 | val 0.291276
14:51:06  Epoch 3400 | train 0.221587 | val 0.291273
14:51:07  Epoch 3600 | train 0.219742 | val 0.291399
14:51:07  Epoch 3800 | train 0.217974 | val 0.291650
14:51:07  Epoch 4000 | train 0.216304 | val 0.292496
14:51:07  Epoch 4200 | train 0.214842 | val 0.292803
14:51:07  Epoch 4400 | train 0.213520 | val 0.292945
14:51:08  Epoch 4600 | train 0.212285 | val 0.292741
14:51:08  Epoch 4800 | train 0.211154 | val 0.292951
14:51:08  Epoch 5000 | train 0.210069 | val 0.292744
14:51:08  Epoch 5200 | train 0.209004 | val 0.293162
14:51:08  Epoch 5400 | train 0.207990 | val 0.293333
14:51:09  Epoch 5600 | train 0.206938 | val 0.293852
14:51:09  Epoch 5800 | train 0.205948 | val 0.294274
14:51:09  Epoch 6000 | train 0.204985 | val 0.294255
14:51:09  Epoch 6200 | train 0.204066 | val 0.294640
14:51:09  Epoch 6400 | train 0.203182 | val 0.295053
14:51:10  Epoch 6600 | train 0.202340 | val 0.295319
14:51:10  Epoch 6800 | train 0.201561 | val 0.295065
14:51:10  Epoch 7000 | train 0.200821 | val 0.295089
14:51:10  Epoch 7200 | train 0.200116 | val 0.295111
14:51:10  Epoch 7400 | train 0.199428 | val 0.295483
14:51:11  Epoch 7600 | train 0.198770 | val 0.295244
14:51:11  Epoch 7800 | train 0.198114 | val 0.295643
14:51:11  Epoch 8000 | train 0.197473 | val 0.295799
14:51:11  Epoch 8200 | train 0.196762 | val 0.296618
14:51:11  Epoch 8400 | train 0.196160 | val 0.296417
14:51:12  Epoch 8600 | train 0.195574 | val 0.296391
14:51:12  Epoch 8800 | train 0.195003 | val 0.296369
14:51:12  Epoch 9000 | train 0.194390 | val 0.296131
14:51:12  Epoch 9200 | train 0.193722 | val 0.296285
14:51:12  Epoch 9400 | train 0.193145 | val 0.296391
14:51:13  Epoch 9600 | train 0.192527 | val 0.296302
14:51:13  Epoch 9800 | train 0.191957 | val 0.296522
14:51:13  Epoch 10000 | train 0.191397 | val 0.296517
14:51:13  Epoch 10200 | train 0.190845 | val 0.296627
14:51:13  Epoch 10400 | train 0.190301 | val 0.296791
14:51:14  Epoch 10600 | train 0.189759 | val 0.296838
14:51:14  Epoch 10800 | train 0.189241 | val 0.296510
14:51:14  Epoch 11000 | train 0.188719 | val 0.296595
14:51:14  Epoch 11200 | train 0.188181 | val 0.297062
14:51:14  Epoch 11400 | train 0.187644 | val 0.297051
14:51:15  Epoch 11600 | train 0.187121 | val 0.296711
14:51:15  Epoch 11800 | train 0.186571 | val 0.296957
14:51:15  Epoch 12000 | train 0.186055 | val 0.297060
14:51:15  Epoch 12200 | train 0.185546 | val 0.296725
14:51:15  Epoch 12400 | train 0.185030 | val 0.297148
14:51:16  Epoch 12600 | train 0.184528 | val 0.297657
14:51:16  Epoch 12800 | train 0.184013 | val 0.297440
14:51:16  Epoch 13000 | train 0.183465 | val 0.297913
14:51:16  Epoch 13200 | train 0.182949 | val 0.297157
14:51:16  Epoch 13400 | train 0.182429 | val 0.298816
14:51:17  Epoch 13600 | train 0.181900 | val 0.297755
14:51:17  Epoch 13800 | train 0.181402 | val 0.298866
14:51:17  Epoch 14000 | train 0.180903 | val 0.298966
14:51:17  Epoch 14200 | train 0.180401 | val 0.299597
14:51:17  Epoch 14400 | train 0.179888 | val 0.298890
14:51:18  Epoch 14600 | train 0.179423 | val 0.300495
14:51:18  Epoch 14800 | train 0.178943 | val 0.301000
14:51:18  Epoch 15000 | train 0.178441 | val 0.301110
14:51:18  Epoch 15200 | train 0.177951 | val 0.301641
14:51:18  Epoch 15400 | train 0.177459 | val 0.302028
14:51:19  Epoch 15600 | train 0.176991 | val 0.302449
14:51:19  Epoch 15800 | train 0.176472 | val 0.302700
14:51:19  Epoch 16000 | train 0.176038 | val 0.303629
14:51:19  Epoch 16200 | train 0.175634 | val 0.304818
14:51:19  Epoch 16400 | train 0.175314 | val 0.306272
14:51:20  Epoch 16600 | train 0.175027 | val 0.308064
14:51:20  Epoch 16800 | train 0.175080 | val 0.311298
14:51:20  Epoch 17000 | train 0.175579 | val 0.316195
14:51:20  Epoch 17200 | train 0.178028 | val 0.326630
14:51:20  Epoch 17400 | train 0.182037 | val 0.338695
14:51:21  Epoch 17600 | train 0.185555 | val 0.347967
14:51:21  Epoch 17800 | train 0.186325 | val 0.350405
14:51:21  Epoch 18000 | train 0.186724 | val 0.351852
14:51:21  Epoch 18200 | train 0.186448 | val 0.352507
14:51:21  Epoch 18400 | train 0.184233 | val 0.348658
14:51:22  Epoch 18600 | train 0.184976 | val 0.351577
14:51:22  Epoch 18800 | train 0.185854 | val 0.354251
14:51:22  Epoch 19000 | train 0.184955 | val 0.353314
14:51:22  Epoch 19200 | train 0.185284 | val 0.355034
14:51:22  Epoch 19400 | train 0.184960 | val 0.355490
14:51:22  Epoch 19600 | train 0.184567 | val 0.355434
14:51:23  Epoch 19800 | train 0.184568 | val 0.356414
14:51:23  Epoch 20000 | train 0.184086 | val 0.356612
14:51:23  Epoch 20200 | train 0.184394 | val 0.358325
14:51:23  Epoch 20400 | train 0.184722 | val 0.359665
14:51:24  Epoch 20600 | train 0.183399 | val 0.358413
14:51:24  Epoch 20800 | train 0.183224 | val 0.358699
14:51:24  Epoch 21000 | train 0.183340 | val 0.360095
14:51:24  Epoch 21200 | train 0.183525 | val 0.361443
14:51:24  Epoch 21400 | train 0.183175 | val 0.361938
14:51:25  Epoch 21600 | train 0.182596 | val 0.361577
14:51:25  Epoch 21800 | train 0.182281 | val 0.361991
14:51:25  Epoch 22000 | train 0.181975 | val 0.362222
14:51:25  Epoch 22200 | train 0.181903 | val 0.363234
14:51:25  Epoch 22400 | train 0.178902 | val 0.358097
14:51:26  Epoch 22600 | train 0.180802 | val 0.363057
14:51:26  Epoch 22800 | train 0.181045 | val 0.364828
14:51:26  Epoch 23000 | train 0.177923 | val 0.359328
14:51:26  Epoch 23200 | train 0.180240 | val 0.365537
14:51:26  Epoch 23400 | train 0.180020 | val 0.365895
14:51:27  Epoch 23600 | train 0.179371 | val 0.365976
14:51:27  Epoch 23800 | train 0.179849 | val 0.367877
14:51:27  Epoch 24000 | train 0.179140 | val 0.367378
14:51:27  Epoch 24200 | train 0.179680 | val 0.369733
14:51:27  Epoch 24400 | train 0.178900 | val 0.368990
14:51:28  Epoch 24600 | train 0.179229 | val 0.370536
14:51:28  Epoch 24800 | train 0.178110 | val 0.369174
14:51:28  Epoch 25000 | train 0.177998 | val 0.370042
14:51:28  Epoch 25200 | train 0.178464 | val 0.372135
14:51:29  Epoch 25400 | train 0.178520 | val 0.373237
14:51:29  Epoch 25600 | train 0.178004 | val 0.373265
14:51:29  Epoch 25800 | train 0.177649 | val 0.373572
14:51:29  Epoch 26000 | train 0.177987 | val 0.374904
14:51:29  Epoch 26200 | train 0.177094 | val 0.374084
14:51:30  Epoch 26400 | train 0.177238 | val 0.375159
14:51:30  Epoch 26600 | train 0.176255 | val 0.374055
14:51:30  Epoch 26800 | train 0.178570 | val 0.379431
14:51:30  Epoch 27000 | train 0.177890 | val 0.379205
14:51:31  Epoch 27200 | train 0.176584 | val 0.377430
14:51:31  Epoch 27400 | train 0.176782 | val 0.378197
14:51:31  Epoch 27600 | train 0.175445 | val 0.376620
14:51:31  Epoch 27800 | train 0.172885 | val 0.372302
14:51:31  Epoch 28000 | train 0.173384 | val 0.374256
14:51:32  Epoch 28200 | train 0.173472 | val 0.375500
14:51:32  Epoch 28400 | train 0.174408 | val 0.378247
14:51:32  Epoch 28600 | train 0.174698 | val 0.379319
14:51:32  Epoch 28800 | train 0.174745 | val 0.380277
14:51:32  Epoch 29000 | train 0.174763 | val 0.381282
14:51:33  Epoch 29200 | train 0.174408 | val 0.381010
14:51:33  Epoch 29400 | train 0.173396 | val 0.379979
14:51:33  Epoch 29600 | train 0.172228 | val 0.378491
14:51:33  Epoch 29800 | train 0.172763 | val 0.380431
14:51:33  Epoch 30000 | train 0.172722 | val 0.381101
14:51:34  Epoch 30200 | train 0.172635 | val 0.381818
14:51:34  Epoch 30400 | train 0.170001 | val 0.376852
14:51:34  Epoch 30600 | train 0.170453 | val 0.378428
14:51:34  Epoch 30800 | train 0.167476 | val 0.372478
14:51:34  Epoch 31000 | train 0.155788 | val 0.344245
14:51:35  Epoch 31200 | train 0.168459 | val 0.375578
14:51:35  Epoch 31400 | train 0.168526 | val 0.376878
14:51:35  Epoch 31600 | train 0.168783 | val 0.378997
14:51:35  Epoch 31800 | train 0.169482 | val 0.381985
14:51:35  Epoch 32000 | train 0.169656 | val 0.383189
14:51:36  Epoch 32200 | train 0.167448 | val 0.380152
14:51:36  Epoch 32400 | train 0.166468 | val 0.380080
14:51:36  Epoch 32600 | train 0.169126 | val 0.386026
14:51:36  Epoch 32800 | train 0.167625 | val 0.383915
14:51:37  Epoch 33000 | train 0.166389 | val 0.382517
14:51:37  Epoch 33200 | train 0.166135 | val 0.383199
14:51:37  Epoch 33400 | train 0.166893 | val 0.385661
14:51:37  Epoch 33600 | train 0.166820 | val 0.386459
14:51:37  Epoch 33800 | train 0.165955 | val 0.385481
14:51:38  Epoch 34000 | train 0.165339 | val 0.385715
14:51:38  Epoch 34200 | train 0.166080 | val 0.387738
14:51:38  Epoch 34400 | train 0.165347 | val 0.386544
14:51:38  Epoch 34600 | train 0.165024 | val 0.386741
14:51:38  Epoch 34800 | train 0.165208 | val 0.387544
14:51:39  Epoch 35000 | train 0.164611 | val 0.386421
14:51:39  Epoch 35200 | train 0.164590 | val 0.387194
14:51:39  Epoch 35400 | train 0.164723 | val 0.388236
14:51:39  Epoch 35600 | train 0.162944 | val 0.385531
14:51:40  Epoch 35800 | train 0.161419 | val 0.383079
14:51:40  Epoch 36000 | train 0.149175 | val 0.357110
14:51:40  Epoch 36200 | train 0.154698 | val 0.371188
14:51:40  Epoch 36400 | train 0.159761 | val 0.382690
14:51:40  Epoch 36600 | train 0.159413 | val 0.382316
14:51:41  Epoch 36800 | train 0.160560 | val 0.385298
14:51:41  Epoch 37000 | train 0.160573 | val 0.385795
14:51:41  Epoch 37200 | train 0.159778 | val 0.384251
14:51:41  Epoch 37400 | train 0.159298 | val 0.383690
14:51:42  Epoch 37600 | train 0.151997 | val 0.369801
14:51:42  Epoch 37800 | train 0.151607 | val 0.369773
14:51:42  Epoch 38000 | train 0.161930 | val 0.390577
14:51:42  Epoch 38200 | train 0.161270 | val 0.389727
14:51:42  Epoch 38400 | train 0.160609 | val 0.389142
14:51:43  Epoch 38600 | train 0.156586 | val 0.382074
14:51:43  Epoch 38800 | train 0.157254 | val 0.385019
14:51:43  Epoch 39000 | train 0.159875 | val 0.390438
14:51:43  Epoch 39200 | train 0.158064 | val 0.387754
14:51:44  Epoch 39400 | train 0.143157 | val 0.357855
14:51:44  Epoch 39600 | train 0.152259 | val 0.377661
14:51:44  Epoch 39800 | train 0.151593 | val 0.377433
14:51:44  Epoch 40000 | train 0.154501 | val 0.384287
14:51:45  Epoch 40200 | train 0.155536 | val 0.387253
14:51:45  Epoch 40400 | train 0.146689 | val 0.369839
14:51:45  Epoch 40600 | train 0.150548 | val 0.378556
14:51:45  Epoch 40800 | train 0.157100 | val 0.390594
14:51:45  Epoch 41000 | train 0.152672 | val 0.382491
14:51:46  Epoch 41200 | train 0.149295 | val 0.377257
14:51:46  Epoch 41400 | train 0.150650 | val 0.380884
14:51:46  Epoch 41600 | train 0.153577 | val 0.383853
14:51:46  Epoch 41800 | train 0.148464 | val 0.375093
14:51:47  Epoch 42000 | train 0.153815 | val 0.386346
14:51:47  Epoch 42200 | train 0.143694 | val 0.368167
14:51:47  Epoch 42400 | train 0.150664 | val 0.382388
14:51:47  Epoch 42600 | train 0.155645 | val 0.391041
14:51:47  Epoch 42800 | train 0.148233 | val 0.378800
14:51:48  Epoch 43000 | train 0.144966 | val 0.373706
14:51:48  Epoch 43200 | train 0.146559 | val 0.378055
14:51:48  Epoch 43400 | train 0.150074 | val 0.384946
14:51:48  Epoch 43600 | train 0.160838 | val 0.403557
14:51:49  Epoch 43800 | train 0.152753 | val 0.390076
14:51:49  Epoch 44000 | train 0.144851 | val 0.377151
14:51:49  Epoch 44200 | train 0.149979 | val 0.385861
14:51:49  Epoch 44400 | train 0.149746 | val 0.386914
14:51:49  Epoch 44600 | train 0.151582 | val 0.390673
14:51:50  Epoch 44800 | train 0.149929 | val 0.388449
14:51:50  Epoch 45000 | train 0.144660 | val 0.380098
14:51:50  Epoch 45200 | train 0.140314 | val 0.371697
14:51:50  Epoch 45400 | train 0.140766 | val 0.373086
14:51:51  Epoch 45600 | train 0.141550 | val 0.375566
14:51:51  Epoch 45800 | train 0.140985 | val 0.375591
14:51:51  Epoch 46000 | train 0.131854 | val 0.357591
14:51:51  Epoch 46200 | train 0.136554 | val 0.367488
14:51:51  Epoch 46400 | train 0.139847 | val 0.373950
14:51:52  Epoch 46600 | train 0.138340 | val 0.372837
14:51:52  Epoch 46800 | train 0.137746 | val 0.372499
14:51:52  Epoch 47000 | train 0.145773 | val 0.386851
14:51:52  Epoch 47200 | train 0.142900 | val 0.383072
14:51:53  Epoch 47400 | train 0.140929 | val 0.380366
14:51:53  Epoch 47600 | train 0.134295 | val 0.369870
14:51:53  Epoch 47800 | train 0.127197 | val 0.355849
14:51:53  Epoch 48000 | train 0.129978 | val 0.360189
14:51:54  Epoch 48200 | train 0.131890 | val 0.363447
14:51:54  Epoch 48400 | train 0.133630 | val 0.366933
14:51:54  Epoch 48600 | train 0.133588 | val 0.367951
14:51:54  Epoch 48800 | train 0.133168 | val 0.368216
14:51:54  Epoch 49000 | train 0.134147 | val 0.369639
14:51:55  Epoch 49200 | train 0.132899 | val 0.368737
14:51:55  Epoch 49400 | train 0.131235 | val 0.365033
14:51:55  Epoch 49600 | train 0.141169 | val 0.381436
14:51:55  Epoch 49800 | train 0.130270 | val 0.365489
14:51:56  Epoch 50000 | train 0.131094 | val 0.366671
14:51:56  === Pruning ===
14:51:56    Layer 0: silent=0  redundant=15  | removed=15  remaining=49
14:51:56    Layer 1: silent=5  redundant=0  | removed=5  remaining=59
14:51:56    Total removed: 20
14:51:56  === Efficiency: original vs pruned ===
14:51:56    Parameters :   12,865  →    11,215   (12.8% reduction)
14:51:56    Model size :    50.25 KB  →     43.81 KB
14:51:56    FLOPs      :   25,216  →    21,956   (12.9% reduction)
14:51:56    Infer time :    36.35 µs  →     31.05 µs   (14.6% faster)
14:51:56  === Fine-tuning ===
14:51:56  Epoch  200 | train 0.184170 | val 0.293445
14:51:56  Epoch  400 | train 0.168976 | val 0.291821
14:51:57  Epoch  600 | train 0.164808 | val 0.288175
14:51:57  Epoch  800 | train 0.163585 | val 0.280715
14:51:57  Epoch 1000 | train 0.163643 | val 0.276456
14:51:57  Epoch 1200 | train 0.163948 | val 0.277669
14:51:58  Epoch 1400 | train 0.164738 | val 0.275012
14:51:58  Epoch 1600 | train 0.165030 | val 0.276007
14:51:58  Epoch 1800 | train 0.167438 | val 0.274562
14:51:59  Epoch 2000 | train 0.170183 | val 0.271850
14:51:59  Epoch 2200 | train 0.172219 | val 0.270594
14:51:59  Epoch 2400 | train 0.175627 | val 0.270336
14:51:59  Epoch 2600 | train 0.179512 | val 0.271123
14:52:00  Epoch 2800 | train 0.183596 | val 0.269684
14:52:00  Epoch 3000 | train 0.186734 | val 0.269776
14:52:00  Epoch 3200 | train 0.189790 | val 0.267307
14:52:01  Epoch 3400 | train 0.192101 | val 0.260753
14:52:01  Epoch 3600 | train 0.195316 | val 0.259577
14:52:01  Epoch 3800 | train 0.197790 | val 0.259415
14:52:01  Epoch 4000 | train 0.198565 | val 0.259629
14:52:02  Epoch 4200 | train 0.200915 | val 0.258035
14:52:02  Epoch 4400 | train 0.203350 | val 0.255379
14:52:02  Epoch 4600 | train 0.206360 | val 0.253924
14:52:03  Epoch 4800 | train 0.209507 | val 0.251703
14:52:03  Epoch 5000 | train 0.213000 | val 0.249673
14:52:03  Epoch 5200 | train 0.216016 | val 0.246814
14:52:04  Epoch 5400 | train 0.218996 | val 0.247616
14:52:04  Epoch 5600 | train 0.221596 | val 0.248086
14:52:04  Epoch 5800 | train 0.223729 | val 0.247445
14:52:04  Epoch 6000 | train 0.226880 | val 0.247730
14:52:05  Epoch 6200 | train 0.230009 | val 0.247257
14:52:05  Epoch 6400 | train 0.233092 | val 0.246158
14:52:05  Epoch 6600 | train 0.236162 | val 0.245205
14:52:06  Epoch 6800 | train 0.238707 | val 0.243784
14:52:06  Epoch 7000 | train 0.241553 | val 0.241552
14:52:06  Epoch 7200 | train 0.243519 | val 0.238970
14:52:07  Epoch 7400 | train 0.246820 | val 0.238898
14:52:07  Epoch 7600 | train 0.250265 | val 0.238628
14:52:07  Epoch 7800 | train 0.250307 | val 0.232740
14:52:07  Epoch 8000 | train 0.252608 | val 0.231794
14:52:08  Epoch 8200 | train 0.254944 | val 0.230064
14:52:08  Epoch 8400 | train 0.257245 | val 0.229045
14:52:08  Epoch 8600 | train 0.259507 | val 0.227836
14:52:09  Epoch 8800 | train 0.261669 | val 0.226928
14:52:09  Epoch 9000 | train 0.263514 | val 0.225576
14:52:09  Epoch 9200 | train 0.264956 | val 0.224372
14:52:09  Epoch 9400 | train 0.265833 | val 0.222766
14:52:10  Epoch 9600 | train 0.266300 | val 0.222397
14:52:10  Epoch 9800 | train 0.266605 | val 0.223556
14:52:10  Epoch 10000 | train 0.267355 | val 0.223872
14:52:11  Epoch 10200 | train 0.268132 | val 0.223459
14:52:11  Epoch 10400 | train 0.268632 | val 0.223006
14:52:11  Epoch 10600 | train 0.268660 | val 0.222169
14:52:11  Epoch 10800 | train 0.268589 | val 0.221016
14:52:12  Epoch 11000 | train 0.268202 | val 0.219709
14:52:12  Epoch 11200 | train 0.267260 | val 0.218349
14:52:12  Epoch 11400 | train 0.266311 | val 0.217095
14:52:13  Epoch 11600 | train 0.265483 | val 0.215914
14:52:13  Epoch 11800 | train 0.264589 | val 0.214986
14:52:13  Epoch 12000 | train 0.263645 | val 0.214027
14:52:14  Epoch 12200 | train 0.262683 | val 0.213128
14:52:14  Epoch 12400 | train 0.261682 | val 0.212190
14:52:14  Epoch 12600 | train 0.260620 | val 0.210966
14:52:15  Epoch 12800 | train 0.259541 | val 0.209910
14:52:15  Epoch 13000 | train 0.258614 | val 0.209055
14:52:16  Epoch 13200 | train 0.257820 | val 0.208504
14:52:16  Epoch 13400 | train 0.257209 | val 0.208226
14:52:17  Epoch 13600 | train 0.256683 | val 0.207744
14:52:17  Epoch 13800 | train 0.256270 | val 0.207479
14:52:18  Epoch 14000 | train 0.255916 | val 0.207385
14:52:18  Epoch 14200 | train 0.255595 | val 0.207085
14:52:19  Epoch 14400 | train 0.255311 | val 0.206704
14:52:20  Epoch 14600 | train 0.255081 | val 0.206472
14:52:20  Epoch 14800 | train 0.254918 | val 0.206484
14:52:21  Epoch 15000 | train 0.254751 | val 0.206436
14:52:22  Epoch 15200 | train 0.254622 | val 0.206368
14:52:22  Epoch 15400 | train 0.254512 | val 0.206029
14:52:23  Epoch 15600 | train 0.254440 | val 0.206118
14:52:24  Epoch 15800 | train 0.254362 | val 0.205875
14:52:24  Epoch 16000 | train 0.254324 | val 0.206056
14:52:25  Epoch 16200 | train 0.254278 | val 0.205949
14:52:26  Epoch 16400 | train 0.254219 | val 0.205568
14:52:26  Epoch 16600 | train 0.254184 | val 0.205685
14:52:27  Epoch 16800 | train 0.254109 | val 0.205653
14:52:28  Epoch 17000 | train 0.254112 | val 0.205565
14:52:29  Epoch 17200 | train 0.254079 | val 0.205523
14:52:29  Epoch 17400 | train 0.254046 | val 0.205408
14:52:30  Epoch 17600 | train 0.254030 | val 0.205406
14:52:31  Epoch 17800 | train 0.254000 | val 0.205240
14:52:31  Epoch 18000 | train 0.253980 | val 0.205146
14:52:32  Epoch 18200 | train 0.253949 | val 0.205189
14:52:33  Epoch 18400 | train 0.253923 | val 0.205072
14:52:33  Epoch 18600 | train 0.253900 | val 0.205070
14:52:34  Epoch 18800 | train 0.253892 | val 0.205084
14:52:35  Epoch 19000 | train 0.253875 | val 0.205033
14:52:35  Epoch 19200 | train 0.253863 | val 0.204937
14:52:36  Epoch 19400 | train 0.253853 | val 0.205280
14:52:36  Epoch 19600 | train 0.253834 | val 0.204943
14:52:36  Epoch 19800 | train 0.253843 | val 0.204773
14:52:37  Epoch 20000 | train 0.253833 | val 0.204924
14:52:37  Epoch 20200 | train 0.253828 | val 0.204726
14:52:38  Epoch 20400 | train 0.253818 | val 0.204702
14:52:38  Epoch 20600 | train 0.253842 | val 0.205010
14:52:38  Epoch 20800 | train 0.253839 | val 0.204867
14:52:39  Epoch 21000 | train 0.253830 | val 0.204814
14:52:39  Epoch 21200 | train 0.253820 | val 0.204607
14:52:39  Epoch 21400 | train 0.253815 | val 0.204740
14:52:40  Epoch 21600 | train 0.253824 | val 0.204417
14:52:40  Epoch 21800 | train 0.253834 | val 0.204507
14:52:40  Epoch 22000 | train 0.253801 | val 0.204434
14:52:40  Epoch 22200 | train 0.253789 | val 0.204406
14:52:41  Epoch 22400 | train 0.253794 | val 0.204535
14:52:41  Epoch 22600 | train 0.253823 | val 0.204432
14:52:41  Epoch 22800 | train 0.253815 | val 0.204370
14:52:42  Epoch 23000 | train 0.253803 | val 0.204426
14:52:42  Epoch 23200 | train 0.253800 | val 0.204509
14:52:42  Epoch 23400 | train 0.253804 | val 0.204326
14:52:42  Epoch 23600 | train 0.253769 | val 0.204205
14:52:43  Epoch 23800 | train 0.253795 | val 0.204287
14:52:43  Epoch 24000 | train 0.253798 | val 0.204425
14:52:43  Epoch 24200 | train 0.253804 | val 0.204217
14:52:44  Epoch 24400 | train 0.253770 | val 0.204006
14:52:44  Epoch 24600 | train 0.253790 | val 0.204017
14:52:44  Epoch 24800 | train 0.253768 | val 0.204026
14:52:44  Epoch 25000 | train 0.253800 | val 0.204080
14:52:45  Epoch 25200 | train 0.253774 | val 0.203969
14:52:45  Epoch 25400 | train 0.253785 | val 0.203822
14:52:45  Epoch 25600 | train 0.253769 | val 0.204011
14:52:46  Epoch 25800 | train 0.253784 | val 0.204200
14:52:46  Epoch 26000 | train 0.253769 | val 0.204022
14:52:46  Epoch 26200 | train 0.253788 | val 0.203906
14:52:46  Epoch 26400 | train 0.253767 | val 0.203946
14:52:47  Epoch 26600 | train 0.253780 | val 0.204046
14:52:47  Epoch 26800 | train 0.253785 | val 0.203911
14:52:47  Epoch 27000 | train 0.253770 | val 0.203897
14:52:47  Epoch 27200 | train 0.253788 | val 0.204125
14:52:48  Epoch 27400 | train 0.253798 | val 0.203812
14:52:48  Epoch 27600 | train 0.253771 | val 0.203739
14:52:48  Epoch 27800 | train 0.253797 | val 0.203917
14:52:49  Epoch 28000 | train 0.253754 | val 0.203590
14:52:49  Epoch 28200 | train 0.253770 | val 0.203780
14:52:49  Epoch 28400 | train 0.253777 | val 0.203785
14:52:50  Epoch 28600 | train 0.253786 | val 0.203810
14:52:50  Epoch 28800 | train 0.253775 | val 0.203479
14:52:50  Epoch 29000 | train 0.253779 | val 0.203677
14:52:50  Epoch 29200 | train 0.253783 | val 0.203831
14:52:51  Epoch 29400 | train 0.253786 | val 0.203478
14:52:51  Epoch 29600 | train 0.253777 | val 0.203615
14:52:51  Epoch 29800 | train 0.253784 | val 0.203469
14:52:52  Epoch 30000 | train 0.253778 | val 0.203463
14:52:52  Epoch 30200 | train 0.253788 | val 0.203444
14:52:52  Epoch 30400 | train 0.253790 | val 0.203590
14:52:52  Epoch 30600 | train 0.253823 | val 0.203586
14:52:53  Epoch 30800 | train 0.253810 | val 0.203313
14:52:53  Epoch 31000 | train 0.253798 | val 0.203371
14:52:53  Epoch 31200 | train 0.253799 | val 0.203426
14:52:53  Epoch 31400 | train 0.253805 | val 0.203348
14:52:54  Epoch 31600 | train 0.253801 | val 0.203317
14:52:54  Epoch 31800 | train 0.253804 | val 0.203394
14:52:54  Epoch 32000 | train 0.253809 | val 0.203422
14:52:55  Epoch 32200 | train 0.253822 | val 0.203397
14:52:55  Epoch 32400 | train 0.253828 | val 0.203328
14:52:55  Epoch 32600 | train 0.253823 | val 0.203300
14:52:55  Epoch 32800 | train 0.253831 | val 0.203324
14:52:56  Epoch 33000 | train 0.253831 | val 0.203524
14:52:56  Epoch 33200 | train 0.253840 | val 0.203383
14:52:56  Epoch 33400 | train 0.253851 | val 0.203250
14:52:57  Epoch 33600 | train 0.253823 | val 0.203211
14:52:57  Epoch 33800 | train 0.253838 | val 0.203315
14:52:57  Epoch 34000 | train 0.253840 | val 0.203245
14:52:57  Epoch 34200 | train 0.253812 | val 0.203257
14:52:58  Epoch 34400 | train 0.253843 | val 0.203296
14:52:58  Epoch 34600 | train 0.253836 | val 0.203138
14:52:58  Epoch 34800 | train 0.253844 | val 0.203399
14:52:59  Epoch 35000 | train 0.253845 | val 0.203261
14:52:59  Epoch 35200 | train 0.253839 | val 0.203444
14:52:59  Epoch 35400 | train 0.253828 | val 0.203212
14:52:59  Epoch 35600 | train 0.253825 | val 0.203226
14:53:00  Epoch 35800 | train 0.253829 | val 0.203110
14:53:00  Epoch 36000 | train 0.253831 | val 0.203158
14:53:00  Epoch 36200 | train 0.253834 | val 0.203053
14:53:00  Epoch 36400 | train 0.253843 | val 0.203183
14:53:01  Epoch 36600 | train 0.253852 | val 0.203291
14:53:01  Epoch 36800 | train 0.253850 | val 0.203182
14:53:01  Epoch 37000 | train 0.253837 | val 0.203318
14:53:02  Epoch 37200 | train 0.253836 | val 0.203073
14:53:02  Epoch 37400 | train 0.253847 | val 0.203169
14:53:02  Epoch 37600 | train 0.253838 | val 0.203137
14:53:02  Epoch 37800 | train 0.253856 | val 0.203064
14:53:03  Epoch 38000 | train 0.253865 | val 0.203200
14:53:03  Epoch 38200 | train 0.253858 | val 0.203081
14:53:03  Epoch 38400 | train 0.253853 | val 0.203124
14:53:04  Epoch 38600 | train 0.253861 | val 0.203197
14:53:04  Epoch 38800 | train 0.253821 | val 0.203046
14:53:04  Epoch 39000 | train 0.253843 | val 0.202975
14:53:04  Epoch 39200 | train 0.253842 | val 0.203038
14:53:05  Epoch 39400 | train 0.253855 | val 0.203024
14:53:05  Epoch 39600 | train 0.253867 | val 0.203024
14:53:05  Epoch 39800 | train 0.253867 | val 0.203044
14:53:05  Epoch 40000 | train 0.253866 | val 0.203103
14:53:06  Epoch 40200 | train 0.253856 | val 0.202954
14:53:06  Epoch 40400 | train 0.253855 | val 0.203092
14:53:06  Epoch 40600 | train 0.253860 | val 0.203033
14:53:07  Epoch 40800 | train 0.253864 | val 0.202864
14:53:07  Epoch 41000 | train 0.253874 | val 0.203187
14:53:07  Epoch 41200 | train 0.253879 | val 0.202875
14:53:07  Epoch 41400 | train 0.253883 | val 0.202992
14:53:08  Epoch 41600 | train 0.253878 | val 0.203136
14:53:08  Epoch 41800 | train 0.253875 | val 0.203044
14:53:08  Epoch 42000 | train 0.253881 | val 0.203076
14:53:09  Epoch 42200 | train 0.253884 | val 0.202951
14:53:09  Epoch 42400 | train 0.253873 | val 0.203033
14:53:09  Epoch 42600 | train 0.253881 | val 0.203052
14:53:09  Epoch 42800 | train 0.253884 | val 0.202929
14:53:10  Epoch 43000 | train 0.253898 | val 0.203061
14:53:10  Epoch 43200 | train 0.253876 | val 0.203010
14:53:10  Epoch 43400 | train 0.253891 | val 0.203107
14:53:11  Epoch 43600 | train 0.253897 | val 0.203117
14:53:11  Epoch 43800 | train 0.253884 | val 0.202910
14:53:11  Epoch 44000 | train 0.253892 | val 0.203006
14:53:12  Epoch 44200 | train 0.253891 | val 0.202789
14:53:12  Epoch 44400 | train 0.253892 | val 0.202879
14:53:12  Epoch 44600 | train 0.253874 | val 0.202806
14:53:12  Epoch 44800 | train 0.253882 | val 0.202944
14:53:13  Epoch 45000 | train 0.253890 | val 0.203089
14:53:13  Epoch 45200 | train 0.253892 | val 0.202936
14:53:13  Epoch 45400 | train 0.253899 | val 0.202895
14:53:14  Epoch 45600 | train 0.253896 | val 0.202847
14:53:14  Epoch 45800 | train 0.253902 | val 0.203044
14:53:14  Epoch 46000 | train 0.253900 | val 0.202900
14:53:14  Epoch 46200 | train 0.253883 | val 0.202740
14:53:15  Epoch 46400 | train 0.253893 | val 0.202885
14:53:15  Epoch 46600 | train 0.253890 | val 0.202830
14:53:15  Epoch 46800 | train 0.253901 | val 0.202911
14:53:16  Epoch 47000 | train 0.253898 | val 0.202929
14:53:16  Epoch 47200 | train 0.253887 | val 0.202980
14:53:16  Epoch 47400 | train 0.253883 | val 0.202861
14:53:17  Epoch 47600 | train 0.253902 | val 0.202845
14:53:17  Epoch 47800 | train 0.253911 | val 0.203088
14:53:17  Epoch 48000 | train 0.253895 | val 0.202958
14:53:17  Epoch 48200 | train 0.253910 | val 0.203014
14:53:18  Epoch 48400 | train 0.253911 | val 0.203009
14:53:18  Epoch 48600 | train 0.253895 | val 0.203046
14:53:19  Epoch 48800 | train 0.253904 | val 0.202993
14:53:19  Epoch 49000 | train 0.253913 | val 0.203137
14:53:19  Epoch 49200 | train 0.253890 | val 0.202857
14:53:19  Epoch 49400 | train 0.253898 | val 0.202877
14:53:20  Epoch 49600 | train 0.253901 | val 0.203027
14:53:20  Epoch 49800 | train 0.253890 | val 0.202879
14:53:20  Epoch 50000 | train 0.253897 | val 0.202872
14:53:20  === Efficiency: original vs fine-tuned ===
14:53:20    Parameters :   12,865  →    11,215   (12.8% reduction)
14:53:20    Model size :    50.25 KB  →     43.81 KB
14:53:20    FLOPs      :   25,216  →    21,956   (12.9% reduction)
14:53:20    Infer time :    38.97 µs  →     33.61 µs   (13.8% faster)
14:53:20  Saved results to /home/amirabbas-kazeminia/Projects/pruning/outputs/square_resnet/811f9a64/61f2ad28/144ef657/results.json
14:53:21  Saved pruning summary to /home/amirabbas-kazeminia/Projects/pruning/outputs/square_resnet/811f9a64/61f2ad28/144ef657/pruning_summary.png
