14:18:50  Output dir : /home/amirabbas-kazeminia/Projects/pruning/outputs/circle_resnet/672a250b/2e26e87f/51153fd1
14:18:50  Log dir    : /home/amirabbas-kazeminia/Projects/pruning/logs/circle_resnet/672a250b/2e26e87f/51153fd1
14:18:50  Model: ResNet(
  (blocks): ModuleList(
    (0): ResidualBlock(
      (branch): Sequential(
        (0): Linear(in_features=2, out_features=128, bias=True)
        (1): ReLU()
        (2): Linear(in_features=128, out_features=128, bias=True)
      )
      (shortcut): Linear(in_features=2, out_features=128, bias=False)
      (relu): ReLU()
    )
    (1-2): 2 x ResidualBlock(
      (branch): Sequential(
        (0): Linear(in_features=128, out_features=128, bias=True)
        (1): ReLU()
        (2): Linear(in_features=128, out_features=128, bias=True)
      )
      (shortcut): Identity()
      (relu): ReLU()
    )
  )
  (head): Linear(in_features=128, out_features=1, bias=True)
)
14:18:50  Fitting circle(x) with 83329 parameters
14:18:50  === Training ===
14:18:52  Epoch   50 | train 0.558546 | val 0.611853
14:18:53  Epoch  100 | train 0.521887 | val 0.609227
14:18:53  Epoch  150 | train 0.494649 | val 0.610185
14:18:53  Epoch  200 | train 0.471896 | val 0.610235
14:18:53  Epoch  250 | train 0.452120 | val 0.608570
14:18:53  Epoch  300 | train 0.434257 | val 0.605453
14:18:53  Epoch  350 | train 0.417666 | val 0.601567
14:18:53  Epoch  400 | train 0.402451 | val 0.597987
14:18:54  Epoch  450 | train 0.388496 | val 0.594312
14:18:54  Epoch  500 | train 0.375760 | val 0.591186
14:18:54  Epoch  550 | train 0.364084 | val 0.587585
14:18:54  Epoch  600 | train 0.353242 | val 0.583771
14:18:54  Epoch  650 | train 0.343101 | val 0.579966
14:18:54  Epoch  700 | train 0.333716 | val 0.576977
14:18:54  Epoch  750 | train 0.325090 | val 0.573543
14:18:54  Epoch  800 | train 0.317189 | val 0.572446
14:18:55  Epoch  850 | train 0.309782 | val 0.571600
14:18:55  Epoch  900 | train 0.302669 | val 0.571419
14:18:55  Epoch  950 | train 0.296338 | val 0.571541
14:18:55  Epoch 1000 | train 0.290421 | val 0.573796
14:18:55  Epoch 1050 | train 0.285669 | val 0.578283
14:18:55  Epoch 1100 | train 0.282791 | val 0.589024
14:18:55  Epoch 1150 | train 0.286167 | val 0.618594
14:18:55  Epoch 1200 | train 0.323971 | val 0.722535
14:18:56  Epoch 1250 | train 0.378598 | val 0.830060
14:18:56  Epoch 1300 | train 0.315093 | val 0.709787
14:18:56  Epoch 1350 | train 0.295351 | val 0.673602
14:18:56  Epoch 1400 | train 0.304184 | val 0.700925
14:18:56  Epoch 1450 | train 0.320290 | val 0.739439
14:18:56  Epoch 1500 | train 0.313977 | val 0.730327
14:18:56  Epoch 1550 | train 0.299434 | val 0.704416
14:18:57  Epoch 1600 | train 0.295432 | val 0.700852
14:18:57  Epoch 1650 | train 0.297578 | val 0.710026
14:18:57  Epoch 1700 | train 0.295284 | val 0.709114
14:18:57  Epoch 1750 | train 0.289540 | val 0.701113
14:18:57  Epoch 1800 | train 0.288576 | val 0.702625
14:18:57  Epoch 1850 | train 0.289401 | val 0.707593
14:18:57  Epoch 1900 | train 0.287668 | val 0.706664
14:18:57  Epoch 1950 | train 0.282881 | val 0.699817
14:18:58  Epoch 2000 | train 0.279598 | val 0.695444
14:18:58  Epoch 2050 | train 0.280573 | val 0.700644
14:18:58  Epoch 2100 | train 0.279587 | val 0.701501
14:18:58  Epoch 2150 | train 0.276005 | val 0.696028
14:18:58  Epoch 2200 | train 0.273375 | val 0.693586
14:18:58  Epoch 2250 | train 0.272560 | val 0.694922
14:18:58  Epoch 2300 | train 0.272231 | val 0.696471
14:18:59  Epoch 2350 | train 0.270737 | val 0.696459
14:18:59  Epoch 2400 | train 0.268759 | val 0.694982
14:18:59  Epoch 2450 | train 0.267448 | val 0.694242
14:18:59  Epoch 2500 | train 0.266455 | val 0.694344
14:18:59  Epoch 2550 | train 0.267393 | val 0.699749
14:18:59  Epoch 2600 | train 0.265368 | val 0.697097
14:18:59  Epoch 2650 | train 0.263876 | val 0.696717
14:18:59  Epoch 2700 | train 0.263204 | val 0.697178
14:19:00  Epoch 2750 | train 0.260411 | val 0.693717
14:19:00  Epoch 2800 | train 0.259629 | val 0.694931
14:19:00  Epoch 2850 | train 0.259132 | val 0.695997
14:19:00  Epoch 2900 | train 0.258708 | val 0.697117
14:19:00  Epoch 2950 | train 0.257479 | val 0.697120
14:19:00  Epoch 3000 | train 0.255424 | val 0.694771
14:19:00  Epoch 3050 | train 0.255056 | val 0.696317
14:19:00  Epoch 3100 | train 0.255285 | val 0.699294
14:19:01  Epoch 3150 | train 0.254673 | val 0.699555
14:19:01  Epoch 3200 | train 0.253500 | val 0.698886
14:19:01  Epoch 3250 | train 0.251339 | val 0.696477
14:19:01  Epoch 3300 | train 0.250369 | val 0.696762
14:19:01  Epoch 3350 | train 0.249476 | val 0.696532
14:19:01  Epoch 3400 | train 0.250111 | val 0.701188
14:19:01  Epoch 3450 | train 0.246561 | val 0.694655
14:19:02  Epoch 3500 | train 0.247341 | val 0.698949
14:19:02  Epoch 3550 | train 0.250110 | val 0.707514
14:19:02  Epoch 3600 | train 0.249449 | val 0.708156
14:19:02  Epoch 3650 | train 0.247200 | val 0.705659
14:19:02  Epoch 3700 | train 0.246894 | val 0.706647
14:19:02  Epoch 3750 | train 0.246598 | val 0.707916
14:19:02  Epoch 3800 | train 0.246750 | val 0.710518
14:19:02  Epoch 3850 | train 0.246364 | val 0.711936
14:19:03  Epoch 3900 | train 0.245168 | val 0.710778
14:19:03  Epoch 3950 | train 0.244447 | val 0.710785
14:19:03  Epoch 4000 | train 0.244105 | val 0.712212
14:19:03  Epoch 4050 | train 0.244335 | val 0.714770
14:19:03  Epoch 4100 | train 0.244851 | val 0.717282
14:19:03  Epoch 4150 | train 0.243999 | val 0.718073
14:19:03  Epoch 4200 | train 0.244121 | val 0.720327
14:19:04  Epoch 4250 | train 0.243626 | val 0.720760
14:19:04  Epoch 4300 | train 0.242888 | val 0.720786
14:19:04  Epoch 4350 | train 0.241991 | val 0.720160
14:19:04  Epoch 4400 | train 0.241711 | val 0.721834
14:19:04  Epoch 4450 | train 0.243286 | val 0.726651
14:19:04  Epoch 4500 | train 0.242596 | val 0.727534
14:19:04  Epoch 4550 | train 0.241382 | val 0.725969
14:19:04  Epoch 4600 | train 0.240340 | val 0.725806
14:19:05  Epoch 4650 | train 0.240817 | val 0.728574
14:19:05  Epoch 4700 | train 0.241114 | val 0.731603
14:19:05  Epoch 4750 | train 0.240200 | val 0.731341
14:19:05  Epoch 4800 | train 0.238539 | val 0.729220
14:19:05  Epoch 4850 | train 0.238307 | val 0.730240
14:19:05  Epoch 4900 | train 0.239727 | val 0.735366
14:19:05  Epoch 4950 | train 0.239655 | val 0.736634
14:19:05  Epoch 5000 | train 0.239399 | val 0.736794
14:19:05  === Pruning ===
14:19:05    Layer 0: silent=0  redundant=61  | removed=61  remaining=67
14:19:06    Layer 1: silent=5  redundant=0  | removed=5  remaining=123
14:19:06    Layer 2: silent=5  redundant=0  | removed=5  remaining=123
14:19:06    Total removed: 71
14:19:06  === Efficiency: original vs pruned ===
14:19:06    Parameters :   83,329  →    72,768   (12.7% reduction)
14:19:06    Model size :   325.50 KB  →    284.25 KB
14:19:06    FLOPs      :  165,120  →   144,140   (12.7% reduction)
14:19:06    Infer time :    52.01 µs  →     81.42 µs   (-56.5% faster)
14:19:06  === Fine-tuning ===
14:19:06  Epoch   50 | train 0.266691 | val 0.576488
14:19:06  Epoch  100 | train 0.238486 | val 0.620140
14:19:06  Epoch  150 | train 0.224511 | val 0.625823
14:19:07  Epoch  200 | train 0.214285 | val 0.638623
14:19:07  Epoch  250 | train 0.206213 | val 0.655647
14:19:07  Epoch  300 | train 0.198646 | val 0.671579
14:19:07  Epoch  350 | train 0.190319 | val 0.682049
14:19:07  Epoch  400 | train 0.181573 | val 0.702128
14:19:07  Epoch  450 | train 0.173029 | val 0.718322
14:19:08  Epoch  500 | train 0.164244 | val 0.734751
14:19:08  Epoch  550 | train 0.155269 | val 0.752706
14:19:08  Epoch  600 | train 0.145959 | val 0.777577
14:19:08  Epoch  650 | train 0.137144 | val 0.798149
14:19:08  Epoch  700 | train 0.128421 | val 0.820589
14:19:09  Epoch  750 | train 0.119978 | val 0.858122
14:19:09  Epoch  800 | train 0.112340 | val 0.889811
14:19:09  Epoch  850 | train 0.105161 | val 0.932674
14:19:09  Epoch  900 | train 0.098314 | val 0.982276
14:19:09  Epoch  950 | train 0.092296 | val 1.028294
14:19:10  Epoch 1000 | train 0.086838 | val 1.061972
14:19:10  Epoch 1050 | train 0.082069 | val 1.108531
14:19:10  Epoch 1100 | train 0.077107 | val 1.146320
14:19:10  Epoch 1150 | train 0.073065 | val 1.180886
14:19:10  Epoch 1200 | train 0.068395 | val 1.201545
14:19:11  Epoch 1250 | train 0.063477 | val 1.253884
14:19:11  Epoch 1300 | train 0.060355 | val 1.316540
14:19:11  Epoch 1350 | train 0.055161 | val 1.334382
14:19:11  Epoch 1400 | train 0.050845 | val 1.381017
14:19:11  Epoch 1450 | train 0.048382 | val 1.511639
14:19:12  Epoch 1500 | train 0.043127 | val 1.529025
14:19:12  Epoch 1550 | train 0.039970 | val 1.581921
14:19:12  Epoch 1600 | train 0.037496 | val 1.652994
14:19:12  Epoch 1650 | train 0.034756 | val 1.698216
14:19:12  Epoch 1700 | train 0.032852 | val 1.731193
14:19:13  Epoch 1750 | train 0.031443 | val 1.778488
14:19:13  Epoch 1800 | train 0.030316 | val 1.763944
14:19:13  Epoch 1850 | train 0.029120 | val 1.818972
14:19:13  Epoch 1900 | train 0.028410 | val 1.878908
14:19:13  Epoch 1950 | train 0.027389 | val 1.868480
14:19:14  Epoch 2000 | train 0.026815 | val 1.907241
14:19:14  Epoch 2050 | train 0.026169 | val 1.903036
14:19:14  Epoch 2100 | train 0.027567 | val 1.952113
14:19:14  Epoch 2150 | train 0.025455 | val 1.927762
14:19:14  Epoch 2200 | train 0.025388 | val 1.920761
14:19:15  Epoch 2250 | train 0.024575 | val 1.948349
14:19:15  Epoch 2300 | train 0.024348 | val 1.917467
14:19:15  Epoch 2350 | train 0.023949 | val 1.946898
14:19:15  Epoch 2400 | train 0.023909 | val 1.941793
14:19:15  Epoch 2450 | train 0.023694 | val 1.984062
14:19:16  Epoch 2500 | train 0.023168 | val 1.968557
14:19:16  Epoch 2550 | train 0.023162 | val 1.956394
14:19:16  Epoch 2600 | train 0.023459 | val 1.942857
14:19:16  Epoch 2650 | train 0.026721 | val 1.910855
14:19:17  Epoch 2700 | train 0.022273 | val 1.976414
14:19:17  Epoch 2750 | train 0.021872 | val 1.947916
14:19:17  Epoch 2800 | train 0.021791 | val 1.925923
14:19:17  Epoch 2850 | train 0.021995 | val 1.950095
14:19:17  Epoch 2900 | train 0.021390 | val 1.947848
14:19:18  Epoch 2950 | train 0.021143 | val 1.938452
14:19:18  Epoch 3000 | train 0.020539 | val 1.906344
14:19:18  Epoch 3050 | train 0.020101 | val 1.882582
14:19:18  Epoch 3100 | train 0.019789 | val 1.886167
14:19:18  Epoch 3150 | train 0.019505 | val 1.875204
14:19:19  Epoch 3200 | train 0.021400 | val 1.837530
14:19:19  Epoch 3250 | train 0.018848 | val 1.882269
14:19:19  Epoch 3300 | train 0.019036 | val 1.910707
14:19:19  Epoch 3350 | train 0.018197 | val 1.873136
14:19:19  Epoch 3400 | train 0.017836 | val 1.863714
14:19:20  Epoch 3450 | train 0.017198 | val 1.894971
14:19:20  Epoch 3500 | train 0.017133 | val 1.901935
14:19:20  Epoch 3550 | train 0.018923 | val 1.830218
14:19:20  Epoch 3600 | train 0.016176 | val 1.907152
14:19:20  Epoch 3650 | train 0.016254 | val 1.854555
14:19:21  Epoch 3700 | train 0.014763 | val 1.891983
14:19:21  Epoch 3750 | train 0.014333 | val 1.881287
14:19:21  Epoch 3800 | train 0.013763 | val 1.869095
14:19:21  Epoch 3850 | train 0.013333 | val 1.869452
14:19:22  Epoch 3900 | train 0.012888 | val 1.900513
14:19:22  Epoch 3950 | train 0.017507 | val 1.823645
14:19:22  Epoch 4000 | train 0.011707 | val 1.890020
14:19:22  Epoch 4050 | train 0.013301 | val 1.867193
14:19:22  Epoch 4100 | train 0.010605 | val 1.897086
14:19:23  Epoch 4150 | train 0.011411 | val 1.869807
14:19:23  Epoch 4200 | train 0.009591 | val 1.916684
14:19:23  Epoch 4250 | train 0.008997 | val 1.908197
14:19:23  Epoch 4300 | train 0.008834 | val 1.894827
14:19:23  Epoch 4350 | train 0.016184 | val 2.001923
14:19:24  Epoch 4400 | train 0.007373 | val 1.922891
14:19:24  Epoch 4450 | train 0.013050 | val 1.851200
14:19:24  Epoch 4500 | train 0.006387 | val 1.912436
14:19:24  Epoch 4550 | train 0.006442 | val 1.899640
14:19:24  Epoch 4600 | train 0.005480 | val 1.918336
14:19:25  Epoch 4650 | train 0.006889 | val 1.969645
14:19:25  Epoch 4700 | train 0.004690 | val 1.960618
14:19:25  Epoch 4750 | train 0.014308 | val 1.864749
14:19:25  Epoch 4800 | train 0.003617 | val 1.948586
14:19:26  Epoch 4850 | train 0.003230 | val 1.965185
14:19:26  Epoch 4900 | train 0.002879 | val 1.978532
14:19:26  Epoch 4950 | train 0.002574 | val 1.987069
14:19:26  Epoch 5000 | train 0.002210 | val 1.976775
14:19:26  Epoch 5050 | train 0.002290 | val 2.005254
14:19:27  Epoch 5100 | train 0.001750 | val 1.988241
14:19:27  Epoch 5150 | train 0.001578 | val 2.017713
14:19:27  Epoch 5200 | train 0.002133 | val 2.043859
14:19:27  Epoch 5250 | train 0.001556 | val 1.978721
14:19:27  Epoch 5300 | train 0.001009 | val 2.009105
14:19:28  Epoch 5350 | train 0.001330 | val 2.044753
14:19:28  Epoch 5400 | train 0.001392 | val 2.060803
14:19:28  Epoch 5450 | train 0.000545 | val 2.022865
14:19:28  Epoch 5500 | train 0.000688 | val 2.008351
14:19:29  Epoch 5550 | train 0.000535 | val 2.015100
14:19:29  Epoch 5600 | train 0.001258 | val 2.008738
14:19:29  Epoch 5650 | train 0.000247 | val 2.037967
14:19:29  Epoch 5700 | train 0.002388 | val 1.989534
14:19:29  Epoch 5750 | train 0.000494 | val 2.071487
14:19:30  Epoch 5800 | train 0.005284 | val 2.148341
14:19:30  Epoch 5850 | train 0.000355 | val 2.062945
14:19:30  Epoch 5900 | train 0.000191 | val 2.065250
14:19:30  Epoch 5950 | train 0.000940 | val 2.014728
14:19:30  Epoch 6000 | train 0.000282 | val 2.038841
14:19:31  Epoch 6050 | train 0.000418 | val 2.053920
14:19:31  Epoch 6100 | train 0.000071 | val 2.066915
14:19:31  Epoch 6150 | train 0.000889 | val 2.017178
14:19:31  Epoch 6200 | train 0.000052 | val 2.061766
14:19:32  Epoch 6250 | train 0.000087 | val 2.053240
14:19:32  Epoch 6300 | train 0.001539 | val 2.107333
14:19:32  Epoch 6350 | train 0.000567 | val 2.013761
14:19:32  Epoch 6400 | train 0.000173 | val 2.068708
14:19:32  Epoch 6450 | train 0.000555 | val 2.078892
14:19:33  Epoch 6500 | train 0.000728 | val 2.017397
14:19:33  Epoch 6550 | train 0.000006 | val 2.054774
14:19:33  Epoch 6600 | train 0.000413 | val 2.035191
14:19:33  Epoch 6650 | train 0.000487 | val 2.083898
14:19:33  Epoch 6700 | train 0.000153 | val 2.023022
14:19:34  Epoch 6750 | train 0.000142 | val 2.039233
14:19:34  Epoch 6800 | train 0.000217 | val 2.073903
14:19:34  Epoch 6850 | train 0.000301 | val 2.033910
14:19:34  Epoch 6900 | train 0.002441 | val 2.003956
14:19:35  Epoch 6950 | train 0.000019 | val 2.058674
14:19:35  Epoch 7000 | train 0.000550 | val 2.031213
14:19:35  Epoch 7050 | train 0.000002 | val 2.052135
14:19:35  Epoch 7100 | train 0.000785 | val 2.018220
14:19:36  Epoch 7150 | train 0.000009 | val 2.050191
14:19:36  Epoch 7200 | train 0.001797 | val 1.999364
14:19:36  Epoch 7250 | train 0.000009 | val 2.056617
14:19:36  Epoch 7300 | train 0.000000 | val 2.058763
14:19:36  Epoch 7350 | train 0.000000 | val 2.057383
14:19:37  Epoch 7400 | train 0.002420 | val 2.087152
14:19:37  Epoch 7450 | train 0.000005 | val 2.056974
14:19:37  Epoch 7500 | train 0.000000 | val 2.052246
14:19:37  Epoch 7550 | train 0.000000 | val 2.052257
14:19:38  Epoch 7600 | train 0.000000 | val 2.052196
14:19:38  Epoch 7650 | train 0.000000 | val 2.052166
14:19:38  Epoch 7700 | train 0.000000 | val 2.052150
14:19:38  Epoch 7750 | train 0.000000 | val 2.052142
14:19:39  Epoch 7800 | train 0.000000 | val 2.052136
14:19:39  Epoch 7850 | train 0.000000 | val 2.052132
14:19:39  Epoch 7900 | train 0.000000 | val 2.052129
14:19:39  Epoch 7950 | train 0.000000 | val 2.052129
14:19:39  Epoch 8000 | train 0.000000 | val 2.052127
14:19:40  Epoch 8050 | train 0.000000 | val 2.052126
14:19:40  Epoch 8100 | train 0.000000 | val 2.052125
14:19:40  Epoch 8150 | train 0.000000 | val 2.052125
14:19:40  Epoch 8200 | train 0.000000 | val 2.052126
14:19:41  Epoch 8250 | train 0.000000 | val 2.052124
14:19:41  Epoch 8300 | train 0.000000 | val 2.052124
14:19:41  Epoch 8350 | train 0.000000 | val 2.052125
14:19:41  Epoch 8400 | train 0.000000 | val 2.052124
14:19:42  Epoch 8450 | train 0.000000 | val 2.052125
14:19:42  Epoch 8500 | train 0.000000 | val 2.052124
14:19:42  Epoch 8550 | train 0.000000 | val 2.052124
14:19:42  Epoch 8600 | train 0.000000 | val 2.052126
14:19:43  Epoch 8650 | train 0.000000 | val 2.052125
14:19:43  Epoch 8700 | train 0.000000 | val 2.052125
14:19:43  Epoch 8750 | train 0.000000 | val 2.052125
14:19:43  Epoch 8800 | train 0.000000 | val 2.052124
14:19:43  Epoch 8850 | train 0.000000 | val 2.052125
14:19:44  Epoch 8900 | train 0.000000 | val 2.052126
14:19:44  Epoch 8950 | train 0.000000 | val 2.052125
14:19:44  Epoch 9000 | train 0.000000 | val 2.052124
14:19:44  Epoch 9050 | train 0.000000 | val 2.051704
14:19:45  Epoch 9100 | train 0.011142 | val 1.544483
14:19:45  Epoch 9150 | train 0.007923 | val 1.739206
14:19:45  Epoch 9200 | train 0.007304 | val 1.759405
14:19:45  Epoch 9250 | train 0.006901 | val 1.768692
14:19:46  Epoch 9300 | train 0.006572 | val 1.778389
14:19:46  Epoch 9350 | train 0.006289 | val 1.782975
14:19:46  Epoch 9400 | train 0.006015 | val 1.784959
14:19:46  Epoch 9450 | train 0.005749 | val 1.785786
14:19:46  Epoch 9500 | train 0.005481 | val 1.789242
14:19:47  Epoch 9550 | train 0.005219 | val 1.789622
14:19:47  Epoch 9600 | train 0.004979 | val 1.791425
14:19:47  Epoch 9650 | train 0.004711 | val 1.793310
14:19:47  Epoch 9700 | train 0.004450 | val 1.793335
14:19:48  Epoch 9750 | train 0.004207 | val 1.797035
14:19:48  Epoch 9800 | train 0.003969 | val 1.798190
14:19:48  Epoch 9850 | train 0.003528 | val 1.795796
14:19:48  Epoch 9900 | train 0.003298 | val 1.798369
14:19:49  Epoch 9950 | train 0.003064 | val 1.798820
14:19:49  Epoch 10000 | train 0.002831 | val 1.801421
14:19:49  === Efficiency: original vs fine-tuned ===
14:19:49    Parameters :   83,329  →    72,768   (12.7% reduction)
14:19:49    Model size :   325.50 KB  →    284.25 KB
14:19:49    FLOPs      :  165,120  →   144,140   (12.7% reduction)
14:19:49    Infer time :    60.75 µs  →     82.29 µs   (-35.5% faster)
14:19:49  Saved results to /home/amirabbas-kazeminia/Projects/pruning/outputs/circle_resnet/672a250b/2e26e87f/51153fd1/results.json
14:19:50  Saved pruning summary to /home/amirabbas-kazeminia/Projects/pruning/outputs/circle_resnet/672a250b/2e26e87f/51153fd1/pruning_summary.png
