14:58:27  Output dir : /home/amirabbas-kazeminia/Projects/pruning/outputs/circle_resnet/36199b5d/61f2ad28/af851938
14:58:27  Log dir    : /home/amirabbas-kazeminia/Projects/pruning/logs/circle_resnet/36199b5d/61f2ad28/af851938
14:58:27  Model: ResNet(
  (blocks): ModuleList(
    (0): ResidualBlock(
      (branch): Sequential(
        (0): Linear(in_features=2, out_features=64, bias=True)
        (1): ReLU()
        (2): Linear(in_features=64, out_features=64, bias=True)
      )
      (shortcut): Linear(in_features=2, out_features=64, bias=False)
      (relu): ReLU()
    )
    (1): ResidualBlock(
      (branch): Sequential(
        (0): Linear(in_features=64, out_features=64, bias=True)
        (1): ReLU()
        (2): Linear(in_features=64, out_features=64, bias=True)
      )
      (shortcut): Identity()
      (relu): ReLU()
    )
  )
  (head): Linear(in_features=64, out_features=1, bias=True)
)
14:58:27  Fitting circle(x) with 12865 parameters
14:58:27  === Training ===
14:58:30  Epoch  200 | train 0.418373 | val 0.373199
14:58:30  Epoch  400 | train 0.389972 | val 0.360282
14:58:30  Epoch  600 | train 0.369134 | val 0.348125
14:58:30  Epoch  800 | train 0.352528 | val 0.338072
14:58:30  Epoch 1000 | train 0.338811 | val 0.328602
14:58:31  Epoch 1200 | train 0.327332 | val 0.320387
14:58:31  Epoch 1400 | train 0.318156 | val 0.313553
14:58:31  Epoch 1600 | train 0.310933 | val 0.307532
14:58:31  Epoch 1800 | train 0.305427 | val 0.302319
14:58:31  Epoch 2000 | train 0.300811 | val 0.297573
14:58:32  Epoch 2200 | train 0.297068 | val 0.293332
14:58:32  Epoch 2400 | train 0.293944 | val 0.289220
14:58:32  Epoch 2600 | train 0.291324 | val 0.285524
14:58:32  Epoch 2800 | train 0.289115 | val 0.281958
14:58:32  Epoch 3000 | train 0.287369 | val 0.279340
14:58:33  Epoch 3200 | train 0.285639 | val 0.276432
14:58:33  Epoch 3400 | train 0.284112 | val 0.273748
14:58:33  Epoch 3600 | train 0.282817 | val 0.271532
14:58:33  Epoch 3800 | train 0.281585 | val 0.270040
14:58:33  Epoch 4000 | train 0.280666 | val 0.268599
14:58:34  Epoch 4200 | train 0.280346 | val 0.267315
14:58:34  Epoch 4400 | train 0.280176 | val 0.266314
14:58:34  Epoch 4600 | train 0.280094 | val 0.265430
14:58:34  Epoch 4800 | train 0.280031 | val 0.264503
14:58:34  Epoch 5000 | train 0.280010 | val 0.263729
14:58:35  Epoch 5200 | train 0.280007 | val 0.262876
14:58:35  Epoch 5400 | train 0.280053 | val 0.261961
14:58:35  Epoch 5600 | train 0.280193 | val 0.261116
14:58:35  Epoch 5800 | train 0.280321 | val 0.260335
14:58:35  Epoch 6000 | train 0.280510 | val 0.259583
14:58:36  Epoch 6200 | train 0.280845 | val 0.258878
14:58:36  Epoch 6400 | train 0.281206 | val 0.258279
14:58:36  Epoch 6600 | train 0.281604 | val 0.257708
14:58:36  Epoch 6800 | train 0.282070 | val 0.257172
14:58:37  Epoch 7000 | train 0.282564 | val 0.256646
14:58:37  Epoch 7200 | train 0.283081 | val 0.256169
14:58:37  Epoch 7400 | train 0.283620 | val 0.255771
14:58:37  Epoch 7600 | train 0.284173 | val 0.255396
14:58:37  Epoch 7800 | train 0.284688 | val 0.255090
14:58:38  Epoch 8000 | train 0.285198 | val 0.254760
14:58:38  Epoch 8200 | train 0.285753 | val 0.254457
14:58:38  Epoch 8400 | train 0.286327 | val 0.254193
14:58:38  Epoch 8600 | train 0.286834 | val 0.253924
14:58:38  Epoch 8800 | train 0.287360 | val 0.253609
14:58:39  Epoch 9000 | train 0.287829 | val 0.253358
14:58:39  Epoch 9200 | train 0.288236 | val 0.253084
14:58:39  Epoch 9400 | train 0.288610 | val 0.252766
14:58:39  Epoch 9600 | train 0.288988 | val 0.252526
14:58:39  Epoch 9800 | train 0.289426 | val 0.252237
14:58:40  Epoch 10000 | train 0.289957 | val 0.251931
14:58:40  Epoch 10200 | train 0.290500 | val 0.251584
14:58:40  Epoch 10400 | train 0.291039 | val 0.251245
14:58:40  Epoch 10600 | train 0.291578 | val 0.250911
14:58:40  Epoch 10800 | train 0.292141 | val 0.250606
14:58:41  Epoch 11000 | train 0.292721 | val 0.250429
14:58:41  Epoch 11200 | train 0.293290 | val 0.250269
14:58:41  Epoch 11400 | train 0.293835 | val 0.250136
14:58:41  Epoch 11600 | train 0.294373 | val 0.249987
14:58:41  Epoch 11800 | train 0.294923 | val 0.249856
14:58:42  Epoch 12000 | train 0.295481 | val 0.249739
14:58:42  Epoch 12200 | train 0.296038 | val 0.249618
14:58:42  Epoch 12400 | train 0.296581 | val 0.249477
14:58:42  Epoch 12600 | train 0.297092 | val 0.249312
14:58:42  Epoch 12800 | train 0.297612 | val 0.249148
14:58:43  Epoch 13000 | train 0.298115 | val 0.249044
14:58:43  Epoch 13200 | train 0.298621 | val 0.248972
14:58:43  Epoch 13400 | train 0.299130 | val 0.248883
14:58:43  Epoch 13600 | train 0.299643 | val 0.248811
14:58:43  Epoch 13800 | train 0.300162 | val 0.248774
14:58:43  Epoch 14000 | train 0.300675 | val 0.248739
14:58:44  Epoch 14200 | train 0.301190 | val 0.248723
14:58:44  Epoch 14400 | train 0.301692 | val 0.248735
14:58:44  Epoch 14600 | train 0.302154 | val 0.248747
14:58:44  Epoch 14800 | train 0.302607 | val 0.248762
14:58:44  Epoch 15000 | train 0.303053 | val 0.248768
14:58:45  Epoch 15200 | train 0.303497 | val 0.248763
14:58:45  Epoch 15400 | train 0.303920 | val 0.248569
14:58:45  Epoch 15600 | train 0.304328 | val 0.248603
14:58:45  Epoch 15800 | train 0.304689 | val 0.248669
14:58:45  Epoch 16000 | train 0.305048 | val 0.248736
14:58:46  Epoch 16200 | train 0.305400 | val 0.248801
14:58:46  Epoch 16400 | train 0.305729 | val 0.248916
14:58:46  Epoch 16600 | train 0.306041 | val 0.248980
14:58:46  Epoch 16800 | train 0.306361 | val 0.249034
14:58:46  Epoch 17000 | train 0.306677 | val 0.249078
14:58:47  Epoch 17200 | train 0.306946 | val 0.249111
14:58:47  Epoch 17400 | train 0.307240 | val 0.249025
14:58:47  Epoch 17600 | train 0.307572 | val 0.248922
14:58:47  Epoch 17800 | train 0.307892 | val 0.248802
14:58:47  Epoch 18000 | train 0.308184 | val 0.248599
14:58:48  Epoch 18200 | train 0.308476 | val 0.248481
14:58:48  Epoch 18400 | train 0.308755 | val 0.248364
14:58:48  Epoch 18600 | train 0.309032 | val 0.248211
14:58:48  Epoch 18800 | train 0.309301 | val 0.248063
14:58:48  Epoch 19000 | train 0.309561 | val 0.247925
14:58:49  Epoch 19200 | train 0.309815 | val 0.247792
14:58:49  Epoch 19400 | train 0.310068 | val 0.247706
14:58:49  Epoch 19600 | train 0.310323 | val 0.247566
14:58:49  Epoch 19800 | train 0.310552 | val 0.247521
14:58:49  Epoch 20000 | train 0.310803 | val 0.247471
14:58:50  Epoch 20200 | train 0.311055 | val 0.247435
14:58:50  Epoch 20400 | train 0.311308 | val 0.247443
14:58:50  Epoch 20600 | train 0.311556 | val 0.247449
14:58:50  Epoch 20800 | train 0.311798 | val 0.247452
14:58:50  Epoch 21000 | train 0.312040 | val 0.247449
14:58:51  Epoch 21200 | train 0.312276 | val 0.247463
14:58:51  Epoch 21400 | train 0.312497 | val 0.247485
14:58:51  Epoch 21600 | train 0.312710 | val 0.247472
14:58:51  Epoch 21800 | train 0.312924 | val 0.247455
14:58:51  Epoch 22000 | train 0.313102 | val 0.247477
14:58:52  Epoch 22200 | train 0.313250 | val 0.247478
14:58:52  Epoch 22400 | train 0.313393 | val 0.247478
14:58:52  Epoch 22600 | train 0.313554 | val 0.247497
14:58:52  Epoch 22800 | train 0.313706 | val 0.247535
14:58:52  Epoch 23000 | train 0.313838 | val 0.247570
14:58:53  Epoch 23200 | train 0.313969 | val 0.247567
14:58:53  Epoch 23400 | train 0.314096 | val 0.247557
14:58:53  Epoch 23600 | train 0.314168 | val 0.247519
14:58:53  Epoch 23800 | train 0.314250 | val 0.247482
14:58:53  Epoch 24000 | train 0.314378 | val 0.247442
14:58:54  Epoch 24200 | train 0.314506 | val 0.247434
14:58:54  Epoch 24400 | train 0.314621 | val 0.247427
14:58:54  Epoch 24600 | train 0.314735 | val 0.247409
14:58:54  Epoch 24800 | train 0.314817 | val 0.247450
14:58:54  Epoch 25000 | train 0.314880 | val 0.247462
14:58:55  Epoch 25200 | train 0.314920 | val 0.247417
14:58:55  Epoch 25400 | train 0.314943 | val 0.247309
14:58:55  Epoch 25600 | train 0.314967 | val 0.247192
14:58:55  Epoch 25800 | train 0.315032 | val 0.247139
14:58:55  Epoch 26000 | train 0.315106 | val 0.247119
14:58:56  Epoch 26200 | train 0.315161 | val 0.247076
14:58:56  Epoch 26400 | train 0.315224 | val 0.246996
14:58:56  Epoch 26600 | train 0.315293 | val 0.246975
14:58:56  Epoch 26800 | train 0.315364 | val 0.246975
14:58:56  Epoch 27000 | train 0.315433 | val 0.246970
14:58:57  Epoch 27200 | train 0.315499 | val 0.246958
14:58:57  Epoch 27400 | train 0.315550 | val 0.246951
14:58:57  Epoch 27600 | train 0.315591 | val 0.246932
14:58:57  Epoch 27800 | train 0.315630 | val 0.246900
14:58:57  Epoch 28000 | train 0.315673 | val 0.246837
14:58:58  Epoch 28200 | train 0.315727 | val 0.246805
14:58:58  Epoch 28400 | train 0.315778 | val 0.246735
14:58:58  Epoch 28600 | train 0.315729 | val 0.246507
14:58:58  Epoch 28800 | train 0.315766 | val 0.246539
14:58:58  Epoch 29000 | train 0.315811 | val 0.246565
14:58:59  Epoch 29200 | train 0.315858 | val 0.246548
14:58:59  Epoch 29400 | train 0.315906 | val 0.246468
14:58:59  Epoch 29600 | train 0.315950 | val 0.246448
14:58:59  Epoch 29800 | train 0.315994 | val 0.246442
14:58:59  Epoch 30000 | train 0.316035 | val 0.246422
14:59:00  Epoch 30200 | train 0.316068 | val 0.246404
14:59:00  Epoch 30400 | train 0.316095 | val 0.246363
14:59:00  Epoch 30600 | train 0.316127 | val 0.246337
14:59:00  Epoch 30800 | train 0.316161 | val 0.246325
14:59:00  Epoch 31000 | train 0.316185 | val 0.246264
14:59:01  Epoch 31200 | train 0.316157 | val 0.246105
14:59:01  Epoch 31400 | train 0.316171 | val 0.246130
14:59:01  Epoch 31600 | train 0.316185 | val 0.246116
14:59:01  Epoch 31800 | train 0.316203 | val 0.246116
14:59:01  Epoch 32000 | train 0.316220 | val 0.246121
14:59:02  Epoch 32200 | train 0.316240 | val 0.246137
14:59:02  Epoch 32400 | train 0.316265 | val 0.246142
14:59:02  Epoch 32600 | train 0.316285 | val 0.246167
14:59:02  Epoch 32800 | train 0.316298 | val 0.246177
14:59:02  Epoch 33000 | train 0.316309 | val 0.246180
14:59:03  Epoch 33200 | train 0.316310 | val 0.246154
14:59:03  Epoch 33400 | train 0.316304 | val 0.246092
14:59:03  Epoch 33600 | train 0.316313 | val 0.246128
14:59:03  Epoch 33800 | train 0.316325 | val 0.246121
14:59:03  Epoch 34000 | train 0.316330 | val 0.246077
14:59:04  Epoch 34200 | train 0.316335 | val 0.246071
14:59:04  Epoch 34400 | train 0.316343 | val 0.246081
14:59:04  Epoch 34600 | train 0.316353 | val 0.246084
14:59:04  Epoch 34800 | train 0.316363 | val 0.246106
14:59:04  Epoch 35000 | train 0.316365 | val 0.246128
14:59:05  Epoch 35200 | train 0.316371 | val 0.246139
14:59:05  Epoch 35400 | train 0.316378 | val 0.246157
14:59:05  Epoch 35600 | train 0.316386 | val 0.246177
14:59:05  Epoch 35800 | train 0.316396 | val 0.246180
14:59:05  Epoch 36000 | train 0.316406 | val 0.246185
14:59:06  Epoch 36200 | train 0.316415 | val 0.246191
14:59:06  Epoch 36400 | train 0.316424 | val 0.246194
14:59:06  Epoch 36600 | train 0.316434 | val 0.246202
14:59:06  Epoch 36800 | train 0.316444 | val 0.246210
14:59:07  Epoch 37000 | train 0.316453 | val 0.246216
14:59:07  Epoch 37200 | train 0.316464 | val 0.246209
14:59:07  Epoch 37400 | train 0.316468 | val 0.246242
14:59:07  Epoch 37600 | train 0.316475 | val 0.246263
14:59:07  Epoch 37800 | train 0.316479 | val 0.246274
14:59:08  Epoch 38000 | train 0.316488 | val 0.246286
14:59:08  Epoch 38200 | train 0.316484 | val 0.246242
14:59:08  Epoch 38400 | train 0.316491 | val 0.246250
14:59:08  Epoch 38600 | train 0.316499 | val 0.246275
14:59:09  Epoch 38800 | train 0.316505 | val 0.246297
14:59:09  Epoch 39000 | train 0.316500 | val 0.246293
14:59:09  Epoch 39200 | train 0.316498 | val 0.246342
14:59:09  Epoch 39400 | train 0.316500 | val 0.246346
14:59:09  Epoch 39600 | train 0.316500 | val 0.246350
14:59:10  Epoch 39800 | train 0.316502 | val 0.246367
14:59:10  Epoch 40000 | train 0.316505 | val 0.246358
14:59:10  Epoch 40200 | train 0.316507 | val 0.246365
14:59:10  Epoch 40400 | train 0.316510 | val 0.246355
14:59:11  Epoch 40600 | train 0.316513 | val 0.246372
14:59:11  Epoch 40800 | train 0.316518 | val 0.246383
14:59:11  Epoch 41000 | train 0.316525 | val 0.246385
14:59:11  Epoch 41200 | train 0.316523 | val 0.246418
14:59:11  Epoch 41400 | train 0.316528 | val 0.246432
14:59:12  Epoch 41600 | train 0.316529 | val 0.246446
14:59:12  Epoch 41800 | train 0.316530 | val 0.246468
14:59:12  Epoch 42000 | train 0.316533 | val 0.246473
14:59:12  Epoch 42200 | train 0.316529 | val 0.246502
14:59:13  Epoch 42400 | train 0.316532 | val 0.246523
14:59:13  Epoch 42600 | train 0.316535 | val 0.246536
14:59:13  Epoch 42800 | train 0.316535 | val 0.246571
14:59:13  Epoch 43000 | train 0.316537 | val 0.246594
14:59:13  Epoch 43200 | train 0.316535 | val 0.246610
14:59:14  Epoch 43400 | train 0.316528 | val 0.246623
14:59:14  Epoch 43600 | train 0.316526 | val 0.246635
14:59:14  Epoch 43800 | train 0.316521 | val 0.246640
14:59:14  Epoch 44000 | train 0.316512 | val 0.246636
14:59:15  Epoch 44200 | train 0.316506 | val 0.246644
14:59:15  Epoch 44400 | train 0.316500 | val 0.246637
14:59:15  Epoch 44600 | train 0.316497 | val 0.246648
14:59:15  Epoch 44800 | train 0.316489 | val 0.246668
14:59:15  Epoch 45000 | train 0.316470 | val 0.246674
14:59:16  Epoch 45200 | train 0.316451 | val 0.246705
14:59:16  Epoch 45400 | train 0.316441 | val 0.246718
14:59:16  Epoch 45600 | train 0.316434 | val 0.246713
14:59:16  Epoch 45800 | train 0.316415 | val 0.246736
14:59:17  Epoch 46000 | train 0.316389 | val 0.246759
14:59:17  Epoch 46200 | train 0.316371 | val 0.246759
14:59:17  Epoch 46400 | train 0.316361 | val 0.246754
14:59:17  Epoch 46600 | train 0.316353 | val 0.246746
14:59:17  Epoch 46800 | train 0.316345 | val 0.246741
14:59:18  Epoch 47000 | train 0.316337 | val 0.246737
14:59:18  Epoch 47200 | train 0.316332 | val 0.246740
14:59:18  Epoch 47400 | train 0.316323 | val 0.246738
14:59:18  Epoch 47600 | train 0.316316 | val 0.246733
14:59:19  Epoch 47800 | train 0.316309 | val 0.246726
14:59:19  Epoch 48000 | train 0.316304 | val 0.246733
14:59:19  Epoch 48200 | train 0.316298 | val 0.246739
14:59:19  Epoch 48400 | train 0.316295 | val 0.246735
14:59:19  Epoch 48600 | train 0.316289 | val 0.246736
14:59:20  Epoch 48800 | train 0.316282 | val 0.246750
14:59:20  Epoch 49000 | train 0.316274 | val 0.246766
14:59:20  Epoch 49200 | train 0.316266 | val 0.246788
14:59:20  Epoch 49400 | train 0.316262 | val 0.246795
14:59:21  Epoch 49600 | train 0.316258 | val 0.246794
14:59:21  Epoch 49800 | train 0.316250 | val 0.246802
14:59:21  Epoch 50000 | train 0.316244 | val 0.246804
14:59:21  === Pruning ===
14:59:21    Layer 0: silent=0  redundant=20  | removed=20  remaining=44
14:59:21    Layer 1: silent=2  redundant=0  | removed=2  remaining=62
14:59:21    Total removed: 22
14:59:21  === Efficiency: original vs pruned ===
14:59:21    Parameters :   12,865  →    11,267   (12.4% reduction)
14:59:21    Model size :    50.25 KB  →     44.01 KB
14:59:21    FLOPs      :   25,216  →    22,064   (12.5% reduction)
14:59:21    Infer time :    37.08 µs  →     31.43 µs   (15.2% faster)
14:59:21  === Fine-tuning ===
14:59:21  Epoch  200 | train 0.316068 | val 0.247397
14:59:22  Epoch  400 | train 0.315140 | val 0.247142
14:59:22  Epoch  600 | train 0.314565 | val 0.246833
14:59:22  Epoch  800 | train 0.314180 | val 0.246607
14:59:23  Epoch 1000 | train 0.313949 | val 0.246447
14:59:23  Epoch 1200 | train 0.313813 | val 0.246316
14:59:24  Epoch 1400 | train 0.313738 | val 0.246282
14:59:24  Epoch 1600 | train 0.313692 | val 0.246178
14:59:25  Epoch 1800 | train 0.313673 | val 0.246210
14:59:26  Epoch 2000 | train 0.313652 | val 0.246130
14:59:26  Epoch 2200 | train 0.313639 | val 0.246051
14:59:27  Epoch 2400 | train 0.313652 | val 0.246003
14:59:27  Epoch 2600 | train 0.313642 | val 0.245986
14:59:28  Epoch 2800 | train 0.313647 | val 0.245939
14:59:28  Epoch 3000 | train 0.313649 | val 0.245902
14:59:28  Epoch 3200 | train 0.313653 | val 0.245863
14:59:29  Epoch 3400 | train 0.313655 | val 0.245826
14:59:29  Epoch 3600 | train 0.313658 | val 0.245793
14:59:29  Epoch 3800 | train 0.313660 | val 0.245820
14:59:29  Epoch 4000 | train 0.313669 | val 0.245778
14:59:30  Epoch 4200 | train 0.313670 | val 0.245733
14:59:30  Epoch 4400 | train 0.313672 | val 0.245763
14:59:30  Epoch 4600 | train 0.313675 | val 0.245692
14:59:31  Epoch 4800 | train 0.313677 | val 0.245668
14:59:31  Epoch 5000 | train 0.313682 | val 0.245681
14:59:31  Epoch 5200 | train 0.313685 | val 0.245625
14:59:31  Epoch 5400 | train 0.313687 | val 0.245632
14:59:32  Epoch 5600 | train 0.313690 | val 0.245620
14:59:32  Epoch 5800 | train 0.313697 | val 0.245588
14:59:32  Epoch 6000 | train 0.313699 | val 0.245576
14:59:33  Epoch 6200 | train 0.313701 | val 0.245582
14:59:33  Epoch 6400 | train 0.313701 | val 0.245524
14:59:33  Epoch 6600 | train 0.313708 | val 0.245627
14:59:34  Epoch 6800 | train 0.313704 | val 0.245495
14:59:34  Epoch 7000 | train 0.313708 | val 0.245505
14:59:34  Epoch 7200 | train 0.313713 | val 0.245538
14:59:35  Epoch 7400 | train 0.313717 | val 0.245458
14:59:35  Epoch 7600 | train 0.313714 | val 0.245483
14:59:35  Epoch 7800 | train 0.313727 | val 0.245466
14:59:36  Epoch 8000 | train 0.313719 | val 0.245443
14:59:36  Epoch 8200 | train 0.313723 | val 0.245389
14:59:36  Epoch 8400 | train 0.313724 | val 0.245479
14:59:36  Epoch 8600 | train 0.313728 | val 0.245425
14:59:37  Epoch 8800 | train 0.313728 | val 0.245440
14:59:37  Epoch 9000 | train 0.313731 | val 0.245413
14:59:37  Epoch 9200 | train 0.313730 | val 0.245399
14:59:38  Epoch 9400 | train 0.313727 | val 0.245394
14:59:38  Epoch 9600 | train 0.313737 | val 0.245421
14:59:38  Epoch 9800 | train 0.313735 | val 0.245430
14:59:38  Epoch 10000 | train 0.313742 | val 0.245354
14:59:39  Epoch 10200 | train 0.313741 | val 0.245341
14:59:39  Epoch 10400 | train 0.313746 | val 0.245375
14:59:39  Epoch 10600 | train 0.313747 | val 0.245360
14:59:40  Epoch 10800 | train 0.313750 | val 0.245416
14:59:40  Epoch 11000 | train 0.313750 | val 0.245369
14:59:40  Epoch 11200 | train 0.313751 | val 0.245291
14:59:40  Epoch 11400 | train 0.313753 | val 0.245353
14:59:41  Epoch 11600 | train 0.313748 | val 0.245280
14:59:41  Epoch 11800 | train 0.313754 | val 0.245270
14:59:41  Epoch 12000 | train 0.313754 | val 0.245318
14:59:41  Epoch 12200 | train 0.313759 | val 0.245278
14:59:42  Epoch 12400 | train 0.313757 | val 0.245281
14:59:42  Epoch 12600 | train 0.313759 | val 0.245291
14:59:42  Epoch 12800 | train 0.313761 | val 0.245310
14:59:43  Epoch 13000 | train 0.313763 | val 0.245241
14:59:43  Epoch 13200 | train 0.313763 | val 0.245269
14:59:43  Epoch 13400 | train 0.313765 | val 0.245258
14:59:44  Epoch 13600 | train 0.313764 | val 0.245224
14:59:44  Epoch 13800 | train 0.313771 | val 0.245252
14:59:44  Epoch 14000 | train 0.313771 | val 0.245259
14:59:44  Epoch 14200 | train 0.313768 | val 0.245260
14:59:45  Epoch 14400 | train 0.313772 | val 0.245207
14:59:45  Epoch 14600 | train 0.313775 | val 0.245253
14:59:45  Epoch 14800 | train 0.313770 | val 0.245229
14:59:46  Epoch 15000 | train 0.313774 | val 0.245236
14:59:46  Epoch 15200 | train 0.313775 | val 0.245205
14:59:46  Epoch 15400 | train 0.313779 | val 0.245215
14:59:46  Epoch 15600 | train 0.313775 | val 0.245206
14:59:47  Epoch 15800 | train 0.313778 | val 0.245234
14:59:47  Epoch 16000 | train 0.313778 | val 0.245246
14:59:47  Epoch 16200 | train 0.313780 | val 0.245176
14:59:48  Epoch 16400 | train 0.313781 | val 0.245169
14:59:48  Epoch 16600 | train 0.313779 | val 0.245183
14:59:48  Epoch 16800 | train 0.313779 | val 0.245189
14:59:48  Epoch 17000 | train 0.313787 | val 0.245210
14:59:49  Epoch 17200 | train 0.313786 | val 0.245156
14:59:49  Epoch 17400 | train 0.313785 | val 0.245196
14:59:49  Epoch 17600 | train 0.313783 | val 0.245137
14:59:50  Epoch 17800 | train 0.313784 | val 0.245204
14:59:50  Epoch 18000 | train 0.313791 | val 0.245227
14:59:50  Epoch 18200 | train 0.313783 | val 0.245094
14:59:50  Epoch 18400 | train 0.313786 | val 0.245154
14:59:51  Epoch 18600 | train 0.313795 | val 0.245165
14:59:51  Epoch 18800 | train 0.313788 | val 0.245158
14:59:51  Epoch 19000 | train 0.313788 | val 0.245137
14:59:52  Epoch 19200 | train 0.313788 | val 0.245181
14:59:52  Epoch 19400 | train 0.313787 | val 0.245134
14:59:52  Epoch 19600 | train 0.313794 | val 0.245128
14:59:52  Epoch 19800 | train 0.313793 | val 0.245124
14:59:53  Epoch 20000 | train 0.313789 | val 0.245140
14:59:53  Epoch 20200 | train 0.313798 | val 0.245157
14:59:53  Epoch 20400 | train 0.313794 | val 0.245181
14:59:54  Epoch 20600 | train 0.313795 | val 0.245125
14:59:54  Epoch 20800 | train 0.313797 | val 0.245104
14:59:54  Epoch 21000 | train 0.313800 | val 0.245101
14:59:54  Epoch 21200 | train 0.313793 | val 0.245102
14:59:55  Epoch 21400 | train 0.313795 | val 0.245110
14:59:55  Epoch 21600 | train 0.313799 | val 0.245091
14:59:55  Epoch 21800 | train 0.313796 | val 0.245090
14:59:56  Epoch 22000 | train 0.313801 | val 0.245054
14:59:56  Epoch 22200 | train 0.313798 | val 0.245069
14:59:56  Epoch 22400 | train 0.313799 | val 0.245080
14:59:56  Epoch 22600 | train 0.313802 | val 0.245077
14:59:57  Epoch 22800 | train 0.313802 | val 0.245043
14:59:57  Epoch 23000 | train 0.313806 | val 0.245122
14:59:57  Epoch 23200 | train 0.313799 | val 0.245078
14:59:58  Epoch 23400 | train 0.313801 | val 0.245106
14:59:58  Epoch 23600 | train 0.313809 | val 0.245128
14:59:58  Epoch 23800 | train 0.313800 | val 0.245080
14:59:58  Epoch 24000 | train 0.313802 | val 0.245048
14:59:59  Epoch 24200 | train 0.313801 | val 0.245050
14:59:59  Epoch 24400 | train 0.313804 | val 0.245039
14:59:59  Epoch 24600 | train 0.313805 | val 0.245078
14:59:59  Epoch 24800 | train 0.313801 | val 0.245088
15:00:00  Epoch 25000 | train 0.313805 | val 0.245089
15:00:00  Epoch 25200 | train 0.313808 | val 0.245102
15:00:00  Epoch 25400 | train 0.313808 | val 0.245073
15:00:01  Epoch 25600 | train 0.313807 | val 0.245038
15:00:01  Epoch 25800 | train 0.313807 | val 0.245084
15:00:01  Epoch 26000 | train 0.313812 | val 0.245097
15:00:01  Epoch 26200 | train 0.313809 | val 0.245087
15:00:02  Epoch 26400 | train 0.313805 | val 0.245030
15:00:02  Epoch 26600 | train 0.313814 | val 0.245019
15:00:02  Epoch 26800 | train 0.313812 | val 0.245059
15:00:03  Epoch 27000 | train 0.313808 | val 0.245084
15:00:03  Epoch 27200 | train 0.313810 | val 0.245034
15:00:03  Epoch 27400 | train 0.313816 | val 0.245042
15:00:03  Epoch 27600 | train 0.313813 | val 0.245062
15:00:04  Epoch 27800 | train 0.313815 | val 0.245114
15:00:04  Epoch 28000 | train 0.313809 | val 0.245070
15:00:04  Epoch 28200 | train 0.313814 | val 0.245027
15:00:04  Epoch 28400 | train 0.313815 | val 0.245052
15:00:05  Epoch 28600 | train 0.313808 | val 0.245029
15:00:05  Epoch 28800 | train 0.313816 | val 0.245058
15:00:05  Epoch 29000 | train 0.313814 | val 0.245070
15:00:06  Epoch 29200 | train 0.313816 | val 0.245059
15:00:06  Epoch 29400 | train 0.313816 | val 0.245065
15:00:06  Epoch 29600 | train 0.313812 | val 0.244994
15:00:06  Epoch 29800 | train 0.313819 | val 0.245090
15:00:07  Epoch 30000 | train 0.313812 | val 0.245000
15:00:07  Epoch 30200 | train 0.313818 | val 0.245068
15:00:07  Epoch 30400 | train 0.313814 | val 0.245042
15:00:08  Epoch 30600 | train 0.313816 | val 0.245094
15:00:08  Epoch 30800 | train 0.313816 | val 0.245039
15:00:08  Epoch 31000 | train 0.313819 | val 0.245063
15:00:08  Epoch 31200 | train 0.313818 | val 0.245063
15:00:09  Epoch 31400 | train 0.313820 | val 0.245019
15:00:09  Epoch 31600 | train 0.313815 | val 0.244978
15:00:09  Epoch 31800 | train 0.313818 | val 0.245037
15:00:09  Epoch 32000 | train 0.313811 | val 0.244995
15:00:10  Epoch 32200 | train 0.313816 | val 0.245073
15:00:10  Epoch 32400 | train 0.313827 | val 0.245053
15:00:10  Epoch 32600 | train 0.313819 | val 0.245033
15:00:11  Epoch 32800 | train 0.313816 | val 0.245023
15:00:11  Epoch 33000 | train 0.313826 | val 0.245006
15:00:11  Epoch 33200 | train 0.313819 | val 0.245021
15:00:11  Epoch 33400 | train 0.313824 | val 0.245045
15:00:12  Epoch 33600 | train 0.313822 | val 0.245036
15:00:12  Epoch 33800 | train 0.313819 | val 0.245014
15:00:12  Epoch 34000 | train 0.313825 | val 0.245081
15:00:12  Epoch 34200 | train 0.313818 | val 0.245027
15:00:13  Epoch 34400 | train 0.313823 | val 0.245067
15:00:13  Epoch 34600 | train 0.313819 | val 0.245025
15:00:13  Epoch 34800 | train 0.313821 | val 0.245019
15:00:14  Epoch 35000 | train 0.313818 | val 0.245037
15:00:14  Epoch 35200 | train 0.313822 | val 0.245071
15:00:14  Epoch 35400 | train 0.313825 | val 0.245038
15:00:14  Epoch 35600 | train 0.313826 | val 0.245041
15:00:15  Epoch 35800 | train 0.313824 | val 0.245044
15:00:15  Epoch 36000 | train 0.313821 | val 0.245032
15:00:15  Epoch 36200 | train 0.313824 | val 0.245078
15:00:15  Epoch 36400 | train 0.313819 | val 0.245014
15:00:16  Epoch 36600 | train 0.313820 | val 0.244995
15:00:16  Epoch 36800 | train 0.313818 | val 0.245030
15:00:16  Epoch 37000 | train 0.313824 | val 0.245039
15:00:17  Epoch 37200 | train 0.313825 | val 0.245011
15:00:17  Epoch 37400 | train 0.313820 | val 0.245013
15:00:17  Epoch 37600 | train 0.313821 | val 0.245061
15:00:17  Epoch 37800 | train 0.313823 | val 0.245005
15:00:18  Epoch 38000 | train 0.313826 | val 0.245001
15:00:18  Epoch 38200 | train 0.313828 | val 0.245028
15:00:18  Epoch 38400 | train 0.313827 | val 0.245011
15:00:18  Epoch 38600 | train 0.313822 | val 0.244980
15:00:19  Epoch 38800 | train 0.313827 | val 0.245065
15:00:19  Epoch 39000 | train 0.313828 | val 0.245049
15:00:19  Epoch 39200 | train 0.313826 | val 0.245000
15:00:20  Epoch 39400 | train 0.313832 | val 0.244982
15:00:20  Epoch 39600 | train 0.313827 | val 0.244973
15:00:20  Epoch 39800 | train 0.313822 | val 0.244972
15:00:20  Epoch 40000 | train 0.313831 | val 0.244977
15:00:21  Epoch 40200 | train 0.313829 | val 0.245048
15:00:21  Epoch 40400 | train 0.313831 | val 0.244986
15:00:21  Epoch 40600 | train 0.313828 | val 0.245044
15:00:21  Epoch 40800 | train 0.313829 | val 0.245034
15:00:22  Epoch 41000 | train 0.313833 | val 0.245043
15:00:22  Epoch 41200 | train 0.313831 | val 0.245014
15:00:22  Epoch 41400 | train 0.313826 | val 0.245022
15:00:23  Epoch 41600 | train 0.313833 | val 0.245045
15:00:23  Epoch 41800 | train 0.313831 | val 0.245010
15:00:23  Epoch 42000 | train 0.313831 | val 0.244984
15:00:23  Epoch 42200 | train 0.313829 | val 0.244988
15:00:24  Epoch 42400 | train 0.313830 | val 0.244952
15:00:24  Epoch 42600 | train 0.313831 | val 0.245015
15:00:24  Epoch 42800 | train 0.313833 | val 0.245005
15:00:24  Epoch 43000 | train 0.313837 | val 0.244990
15:00:25  Epoch 43200 | train 0.313831 | val 0.245005
15:00:25  Epoch 43400 | train 0.313832 | val 0.244983
15:00:25  Epoch 43600 | train 0.313830 | val 0.244965
15:00:26  Epoch 43800 | train 0.313832 | val 0.245059
15:00:26  Epoch 44000 | train 0.313833 | val 0.244971
15:00:26  Epoch 44200 | train 0.313835 | val 0.244982
15:00:27  Epoch 44400 | train 0.313828 | val 0.244998
15:00:27  Epoch 44600 | train 0.313834 | val 0.245033
15:00:27  Epoch 44800 | train 0.313835 | val 0.245010
15:00:27  Epoch 45000 | train 0.313835 | val 0.244980
15:00:28  Epoch 45200 | train 0.313838 | val 0.245017
15:00:28  Epoch 45400 | train 0.313837 | val 0.245040
15:00:28  Epoch 45600 | train 0.313836 | val 0.244995
15:00:29  Epoch 45800 | train 0.313836 | val 0.245007
15:00:29  Epoch 46000 | train 0.313833 | val 0.244984
15:00:29  Epoch 46200 | train 0.313830 | val 0.244999
15:00:30  Epoch 46400 | train 0.313837 | val 0.245012
15:00:30  Epoch 46600 | train 0.313830 | val 0.245000
15:00:30  Epoch 46800 | train 0.313831 | val 0.245019
15:00:31  Epoch 47000 | train 0.313827 | val 0.244986
15:00:31  Epoch 47200 | train 0.313832 | val 0.245023
15:00:31  Epoch 47400 | train 0.313834 | val 0.245003
15:00:31  Epoch 47600 | train 0.313834 | val 0.244973
15:00:32  Epoch 47800 | train 0.313835 | val 0.244969
15:00:32  Epoch 48000 | train 0.313830 | val 0.244949
15:00:32  Epoch 48200 | train 0.313832 | val 0.244963
15:00:33  Epoch 48400 | train 0.313844 | val 0.245031
15:00:33  Epoch 48600 | train 0.313834 | val 0.245014
15:00:33  Epoch 48800 | train 0.313833 | val 0.244987
15:00:33  Epoch 49000 | train 0.313839 | val 0.245008
15:00:34  Epoch 49200 | train 0.313833 | val 0.244996
15:00:34  Epoch 49400 | train 0.313835 | val 0.244973
15:00:34  Epoch 49600 | train 0.313830 | val 0.244914
15:00:35  Epoch 49800 | train 0.313838 | val 0.244970
15:00:35  Epoch 50000 | train 0.313834 | val 0.244995
15:00:35  === Efficiency: original vs fine-tuned ===
15:00:35    Parameters :   12,865  →    11,267   (12.4% reduction)
15:00:35    Model size :    50.25 KB  →     44.01 KB
15:00:35    FLOPs      :   25,216  →    22,064   (12.5% reduction)
15:00:35    Infer time :    39.15 µs  →     34.40 µs   (12.1% faster)
15:00:35  Saved results to /home/amirabbas-kazeminia/Projects/pruning/outputs/circle_resnet/36199b5d/61f2ad28/af851938/results.json
15:00:36  Saved pruning summary to /home/amirabbas-kazeminia/Projects/pruning/outputs/circle_resnet/36199b5d/61f2ad28/af851938/pruning_summary.png
