14:39:42  Output dir : /home/amirabbas-kazeminia/Projects/pruning/outputs/circle_resnet/1b54704a/9605e6de/710ef924
14:39:42  Log dir    : /home/amirabbas-kazeminia/Projects/pruning/logs/circle_resnet/1b54704a/9605e6de/710ef924
14:39:42  Model: ResNet(
  (blocks): ModuleList(
    (0): ResidualBlock(
      (branch): Sequential(
        (0): Linear(in_features=2, out_features=64, bias=True)
        (1): ReLU()
        (2): Linear(in_features=64, out_features=64, bias=True)
      )
      (shortcut): Linear(in_features=2, out_features=64, bias=False)
      (relu): ReLU()
    )
    (1): ResidualBlock(
      (branch): Sequential(
        (0): Linear(in_features=64, out_features=128, bias=True)
        (1): ReLU()
        (2): Linear(in_features=128, out_features=128, bias=True)
      )
      (shortcut): Linear(in_features=64, out_features=128, bias=False)
      (relu): ReLU()
    )
    (2): ResidualBlock(
      (branch): Sequential(
        (0): Linear(in_features=128, out_features=128, bias=True)
        (1): ReLU()
        (2): Linear(in_features=128, out_features=128, bias=True)
      )
      (shortcut): Identity()
      (relu): ReLU()
    )
  )
  (head): Linear(in_features=128, out_features=1, bias=True)
)
14:39:42  Fitting circle(x) with 70657 parameters
14:39:42  === Training ===
14:39:43  Epoch  200 | train 0.473549 | val 0.789381
14:39:44  Epoch  400 | train 0.453905 | val 0.767650
14:39:45  Epoch  600 | train 0.437924 | val 0.748803
14:39:46  Epoch  800 | train 0.424889 | val 0.730908
14:39:46  Epoch 1000 | train 0.413343 | val 0.714743
14:39:47  Epoch 1200 | train 0.402930 | val 0.699399
14:39:48  Epoch 1400 | train 0.393634 | val 0.685616
14:39:49  Epoch 1600 | train 0.385766 | val 0.674190
14:39:50  Epoch 1800 | train 0.378667 | val 0.664148
14:39:51  Epoch 2000 | train 0.372317 | val 0.655343
14:39:52  Epoch 2200 | train 0.366621 | val 0.647162
14:39:52  Epoch 2400 | train 0.361430 | val 0.640153
14:39:53  Epoch 2600 | train 0.356799 | val 0.633580
14:39:54  Epoch 2800 | train 0.352627 | val 0.628400
14:39:55  Epoch 3000 | train 0.348894 | val 0.624301
14:39:56  Epoch 3200 | train 0.345566 | val 0.621160
14:39:57  Epoch 3400 | train 0.342621 | val 0.618594
14:39:58  Epoch 3600 | train 0.340022 | val 0.616644
14:39:58  Epoch 3800 | train 0.337652 | val 0.615010
14:39:59  Epoch 4000 | train 0.335520 | val 0.613525
14:40:00  Epoch 4200 | train 0.333559 | val 0.612942
14:40:01  Epoch 4400 | train 0.331781 | val 0.612169
14:40:02  Epoch 4600 | train 0.330028 | val 0.611448
14:40:03  Epoch 4800 | train 0.328282 | val 0.611122
14:40:04  Epoch 5000 | train 0.326719 | val 0.611064
14:40:05  Epoch 5200 | train 0.325263 | val 0.610963
14:40:05  Epoch 5400 | train 0.323868 | val 0.611295
14:40:06  Epoch 5600 | train 0.322530 | val 0.611153
14:40:07  Epoch 5800 | train 0.321185 | val 0.611539
14:40:08  Epoch 6000 | train 0.319864 | val 0.611690
14:40:09  Epoch 6200 | train 0.318486 | val 0.612341
14:40:10  Epoch 6400 | train 0.317214 | val 0.612599
14:40:11  Epoch 6600 | train 0.315928 | val 0.612967
14:40:11  Epoch 6800 | train 0.314688 | val 0.613560
14:40:12  Epoch 7000 | train 0.313423 | val 0.614129
14:40:13  Epoch 7200 | train 0.312188 | val 0.614491
14:40:14  Epoch 7400 | train 0.310953 | val 0.615428
14:40:15  Epoch 7600 | train 0.309672 | val 0.615700
14:40:16  Epoch 7800 | train 0.308399 | val 0.616783
14:40:17  Epoch 8000 | train 0.307156 | val 0.618109
14:40:18  Epoch 8200 | train 0.305885 | val 0.618998
14:40:18  Epoch 8400 | train 0.304662 | val 0.619598
14:40:19  Epoch 8600 | train 0.303438 | val 0.620669
14:40:20  Epoch 8800 | train 0.302210 | val 0.620862
14:40:21  Epoch 9000 | train 0.301002 | val 0.622460
14:40:22  Epoch 9200 | train 0.299775 | val 0.622708
14:40:23  Epoch 9400 | train 0.298575 | val 0.623016
14:40:24  Epoch 9600 | train 0.297350 | val 0.624087
14:40:25  Epoch 9800 | train 0.296148 | val 0.624269
14:40:26  Epoch 10000 | train 0.294914 | val 0.625701
14:40:27  Epoch 10200 | train 0.293712 | val 0.626708
14:40:28  Epoch 10400 | train 0.292476 | val 0.628164
14:40:29  Epoch 10600 | train 0.291249 | val 0.628927
14:40:29  Epoch 10800 | train 0.290036 | val 0.629758
14:40:30  Epoch 11000 | train 0.288781 | val 0.630233
14:40:31  Epoch 11200 | train 0.287526 | val 0.630691
14:40:32  Epoch 11400 | train 0.286284 | val 0.632169
14:40:33  Epoch 11600 | train 0.284996 | val 0.632973
14:40:34  Epoch 11800 | train 0.283663 | val 0.633880
14:40:35  Epoch 12000 | train 0.282387 | val 0.634769
14:40:36  Epoch 12200 | train 0.281115 | val 0.635378
14:40:37  Epoch 12400 | train 0.279803 | val 0.636444
14:40:38  Epoch 12600 | train 0.278520 | val 0.637105
14:40:39  Epoch 12800 | train 0.277299 | val 0.638224
14:40:40  Epoch 13000 | train 0.276086 | val 0.640013
14:40:41  Epoch 13200 | train 0.274814 | val 0.641151
14:40:42  Epoch 13400 | train 0.273599 | val 0.642357
14:40:43  Epoch 13600 | train 0.272428 | val 0.644453
14:40:44  Epoch 13800 | train 0.271251 | val 0.646714
14:40:45  Epoch 14000 | train 0.270263 | val 0.649741
14:40:46  Epoch 14200 | train 0.269482 | val 0.653378
14:40:46  Epoch 14400 | train 0.269676 | val 0.661084
14:40:47  Epoch 14600 | train 0.272920 | val 0.675531
14:40:48  Epoch 14800 | train 0.278005 | val 0.690582
14:40:49  Epoch 15000 | train 0.281692 | val 0.700821
14:40:50  Epoch 15200 | train 0.276681 | val 0.694013
14:40:51  Epoch 15400 | train 0.281765 | val 0.706777
14:40:52  Epoch 15600 | train 0.287958 | val 0.720580
14:40:53  Epoch 15800 | train 0.287617 | val 0.723336
14:40:54  Epoch 16000 | train 0.281966 | val 0.716202
14:40:55  Epoch 16200 | train 0.278096 | val 0.711666
14:40:56  Epoch 16400 | train 0.275014 | val 0.707506
14:40:57  Epoch 16600 | train 0.279250 | val 0.718122
14:40:58  Epoch 16800 | train 0.282916 | val 0.726323
14:40:59  Epoch 17000 | train 0.285057 | val 0.732442
14:41:00  Epoch 17200 | train 0.283171 | val 0.732495
14:41:00  Epoch 17400 | train 0.280396 | val 0.729898
14:41:01  Epoch 17600 | train 0.277637 | val 0.727651
14:41:02  Epoch 17800 | train 0.275591 | val 0.725759
14:41:03  Epoch 18000 | train 0.271953 | val 0.720914
14:41:04  Epoch 18200 | train 0.270395 | val 0.720527
14:41:05  Epoch 18400 | train 0.270809 | val 0.723255
14:41:06  Epoch 18600 | train 0.267352 | val 0.718823
14:41:07  Epoch 18800 | train 0.263790 | val 0.713786
14:41:07  Epoch 19000 | train 0.263128 | val 0.714004
14:41:08  Epoch 19200 | train 0.268333 | val 0.723991
14:41:09  Epoch 19400 | train 0.272470 | val 0.733173
14:41:10  Epoch 19600 | train 0.276102 | val 0.741201
14:41:11  Epoch 19800 | train 0.278422 | val 0.746969
14:41:12  Epoch 20000 | train 0.277635 | val 0.748190
14:41:13  Epoch 20200 | train 0.275684 | val 0.747379
14:41:14  Epoch 20400 | train 0.275899 | val 0.748793
14:41:15  Epoch 20600 | train 0.274283 | val 0.747255
14:41:16  Epoch 20800 | train 0.272219 | val 0.744121
14:41:16  Epoch 21000 | train 0.269284 | val 0.741766
14:41:17  Epoch 21200 | train 0.276820 | val 0.756497
14:41:18  Epoch 21400 | train 0.272823 | val 0.753681
14:41:19  Epoch 21600 | train 0.272172 | val 0.754993
14:41:20  Epoch 21800 | train 0.270452 | val 0.753935
14:41:21  Epoch 22000 | train 0.265341 | val 0.748092
14:41:22  Epoch 22200 | train 0.258522 | val 0.738721
14:41:23  Epoch 22400 | train 0.253466 | val 0.731455
14:41:24  Epoch 22600 | train 0.249018 | val 0.725543
14:41:24  Epoch 22800 | train 0.246236 | val 0.722046
14:41:26  Epoch 23000 | train 0.245011 | val 0.721726
14:41:26  Epoch 23200 | train 0.245375 | val 0.724399
14:41:27  Epoch 23400 | train 0.248392 | val 0.732677
14:41:28  Epoch 23600 | train 0.251018 | val 0.738451
14:41:29  Epoch 23800 | train 0.256062 | val 0.748668
14:41:30  Epoch 24000 | train 0.264228 | val 0.761419
14:41:31  Epoch 24200 | train 0.255441 | val 0.747838
14:41:32  Epoch 24400 | train 0.242622 | val 0.729230
14:41:33  Epoch 24600 | train 0.243282 | val 0.733629
14:41:34  Epoch 24800 | train 0.260068 | val 0.762692
14:41:35  Epoch 25000 | train 0.245982 | val 0.739754
14:41:36  Epoch 25200 | train 0.232970 | val 0.721469
14:41:37  Epoch 25400 | train 0.243182 | val 0.743191
14:41:38  Epoch 25600 | train 0.255570 | val 0.764609
14:41:38  Epoch 25800 | train 0.256773 | val 0.768125
14:41:39  Epoch 26000 | train 0.255282 | val 0.766039
14:41:40  Epoch 26200 | train 0.245591 | val 0.752405
14:41:41  Epoch 26400 | train 0.235387 | val 0.736302
14:41:42  Epoch 26600 | train 0.230213 | val 0.728602
14:41:43  Epoch 26800 | train 0.226715 | val 0.725514
14:41:44  Epoch 27000 | train 0.225751 | val 0.726115
14:41:45  Epoch 27200 | train 0.231106 | val 0.737872
14:41:46  Epoch 27400 | train 0.242465 | val 0.759182
14:41:47  Epoch 27600 | train 0.249228 | val 0.769432
14:41:48  Epoch 27800 | train 0.231494 | val 0.741967
14:41:49  Epoch 28000 | train 0.223100 | val 0.730034
14:41:50  Epoch 28200 | train 0.243302 | val 0.766509
14:41:51  Epoch 28400 | train 0.239964 | val 0.759570
14:41:51  Epoch 28600 | train 0.220732 | val 0.729938
14:41:52  Epoch 28800 | train 0.229837 | val 0.749481
14:41:53  Epoch 29000 | train 0.244885 | val 0.772732
14:41:54  Epoch 29200 | train 0.220087 | val 0.732967
