16:05:07  Device     : cuda (NVIDIA GeForce RTX 4090 Laptop GPU, 1 device(s))
16:05:07  Output dir : /home/amirabbas-kazeminia/Projects/pruning/outputs/mnist_rescnn/ccf81b13/0015e771/db5f02d8
16:05:07  Log dir    : /home/amirabbas-kazeminia/Projects/pruning/logs/mnist_rescnn/ccf81b13/0015e771/db5f02d8
16:05:07  Model      : RESCNN  (97,674 params)
16:05:07  Task       : multiclass  (10 classes)
16:05:07  Data       : mnist  (train=1600, val=400)
16:05:07  === Training ===
16:05:10  Epoch   10 | train 0.431651 | val 0.420201
16:05:12  Epoch   20 | train 0.132097 | val 0.191271
16:05:13  Epoch   30 | train 0.054577 | val 0.116858
16:05:15  Epoch   40 | train 0.025436 | val 0.086452
16:05:16  Epoch   50 | train 0.013223 | val 0.086947
16:05:18  Epoch   60 | train 0.008418 | val 0.082442
16:05:19  Epoch   70 | train 0.005063 | val 0.058672
16:05:21  Epoch   80 | train 0.009178 | val 0.058340
16:05:22  Epoch   90 | train 0.003109 | val 0.059477
16:05:24  Epoch  100 | train 0.002184 | val 0.040781
16:05:25  Epoch  110 | train 0.001729 | val 0.049892
16:05:27  Epoch  120 | train 0.001618 | val 0.046369
16:05:28  Epoch  130 | train 0.001955 | val 0.040903
16:05:29  Epoch  140 | train 0.015938 | val 0.068801
16:05:31  Epoch  150 | train 0.002522 | val 0.052243
16:05:32  Epoch  160 | train 0.001680 | val 0.045895
16:05:34  Epoch  170 | train 0.001253 | val 0.046503
16:05:35  Epoch  180 | train 0.002409 | val 0.046667
16:05:37  Epoch  190 | train 0.001159 | val 0.041383
16:05:38  Epoch  200 | train 0.001061 | val 0.043238
16:05:40  Epoch  210 | train 0.000916 | val 0.035185
16:05:41  Epoch  220 | train 0.000682 | val 0.037022
16:05:43  Epoch  230 | train 0.000923 | val 0.037470
16:05:44  Epoch  240 | train 0.000786 | val 0.039990
16:05:45  Epoch  250 | train 0.006427 | val 0.892007
16:05:47  Epoch  260 | train 0.003246 | val 0.047753
16:05:48  Epoch  270 | train 0.001544 | val 0.043059
16:05:50  Epoch  280 | train 0.001187 | val 0.037224
16:05:51  Epoch  290 | train 0.000905 | val 0.042063
16:05:53  Epoch  300 | train 0.000840 | val 0.038425
16:05:54  Epoch  310 | train 0.000623 | val 0.042301
16:05:55  Epoch  320 | train 0.006280 | val 0.060229
16:05:57  Epoch  330 | train 0.001400 | val 0.044980
16:05:58  Epoch  340 | train 0.001152 | val 0.046165
16:06:00  Epoch  350 | train 0.000762 | val 0.040951
16:06:01  Epoch  360 | train 0.000718 | val 0.045084
16:06:03  Epoch  370 | train 0.000770 | val 0.036546
16:06:04  Epoch  380 | train 0.000622 | val 0.050622
16:06:06  Epoch  390 | train 0.000680 | val 0.038114
16:06:07  Epoch  400 | train 0.169089 | val 1.720338
16:06:09  Epoch  410 | train 0.002815 | val 0.052147
16:06:10  Epoch  420 | train 0.001380 | val 0.046338
16:06:11  Epoch  430 | train 0.000993 | val 0.049594
16:06:13  Epoch  440 | train 0.000857 | val 0.046391
16:06:14  Epoch  450 | train 0.000720 | val 0.052081
16:06:16  Epoch  460 | train 0.000609 | val 0.048826
16:06:17  Epoch  470 | train 0.001507 | val 0.074158
16:06:19  Epoch  480 | train 0.000578 | val 0.046066
16:06:20  Epoch  490 | train 0.097451 | val 0.207421
16:06:22  Epoch  500 | train 0.002299 | val 0.039940
16:06:22  === Pruning ===
16:06:23    Layer 0: silent=0  redundant=0  | removed=0  remaining=32
16:06:23    Layer 1: silent=2  redundant=0  | removed=2  remaining=62
16:06:23    Layer 2: silent=0  redundant=0  | removed=0  remaining=32
16:06:23    Total removed: 2
16:06:25  === Efficiency: original vs pruned ===
16:06:25    Parameters :   97,674  →    95,942   (1.8% reduction)
16:06:25    Model size :   381.54 KB  →    374.77 KB
16:06:25    FLOPs      : 12,362,368  →  12,141,184   (1.8% reduction)
16:06:25    Infer time :   258.71 µs  →    269.46 µs   (-4.2% faster)
16:06:25  === Fine-tuning ===
16:06:26  Epoch    5 | train 0.001755 | val 0.041079
16:06:27  Epoch   10 | train 0.001295 | val 0.042465
16:06:28  === Efficiency: original vs fine-tuned ===
16:06:28    Parameters :   97,674  →    95,942   (1.8% reduction)
16:06:28    Model size :   381.54 KB  →    374.77 KB
16:06:28    FLOPs      : 12,362,368  →  12,141,184   (1.8% reduction)
16:06:28    Infer time :   250.20 µs  →    254.39 µs   (-1.7% faster)
16:06:28  Saved results to /home/amirabbas-kazeminia/Projects/pruning/outputs/mnist_rescnn/ccf81b13/0015e771/db5f02d8/results.json
16:06:28  Saved pruning summary to /home/amirabbas-kazeminia/Projects/pruning/outputs/mnist_rescnn/ccf81b13/0015e771/db5f02d8/pruning_summary.png
