14:09:31  Output dir : /home/amirabbas-kazeminia/Projects/pruning/outputs/nullseye_resnet/f877d4fe/2e26e87f/62acb063
14:09:31  Log dir    : /home/amirabbas-kazeminia/Projects/pruning/logs/nullseye_resnet/f877d4fe/2e26e87f/62acb063
14:09:31  Model: ResNet(
  (blocks): ModuleList(
    (0): ResidualBlock(
      (branch): Sequential(
        (0): Linear(in_features=2, out_features=128, bias=True)
        (1): ReLU()
        (2): Linear(in_features=128, out_features=128, bias=True)
      )
      (shortcut): Linear(in_features=2, out_features=128, bias=False)
      (relu): ReLU()
    )
    (1-2): 2 x ResidualBlock(
      (branch): Sequential(
        (0): Linear(in_features=128, out_features=128, bias=True)
        (1): ReLU()
        (2): Linear(in_features=128, out_features=128, bias=True)
      )
      (shortcut): Identity()
      (relu): ReLU()
    )
  )
  (head): Linear(in_features=128, out_features=1, bias=True)
)
14:09:31  Fitting bullseye(x) with 83329 parameters
14:09:31  === Training ===
14:09:34  Epoch   50 | train 0.559421 | val 0.962885
14:09:34  Epoch  100 | train 0.493123 | val 1.066014
14:09:34  Epoch  150 | train 0.403445 | val 1.172470
14:09:34  Epoch  200 | train 0.299185 | val 1.365447
14:09:34  Epoch  250 | train 0.235932 | val 1.546736
14:09:34  Epoch  300 | train 0.184472 | val 1.591290
14:09:34  Epoch  350 | train 0.157459 | val 1.732178
14:09:34  Epoch  400 | train 0.187481 | val 1.861932
14:09:34  Epoch  450 | train 0.088915 | val 1.910580
14:09:34  Epoch  500 | train 0.069913 | val 2.025115
14:09:34  Epoch  550 | train 0.068720 | val 2.144512
14:09:35  Epoch  600 | train 0.051334 | val 2.232998
14:09:35  Epoch  650 | train 0.045170 | val 2.227196
14:09:35  Epoch  700 | train 0.052662 | val 2.162050
14:09:35  Epoch  750 | train 0.054856 | val 2.224415
14:09:35  Epoch  800 | train 0.026911 | val 2.268273
14:09:35  Epoch  850 | train 0.022777 | val 2.255408
14:09:35  Epoch  900 | train 0.017277 | val 2.153164
14:09:35  Epoch  950 | train 0.010603 | val 2.161698
14:09:35  Epoch 1000 | train 0.023571 | val 2.019186
14:09:35  Epoch 1050 | train 0.008349 | val 2.127460
14:09:35  Epoch 1100 | train 0.005163 | val 2.087653
14:09:36  Epoch 1150 | train 0.002684 | val 2.198938
14:09:36  Epoch 1200 | train 0.001271 | val 2.218011
14:09:36  Epoch 1250 | train 0.029484 | val 2.009362
14:09:36  Epoch 1300 | train 0.015706 | val 2.046060
14:09:36  Epoch 1350 | train 0.014066 | val 1.968961
14:09:36  Epoch 1400 | train 0.008106 | val 2.028482
14:09:36  Epoch 1450 | train 0.007361 | val 2.067699
14:09:36  Epoch 1500 | train 0.009118 | val 2.154126
14:09:36  Epoch 1550 | train 0.002497 | val 2.093795
14:09:36  Epoch 1600 | train 0.003612 | val 2.040366
14:09:37  Epoch 1650 | train 0.000544 | val 2.104248
14:09:37  Epoch 1700 | train 0.000169 | val 2.083839
14:09:37  Epoch 1750 | train 0.043774 | val 1.742697
14:09:37  Epoch 1800 | train 0.000442 | val 2.101269
14:09:37  Epoch 1850 | train 0.000130 | val 2.102953
14:09:37  Epoch 1900 | train 0.000097 | val 2.104388
14:09:37  Epoch 1950 | train 0.000108 | val 2.096372
14:09:37  Epoch 2000 | train 0.000063 | val 2.080599
14:09:37  Epoch 2050 | train 0.000048 | val 2.085929
14:09:37  Epoch 2100 | train 0.000041 | val 2.085799
14:09:37  Epoch 2150 | train 0.000036 | val 2.085115
14:09:38  Epoch 2200 | train 0.000444 | val 2.040734
14:09:38  Epoch 2250 | train 0.000107 | val 2.058805
14:09:38  Epoch 2300 | train 0.000028 | val 2.065039
14:09:38  Epoch 2350 | train 0.000025 | val 2.065798
14:09:38  Epoch 2400 | train 0.000210 | val 2.049412
14:09:38  Epoch 2450 | train 0.006690 | val 2.115163
14:09:38  Epoch 2500 | train 0.000045 | val 2.027086
14:09:38  Epoch 2550 | train 0.000017 | val 2.017216
14:09:38  Epoch 2600 | train 0.000013 | val 2.016737
14:09:38  Epoch 2650 | train 0.000011 | val 2.016654
14:09:39  Epoch 2700 | train 0.000010 | val 2.016583
14:09:39  Epoch 2750 | train 0.000009 | val 2.016508
14:09:39  Epoch 2800 | train 0.116942 | val 2.677399
14:09:39  Epoch 2850 | train 0.019502 | val 2.200518
14:09:39  Epoch 2900 | train 0.009741 | val 2.287711
14:09:39  Epoch 2950 | train 0.003442 | val 2.374897
14:09:39  Epoch 3000 | train 0.001548 | val 2.363186
14:09:39  Epoch 3050 | train 0.000529 | val 2.328019
14:09:39  Epoch 3100 | train 0.000191 | val 2.301537
14:09:39  Epoch 3150 | train 0.000086 | val 2.291378
14:09:40  Epoch 3200 | train 0.000058 | val 2.287806
14:09:40  Epoch 3250 | train 0.000050 | val 2.285717
14:09:40  Epoch 3300 | train 0.021949 | val 2.390321
14:09:40  Epoch 3350 | train 0.000100 | val 2.209049
14:09:40  Epoch 3400 | train 0.000034 | val 2.212339
14:09:40  Epoch 3450 | train 0.000028 | val 2.211147
14:09:40  Epoch 3500 | train 0.000025 | val 2.209476
14:09:40  Epoch 3550 | train 0.000022 | val 2.208108
14:09:40  Epoch 3600 | train 0.000025 | val 2.204147
14:09:40  Epoch 3650 | train 0.001521 | val 2.027151
14:09:40  Epoch 3700 | train 0.000051 | val 2.056965
14:09:41  Epoch 3750 | train 0.000035 | val 2.058484
14:09:41  Epoch 3800 | train 0.000031 | val 2.056817
14:09:41  Epoch 3850 | train 0.000027 | val 2.056037
14:09:41  Epoch 3900 | train 0.000024 | val 2.055358
14:09:41  Epoch 3950 | train 0.000021 | val 2.054935
14:09:41  Epoch 4000 | train 0.000017 | val 2.054140
14:09:41  Epoch 4050 | train 0.000250 | val 2.071216
14:09:41  Epoch 4100 | train 0.000032 | val 2.035664
14:09:41  Epoch 4150 | train 0.000017 | val 2.033711
14:09:41  Epoch 4200 | train 0.015777 | val 2.011034
14:09:42  Epoch 4250 | train 0.000694 | val 1.961257
14:09:42  Epoch 4300 | train 0.003920 | val 1.968546
14:09:42  Epoch 4350 | train 0.000068 | val 2.072412
14:09:42  Epoch 4400 | train 0.000018 | val 2.071239
14:09:42  Epoch 4450 | train 0.000012 | val 2.070237
14:09:42  Epoch 4500 | train 0.000008 | val 2.069874
14:09:42  Epoch 4550 | train 0.000006 | val 2.069416
14:09:42  Epoch 4600 | train 0.000004 | val 2.069088
14:09:42  Epoch 4650 | train 0.000003 | val 2.068738
14:09:42  Epoch 4700 | train 0.000002 | val 2.068475
14:09:43  Epoch 4750 | train 0.000002 | val 2.068195
14:09:43  Epoch 4800 | train 0.000010 | val 2.062966
14:09:43  Epoch 4850 | train 0.016530 | val 1.952142
14:09:43  Epoch 4900 | train 0.006280 | val 1.975180
14:09:43  Epoch 4950 | train 0.001680 | val 2.057914
14:09:43  Epoch 5000 | train 0.000016 | val 2.053994
14:09:43  === Pruning ===
14:09:43    Layer 0: silent=0  redundant=4  | removed=4  remaining=124
14:09:43    Layer 1: silent=25  redundant=0  | removed=25  remaining=103
14:09:43    Layer 2: silent=34  redundant=0  | removed=34  remaining=94
14:09:43    Total removed: 63
14:09:43  === Efficiency: original vs pruned ===
14:09:43    Parameters :   83,329  →    67,642   (18.8% reduction)
14:09:43    Model size :   325.50 KB  →    264.23 KB
14:09:43    FLOPs      :  165,120  →   133,872   (18.9% reduction)
14:09:43    Infer time :    50.08 µs  →     68.20 µs   (-36.2% faster)
14:09:43  === Fine-tuning ===
14:09:43  Epoch   50 | train 0.000332 | val 2.111630
14:09:43  Epoch  100 | train 0.000069 | val 2.132994
14:09:44  Epoch  150 | train 0.000037 | val 2.141455
14:09:44  Epoch  200 | train 0.000018 | val 2.148942
14:09:44  Epoch  250 | train 0.000010 | val 2.153449
14:09:44  Epoch  300 | train 0.000007 | val 2.155959
14:09:44  Epoch  350 | train 0.000006 | val 2.157368
14:09:44  Epoch  400 | train 0.000005 | val 2.158335
14:09:44  Epoch  450 | train 0.000004 | val 2.159038
14:09:44  Epoch  500 | train 0.000004 | val 2.159550
14:09:44  Epoch  550 | train 0.000004 | val 2.159872
14:09:44  Epoch  600 | train 0.000003 | val 2.160051
14:09:44  Epoch  650 | train 0.000003 | val 2.160103
14:09:44  Epoch  700 | train 0.000003 | val 2.160086
14:09:45  Epoch  750 | train 0.000003 | val 2.160032
14:09:45  Epoch  800 | train 0.000002 | val 2.159984
14:09:45  Epoch  850 | train 0.000002 | val 2.159969
14:09:45  Epoch  900 | train 0.000002 | val 2.159924
14:09:45  Epoch  950 | train 0.000002 | val 2.158349
14:09:45  Epoch 1000 | train 0.000001 | val 2.158783
14:09:45  Epoch 1050 | train 0.000001 | val 2.158920
14:09:45  Epoch 1100 | train 0.000007 | val 2.155560
14:09:45  Epoch 1150 | train 0.000001 | val 2.157689
14:09:45  Epoch 1200 | train 0.000001 | val 2.157576
14:09:45  Epoch 1250 | train 0.000001 | val 2.157546
14:09:45  Epoch 1300 | train 0.000041 | val 2.158095
14:09:45  Epoch 1350 | train 0.000001 | val 2.157044
14:09:46  Epoch 1400 | train 0.000001 | val 2.156931
14:09:46  Epoch 1450 | train 0.000000 | val 2.156869
14:09:46  Epoch 1500 | train 0.000000 | val 2.156842
14:09:46  Epoch 1550 | train 0.000000 | val 2.156826
14:09:46  Epoch 1600 | train 0.000245 | val 2.156723
14:09:46  Epoch 1650 | train 0.000000 | val 2.155386
14:09:46  Epoch 1700 | train 0.000000 | val 2.154526
14:09:46  Epoch 1750 | train 0.000000 | val 2.154501
14:09:46  Epoch 1800 | train 0.000000 | val 2.154428
14:09:46  Epoch 1850 | train 0.000000 | val 2.154371
14:09:46  Epoch 1900 | train 0.000000 | val 2.154330
14:09:46  Epoch 1950 | train 0.000000 | val 2.154288
14:09:47  Epoch 2000 | train 0.000000 | val 2.154245
14:09:47  Epoch 2050 | train 0.000000 | val 2.154198
14:09:47  Epoch 2100 | train 0.000035 | val 2.164698
14:09:47  Epoch 2150 | train 0.000001 | val 2.149753
14:09:47  Epoch 2200 | train 0.000000 | val 2.150178
14:09:47  Epoch 2250 | train 0.000000 | val 2.150214
14:09:47  Epoch 2300 | train 0.000000 | val 2.150214
14:09:47  Epoch 2350 | train 0.000000 | val 2.150200
14:09:47  Epoch 2400 | train 0.000000 | val 2.150177
14:09:47  Epoch 2450 | train 0.000000 | val 2.150147
14:09:47  Epoch 2500 | train 0.000000 | val 2.150114
14:09:47  Epoch 2550 | train 0.000000 | val 2.150084
14:09:47  Epoch 2600 | train 0.000000 | val 2.150057
14:09:48  Epoch 2650 | train 0.000000 | val 2.150135
14:09:48  Epoch 2700 | train 0.000066 | val 2.145726
14:09:48  Epoch 2750 | train 0.000001 | val 2.143176
14:09:48  Epoch 2800 | train 0.000000 | val 2.143482
14:09:48  Epoch 2850 | train 0.000000 | val 2.143332
14:09:48  Epoch 2900 | train 0.000000 | val 2.143199
14:09:48  Epoch 2950 | train 0.000000 | val 2.143130
14:09:48  Epoch 3000 | train 0.000000 | val 2.143126
14:09:48  Epoch 3050 | train 0.000000 | val 2.143130
14:09:48  Epoch 3100 | train 0.000000 | val 2.143131
14:09:48  Epoch 3150 | train 0.000000 | val 2.143140
14:09:48  Epoch 3200 | train 0.000000 | val 2.143149
14:09:49  Epoch 3250 | train 0.000000 | val 2.143155
14:09:49  Epoch 3300 | train 0.000000 | val 2.143160
14:09:49  Epoch 3350 | train 0.000000 | val 2.143155
14:09:49  Epoch 3400 | train 0.000000 | val 2.143153
14:09:49  Epoch 3450 | train 0.000000 | val 2.143153
14:09:49  Epoch 3500 | train 0.000000 | val 2.143151
14:09:49  Epoch 3550 | train 0.000000 | val 2.143148
14:09:49  Epoch 3600 | train 0.000000 | val 2.143146
14:09:49  Epoch 3650 | train 0.000216 | val 2.124710
14:09:49  Epoch 3700 | train 0.000001 | val 2.126079
14:09:49  Epoch 3750 | train 0.000000 | val 2.125805
14:09:49  Epoch 3800 | train 0.000000 | val 2.125833
14:09:49  Epoch 3850 | train 0.000000 | val 2.125827
14:09:50  Epoch 3900 | train 0.000000 | val 2.125825
14:09:50  Epoch 3950 | train 0.000000 | val 2.125823
14:09:50  Epoch 4000 | train 0.000000 | val 2.125814
14:09:50  Epoch 4050 | train 0.000000 | val 2.125799
14:09:50  Epoch 4100 | train 0.000000 | val 2.125765
14:09:50  Epoch 4150 | train 0.000000 | val 2.125749
14:09:50  Epoch 4200 | train 0.000000 | val 2.125744
14:09:50  Epoch 4250 | train 0.000000 | val 2.125740
14:09:50  Epoch 4300 | train 0.000000 | val 2.125739
14:09:50  Epoch 4350 | train 0.000000 | val 2.125734
14:09:50  Epoch 4400 | train 0.000000 | val 2.125728
14:09:50  Epoch 4450 | train 0.000000 | val 2.125724
14:09:51  Epoch 4500 | train 0.000000 | val 2.125714
14:09:51  Epoch 4550 | train 0.000000 | val 2.125706
14:09:51  Epoch 4600 | train 0.000000 | val 2.125700
14:09:51  Epoch 4650 | train 0.000000 | val 2.125692
14:09:51  Epoch 4700 | train 0.000000 | val 2.125682
14:09:51  Epoch 4750 | train 0.000000 | val 2.125675
14:09:51  Epoch 4800 | train 0.000000 | val 2.125670
14:09:51  Epoch 4850 | train 0.000000 | val 2.125661
14:09:51  Epoch 4900 | train 0.000000 | val 2.125657
14:09:51  Epoch 4950 | train 0.000000 | val 2.125649
14:09:51  Epoch 5000 | train 0.000000 | val 2.125640
14:09:51  Epoch 5050 | train 0.000000 | val 2.125633
14:09:52  Epoch 5100 | train 0.000000 | val 2.125625
14:09:52  Epoch 5150 | train 0.000000 | val 2.125619
14:09:52  Epoch 5200 | train 0.000000 | val 2.125611
14:09:52  Epoch 5250 | train 0.000000 | val 2.125606
14:09:52  Epoch 5300 | train 0.000000 | val 2.125601
14:09:52  Epoch 5350 | train 0.000000 | val 2.125599
14:09:52  Epoch 5400 | train 0.000000 | val 2.125594
14:09:52  Epoch 5450 | train 0.000000 | val 2.125585
14:09:52  Epoch 5500 | train 0.000149 | val 2.098504
14:09:52  Epoch 5550 | train 0.000001 | val 2.106343
14:09:52  Epoch 5600 | train 0.000000 | val 2.106100
14:09:52  Epoch 5650 | train 0.000001 | val 2.106271
14:09:52  Epoch 5700 | train 0.000000 | val 2.106394
14:09:53  Epoch 5750 | train 0.000004 | val 2.106528
14:09:53  Epoch 5800 | train 0.000000 | val 2.105609
14:09:53  Epoch 5850 | train 0.000000 | val 2.105660
14:09:53  Epoch 5900 | train 0.000000 | val 2.105697
14:09:53  Epoch 5950 | train 0.000000 | val 2.105723
14:09:53  Epoch 6000 | train 0.000000 | val 2.105747
14:09:53  Epoch 6050 | train 0.000000 | val 2.105767
14:09:53  Epoch 6100 | train 0.000000 | val 2.105788
14:09:53  Epoch 6150 | train 0.000000 | val 2.105808
14:09:53  Epoch 6200 | train 0.000000 | val 2.105824
14:09:53  Epoch 6250 | train 0.000000 | val 2.105844
14:09:53  Epoch 6300 | train 0.000000 | val 2.105864
14:09:54  Epoch 6350 | train 0.000000 | val 2.105880
14:09:54  Epoch 6400 | train 0.000000 | val 2.105890
14:09:54  Epoch 6450 | train 0.000000 | val 2.105899
14:09:54  Epoch 6500 | train 0.000000 | val 2.105910
14:09:54  Epoch 6550 | train 0.000000 | val 2.105919
14:09:54  Epoch 6600 | train 0.000000 | val 2.105927
14:09:54  Epoch 6650 | train 0.000000 | val 2.105934
14:09:54  Epoch 6700 | train 0.000000 | val 2.105941
14:09:54  Epoch 6750 | train 0.000000 | val 2.105948
14:09:54  Epoch 6800 | train 0.000000 | val 2.105953
14:09:54  Epoch 6850 | train 0.000000 | val 2.105957
14:09:54  Epoch 6900 | train 0.000000 | val 2.105961
14:09:54  Epoch 6950 | train 0.000000 | val 2.105966
14:09:55  Epoch 7000 | train 0.000000 | val 2.105969
14:09:55  Epoch 7050 | train 0.000000 | val 2.105973
14:09:55  Epoch 7100 | train 0.000000 | val 2.105976
14:09:55  Epoch 7150 | train 0.000000 | val 2.105979
14:09:55  Epoch 7200 | train 0.000000 | val 2.105981
14:09:55  Epoch 7250 | train 0.000000 | val 2.105983
14:09:55  Epoch 7300 | train 0.000000 | val 2.105984
14:09:55  Epoch 7350 | train 0.000000 | val 2.105986
14:09:55  Epoch 7400 | train 0.000000 | val 2.105987
14:09:55  Epoch 7450 | train 0.000000 | val 2.105989
14:09:55  Epoch 7500 | train 0.000000 | val 2.105989
14:09:55  Epoch 7550 | train 0.000000 | val 2.105990
14:09:56  Epoch 7600 | train 0.000000 | val 2.105991
14:09:56  Epoch 7650 | train 0.000000 | val 2.105993
14:09:56  Epoch 7700 | train 0.000000 | val 2.105993
14:09:56  Epoch 7750 | train 0.000000 | val 2.105994
14:09:56  Epoch 7800 | train 0.000000 | val 2.105994
14:09:56  Epoch 7850 | train 0.000000 | val 2.105995
14:09:56  Epoch 7900 | train 0.000000 | val 2.105994
14:09:56  Epoch 7950 | train 0.000000 | val 2.105994
14:09:56  Epoch 8000 | train 0.000000 | val 2.105995
14:09:56  Epoch 8050 | train 0.000000 | val 2.105995
14:09:56  Epoch 8100 | train 0.000000 | val 2.105995
14:09:56  Epoch 8150 | train 0.000000 | val 2.105995
14:09:57  Epoch 8200 | train 0.000000 | val 2.105995
14:09:57  Epoch 8250 | train 0.000336 | val 2.091007
14:09:57  Epoch 8300 | train 0.000001 | val 2.091629
14:09:57  Epoch 8350 | train 0.000000 | val 2.090415
14:09:57  Epoch 8400 | train 0.000000 | val 2.090493
14:09:57  Epoch 8450 | train 0.000000 | val 2.090458
14:09:57  Epoch 8500 | train 0.000000 | val 2.090441
14:09:57  Epoch 8550 | train 0.000000 | val 2.090434
14:09:57  Epoch 8600 | train 0.000000 | val 2.090432
14:09:57  Epoch 8650 | train 0.000000 | val 2.090435
14:09:57  Epoch 8700 | train 0.000000 | val 2.090444
14:09:57  Epoch 8750 | train 0.000000 | val 2.090458
14:09:58  Epoch 8800 | train 0.000000 | val 2.090472
14:09:58  Epoch 8850 | train 0.000000 | val 2.090485
14:09:58  Epoch 8900 | train 0.000000 | val 2.090497
14:09:58  Epoch 8950 | train 0.000000 | val 2.090512
14:09:58  Epoch 9000 | train 0.000000 | val 2.090526
14:09:58  Epoch 9050 | train 0.000000 | val 2.090538
14:09:58  Epoch 9100 | train 0.000000 | val 2.090550
14:09:58  Epoch 9150 | train 0.000000 | val 2.090561
14:09:58  Epoch 9200 | train 0.000000 | val 2.090570
14:09:58  Epoch 9250 | train 0.000000 | val 2.090581
14:09:58  Epoch 9300 | train 0.000000 | val 2.090590
14:09:58  Epoch 9350 | train 0.000000 | val 2.090598
14:09:58  Epoch 9400 | train 0.000000 | val 2.090605
14:09:59  Epoch 9450 | train 0.000000 | val 2.090611
14:09:59  Epoch 9500 | train 0.000000 | val 2.090618
14:09:59  Epoch 9550 | train 0.000000 | val 2.090624
14:09:59  Epoch 9600 | train 0.000000 | val 2.090629
14:09:59  Epoch 9650 | train 0.000000 | val 2.090633
14:09:59  Epoch 9700 | train 0.000000 | val 2.090637
14:09:59  Epoch 9750 | train 0.000000 | val 2.090641
14:09:59  Epoch 9800 | train 0.000000 | val 2.090644
14:09:59  Epoch 9850 | train 0.000000 | val 2.090647
14:09:59  Epoch 9900 | train 0.000000 | val 2.090650
14:09:59  Epoch 9950 | train 0.000000 | val 2.090653
14:09:59  Epoch 10000 | train 0.000000 | val 2.090656
14:10:00  === Efficiency: original vs fine-tuned ===
14:10:00    Parameters :   83,329  →    67,642   (18.8% reduction)
14:10:00    Model size :   325.50 KB  →    264.23 KB
14:10:00    FLOPs      :  165,120  →   133,872   (18.9% reduction)
14:10:00    Infer time :    50.44 µs  →     67.89 µs   (-34.6% faster)
14:10:00  Saved results to /home/amirabbas-kazeminia/Projects/pruning/outputs/nullseye_resnet/f877d4fe/2e26e87f/62acb063/results.json
14:10:00  Saved pruning summary to /home/amirabbas-kazeminia/Projects/pruning/outputs/nullseye_resnet/f877d4fe/2e26e87f/62acb063/pruning_summary.png
