14:47:51  ============================================================
14:47:51  Experiment: modular_transformer
14:47:51  ============================================================
14:47:51  Model      : ModularTransformer  (290,657 params)
14:47:51  Task       : modular_add  (97 classes, p=97)
14:47:51  Data       : 4704 train  /  4705 val  (all 97² pairs)
14:47:51  === Training ===
14:48:20  Epoch  500 | train 1.437856 | val 0.449047 | acc 0.9802
14:48:58  Epoch 1000 | train 0.055568 | val 0.060821 | acc 1.0000
14:49:32  Epoch 1500 | train 0.042490 | val 0.047085 | acc 1.0000
14:50:08  Epoch 2000 | train 0.206631 | val 0.230940 | acc 0.9911
14:50:44  Epoch 2500 | train 0.736378 | val 0.742242 | acc 0.8973
14:51:15  Epoch 3000 | train 2.310428 | val 2.306718 | acc 0.1983
14:51:15  Final val accuracy: 0.1983
14:51:15  === Pruning ===
14:51:15    FFN layer 0: silent=0  redundant=0  | removed=0  remaining=256
14:51:15    FFN layer 1: silent=0  redundant=138  | removed=138  remaining=118
14:51:15    Total removed: 138
14:51:16  === Efficiency: original vs pruned ===
14:51:16    Parameters :  290,657  →   255,191   (12.2% reduction)
14:51:16    Model size :  1135.38 KB  →    996.84 KB
14:51:16    FLOPs      :  286,976  →   216,320   (24.6% reduction)
14:51:16    Infer time :   235.21 µs  →    262.84 µs   (-11.8% faster)
14:51:16  === Fine-tuning ===
14:51:30  Epoch  200 | train 2.009914 | val 2.086129 | acc 0.3326
14:51:41  Epoch  400 | train 1.835354 | val 1.947802 | acc 0.3294
14:51:51  Epoch  600 | train 1.668086 | val 1.835161 | acc 0.3356
14:52:02  Epoch  800 | train 1.566367 | val 1.781628 | acc 0.3190
14:52:14  Epoch 1000 | train 1.494479 | val 1.746186 | acc 0.3277
14:52:14  Final val accuracy (finetuned): 0.3277
14:52:15  === Efficiency: original vs fine-tuned ===
14:52:15    Parameters :  290,657  →   255,191   (12.2% reduction)
14:52:15    Model size :  1135.38 KB  →    996.84 KB
14:52:15    FLOPs      :  286,976  →   216,320   (24.6% reduction)
14:52:15    Infer time :   220.70 µs  →    222.01 µs   (-0.6% faster)
14:52:15  Saved results to /home/amirabbas-kazeminia/Projects/pruning/outputs/modular_transformer/403debbb/a16c4632/1201fc58/results.json
14:52:15  Saved pruning summary to /home/amirabbas-kazeminia/Projects/pruning/outputs/modular_transformer/403debbb/a16c4632/1201fc58/pruning_summary.png
