14:16:46  ============================================================
14:16:46  Experiment: mnist_flat_mlp
14:16:46  ============================================================
14:16:47  Model      : MLP  (567,434 params)
14:16:47  Task       : multiclass  (10 classes)
14:16:47  Data       : mnist_flat  (train=1600, val=400)
14:16:47  === Training ===
14:16:47  Epoch   10 | train 0.015430 | val 0.348733 | acc 0.9250
14:16:48  Epoch   20 | train 0.000944 | val 0.395450 | acc 0.9275
14:16:49  Epoch   30 | train 0.000512 | val 0.411645 | acc 0.9300
14:16:49  Epoch   40 | train 0.000370 | val 0.426903 | acc 0.9300
14:16:50  Epoch   50 | train 0.000302 | val 0.446579 | acc 0.9275
14:16:50  Epoch   60 | train 0.000270 | val 0.460830 | acc 0.9275
14:16:51  Epoch   70 | train 0.000270 | val 0.467761 | acc 0.9275
14:16:51  Epoch   80 | train 0.000255 | val 0.464498 | acc 0.9300
14:16:52  Epoch   90 | train 0.000256 | val 0.470244 | acc 0.9250
14:16:52  Epoch  100 | train 0.000287 | val 0.454536 | acc 0.9300
14:16:52  Epoch  110 | train 0.000239 | val 0.456163 | acc 0.9375
14:16:52  Epoch  120 | train 0.000281 | val 0.442899 | acc 0.9275
14:16:53  Epoch  130 | train 0.011159 | val 0.419921 | acc 0.9300
14:16:53  Epoch  140 | train 0.000147 | val 0.463530 | acc 0.9200
14:16:53  Epoch  150 | train 0.000129 | val 0.461679 | acc 0.9200
14:16:54  Epoch  160 | train 0.000127 | val 0.458567 | acc 0.9200
14:16:54  Epoch  170 | train 0.000143 | val 0.453708 | acc 0.9275
14:16:54  Epoch  180 | train 0.000147 | val 0.450321 | acc 0.9275
14:16:54  Epoch  190 | train 0.000165 | val 0.441114 | acc 0.9325
14:16:54  Epoch  200 | train 0.000183 | val 0.441606 | acc 0.9300
14:16:55  Epoch  210 | train 0.000194 | val 0.422412 | acc 0.9300
14:16:55  Epoch  220 | train 0.000221 | val 0.425972 | acc 0.9350
14:16:55  Epoch  230 | train 0.000231 | val 0.411441 | acc 0.9325
14:16:55  Epoch  240 | train 0.000240 | val 0.412200 | acc 0.9300
14:16:56  Epoch  250 | train 0.000252 | val 0.426476 | acc 0.9350
14:16:56  Epoch  260 | train 0.000258 | val 0.420573 | acc 0.9350
14:16:56  Epoch  270 | train 0.000266 | val 0.408612 | acc 0.9350
14:16:56  Epoch  280 | train 0.000269 | val 0.398128 | acc 0.9350
14:16:57  Epoch  290 | train 0.000269 | val 0.389186 | acc 0.9325
14:16:57  Epoch  300 | train 0.000261 | val 0.409684 | acc 0.9325
14:16:57  Epoch  310 | train 0.000262 | val 0.410240 | acc 0.9300
14:16:57  Epoch  320 | train 0.000222 | val 0.405188 | acc 0.9300
14:16:58  Epoch  330 | train 0.000217 | val 0.407032 | acc 0.9300
14:16:58  Epoch  340 | train 0.000260 | val 0.385064 | acc 0.9375
14:16:58  Epoch  350 | train 0.000261 | val 0.379067 | acc 0.9375
14:16:58  Epoch  360 | train 0.371574 | val 0.602542 | acc 0.8425
14:16:58  Epoch  370 | train 0.000103 | val 0.451917 | acc 0.9400
14:16:59  Epoch  380 | train 0.000075 | val 0.460472 | acc 0.9400
14:16:59  Epoch  390 | train 0.000079 | val 0.461298 | acc 0.9375
14:16:59  Epoch  400 | train 0.000082 | val 0.459959 | acc 0.9375
14:16:59  Epoch  410 | train 0.000091 | val 0.467998 | acc 0.9375
14:17:00  Epoch  420 | train 0.000101 | val 0.452864 | acc 0.9425
14:17:00  Epoch  430 | train 0.000111 | val 0.436391 | acc 0.9425
14:17:00  Epoch  440 | train 0.000130 | val 0.433614 | acc 0.9400
14:17:00  Epoch  450 | train 0.000144 | val 0.432915 | acc 0.9400
14:17:01  Epoch  460 | train 0.000164 | val 0.427174 | acc 0.9400
14:17:01  Epoch  470 | train 0.000185 | val 0.420730 | acc 0.9325
14:17:01  Epoch  480 | train 0.000199 | val 0.405196 | acc 0.9350
14:17:01  Epoch  490 | train 0.000198 | val 0.417006 | acc 0.9325
14:17:01  Epoch  500 | train 0.000206 | val 0.417948 | acc 0.9300
14:17:01  Final val accuracy: 0.9300
14:17:01  === Pruning ===
14:17:02    Layer 0: silent=11  redundant=58  | removed=69  remaining=443
14:17:02    Layer 1: silent=34  redundant=41  | removed=75  remaining=181
14:17:02    Layer 2: silent=20  redundant=5  | removed=25  remaining=103
14:17:02    Total removed: 169
14:17:02  === Efficiency: original vs pruned ===
14:17:02    Parameters :  567,434  →   447,905   (21.1% reduction)
14:17:02    Model size :  2216.54 KB  →   1749.63 KB
14:17:02    FLOPs      : 1,133,056  →   894,336   (21.1% reduction)
14:17:02    Infer time :    47.04 µs  →     46.80 µs   (0.5% faster)
14:17:02  === Fine-tuning ===
14:17:02  Epoch   10 | train 0.000388 | val 0.374023 | acc 0.9375
14:17:02  Epoch   20 | train 0.000250 | val 0.391564 | acc 0.9350
14:17:03  Epoch   30 | train 0.000224 | val 0.393263 | acc 0.9350
14:17:03  Epoch   40 | train 0.000220 | val 0.401174 | acc 0.9325
14:17:03  Epoch   50 | train 0.000219 | val 0.390189 | acc 0.9350
14:17:03  Epoch   60 | train 0.000213 | val 0.388312 | acc 0.9375
14:17:03  Epoch   70 | train 0.000218 | val 0.399061 | acc 0.9350
14:17:04  Epoch   80 | train 0.000208 | val 0.394884 | acc 0.9350
14:17:04  Epoch   90 | train 0.000224 | val 0.398432 | acc 0.9325
14:17:04  Epoch  100 | train 0.000217 | val 0.387811 | acc 0.9350
14:17:04  Epoch  110 | train 0.000212 | val 0.396965 | acc 0.9350
14:17:05  Epoch  120 | train 0.000216 | val 0.382025 | acc 0.9350
14:17:05  Epoch  130 | train 0.000199 | val 0.402280 | acc 0.9350
14:17:05  Epoch  140 | train 0.000206 | val 0.386735 | acc 0.9300
14:17:05  Epoch  150 | train 0.000204 | val 0.390102 | acc 0.9325
14:17:06  Epoch  160 | train 0.000199 | val 0.392310 | acc 0.9325
14:17:06  Epoch  170 | train 0.000198 | val 0.384160 | acc 0.9350
14:17:06  Epoch  180 | train 0.000211 | val 0.372855 | acc 0.9350
14:17:06  Epoch  190 | train 0.000198 | val 0.377444 | acc 0.9325
14:17:07  Epoch  200 | train 0.000211 | val 0.382113 | acc 0.9350
14:17:07  Epoch  210 | train 0.000203 | val 0.399587 | acc 0.9300
14:17:07  Epoch  220 | train 0.000205 | val 0.380145 | acc 0.9350
14:17:07  Epoch  230 | train 0.000199 | val 0.385654 | acc 0.9300
14:17:08  Epoch  240 | train 0.000190 | val 0.391348 | acc 0.9350
14:17:08  Epoch  250 | train 0.000200 | val 0.373004 | acc 0.9350
14:17:08  Epoch  260 | train 0.000196 | val 0.379997 | acc 0.9325
14:17:08  Epoch  270 | train 0.000203 | val 0.383495 | acc 0.9325
14:17:08  Epoch  280 | train 0.000194 | val 0.380464 | acc 0.9325
14:17:09  Epoch  290 | train 0.000199 | val 0.375005 | acc 0.9300
14:17:09  Epoch  300 | train 0.000195 | val 0.371057 | acc 0.9325
14:17:09  Epoch  310 | train 0.000190 | val 0.372884 | acc 0.9350
14:17:09  Epoch  320 | train 0.000197 | val 0.369693 | acc 0.9375
14:17:10  Epoch  330 | train 0.000207 | val 0.369864 | acc 0.9300
14:17:10  Epoch  340 | train 0.000190 | val 0.383418 | acc 0.9350
14:17:10  Epoch  350 | train 0.000203 | val 0.375911 | acc 0.9300
14:17:10  Epoch  360 | train 0.000190 | val 0.378993 | acc 0.9350
14:17:11  Epoch  370 | train 0.000200 | val 0.365139 | acc 0.9325
14:17:11  Epoch  380 | train 0.000195 | val 0.372818 | acc 0.9325
14:17:11  Epoch  390 | train 0.000192 | val 0.382569 | acc 0.9325
14:17:11  Epoch  400 | train 0.000199 | val 0.369974 | acc 0.9350
14:17:12  Epoch  410 | train 0.000193 | val 0.367993 | acc 0.9350
14:17:12  Epoch  420 | train 0.000195 | val 0.372954 | acc 0.9375
14:17:12  Epoch  430 | train 0.000188 | val 0.378788 | acc 0.9350
14:17:12  Epoch  440 | train 0.000204 | val 0.385218 | acc 0.9375
14:17:13  Epoch  450 | train 0.000188 | val 0.360753 | acc 0.9275
14:17:13  Epoch  460 | train 0.000189 | val 0.372087 | acc 0.9325
14:17:13  Epoch  470 | train 0.000190 | val 0.376764 | acc 0.9300
14:17:13  Epoch  480 | train 0.000186 | val 0.374005 | acc 0.9375
14:17:14  Epoch  490 | train 0.000189 | val 0.372464 | acc 0.9400
14:17:14  Epoch  500 | train 0.000191 | val 0.380969 | acc 0.9300
14:17:14  Final val accuracy (finetuned): 0.9300
14:17:14  === Efficiency: original vs fine-tuned ===
14:17:14    Parameters :  567,434  →   447,905   (21.1% reduction)
14:17:14    Model size :  2216.54 KB  →   1749.63 KB
14:17:14    FLOPs      : 1,133,056  →   894,336   (21.1% reduction)
14:17:14    Infer time :    48.61 µs  →     47.46 µs   (2.4% faster)
14:17:14  Saved results to /home/amirabbas-kazeminia/Projects/pruning/outputs/mnist_flat_mlp/3c5109c4/05ec7e62/739126fc/results.json
14:17:14  Saved pruning summary to /home/amirabbas-kazeminia/Projects/pruning/outputs/mnist_flat_mlp/3c5109c4/05ec7e62/739126fc/pruning_summary.png
